Archive member included to satisfy reference by file (symbol)

/home/rob/Data/rob/Projects/ChibiStudio/ChibiStudio_20/tools/GNU Tools ARM Embedded/9.2.1 2019q4/bin/../lib/gcc/arm-none-eabi/9.2.1/../../../../arm-none-eabi/lib/thumb/v7e-m/nofp/libg.a(lib_a-ctype_.o)
                              ./build/obj/chscanf.o (symbol from plugin) (_ctype_)
/home/rob/Data/rob/Projects/ChibiStudio/ChibiStudio_20/tools/GNU Tools ARM Embedded/9.2.1 2019q4/bin/../lib/gcc/arm-none-eabi/9.2.1/../../../../arm-none-eabi/lib/thumb/v7e-m/nofp/libg.a(lib_a-strtol.o)
                              ./build/obj/comm.o (symbol from plugin) (strtol)
/home/rob/Data/rob/Projects/ChibiStudio/ChibiStudio_20/tools/GNU Tools ARM Embedded/9.2.1 2019q4/bin/../lib/gcc/arm-none-eabi/9.2.1/../../../../arm-none-eabi/lib/thumb/v7e-m/nofp/libg.a(lib_a-impure.o)
                              /home/rob/Data/rob/Projects/ChibiStudio/ChibiStudio_20/tools/GNU Tools ARM Embedded/9.2.1 2019q4/bin/../lib/gcc/arm-none-eabi/9.2.1/../../../../arm-none-eabi/lib/thumb/v7e-m/nofp/libg.a(lib_a-strtol.o) (_impure_ptr)
/home/rob/Data/rob/Projects/ChibiStudio/ChibiStudio_20/tools/GNU Tools ARM Embedded/9.2.1 2019q4/bin/../lib/gcc/arm-none-eabi/9.2.1/../../../../arm-none-eabi/lib/thumb/v7e-m/nofp/libg.a(lib_a-memcpy.o)
                              /tmp/ch.elf.8mV8IL.ltrans0.ltrans.o (memcpy)
/home/rob/Data/rob/Projects/ChibiStudio/ChibiStudio_20/tools/GNU Tools ARM Embedded/9.2.1 2019q4/bin/../lib/gcc/arm-none-eabi/9.2.1/../../../../arm-none-eabi/lib/thumb/v7e-m/nofp/libg.a(lib_a-memset.o)
                              /tmp/ch.elf.8mV8IL.ltrans0.ltrans.o (memset)
/home/rob/Data/rob/Projects/ChibiStudio/ChibiStudio_20/tools/GNU Tools ARM Embedded/9.2.1 2019q4/bin/../lib/gcc/arm-none-eabi/9.2.1/../../../../arm-none-eabi/lib/thumb/v7e-m/nofp/libg.a(lib_a-strchr.o)
                              /tmp/ch.elf.8mV8IL.ltrans0.ltrans.o (strchr)
/home/rob/Data/rob/Projects/ChibiStudio/ChibiStudio_20/tools/GNU Tools ARM Embedded/9.2.1 2019q4/bin/../lib/gcc/arm-none-eabi/9.2.1/../../../../arm-none-eabi/lib/thumb/v7e-m/nofp/libg.a(lib_a-strcmp.o)
                              /tmp/ch.elf.8mV8IL.ltrans0.ltrans.o (strcmp)
/home/rob/Data/rob/Projects/ChibiStudio/ChibiStudio_20/tools/GNU Tools ARM Embedded/9.2.1 2019q4/bin/../lib/gcc/arm-none-eabi/9.2.1/../../../../arm-none-eabi/lib/thumb/v7e-m/nofp/libg.a(lib_a-strlen.o)
                              /tmp/ch.elf.8mV8IL.ltrans0.ltrans.o (strlen)
/home/rob/Data/rob/Projects/ChibiStudio/ChibiStudio_20/tools/GNU Tools ARM Embedded/9.2.1 2019q4/bin/../lib/gcc/arm-none-eabi/9.2.1/../../../../arm-none-eabi/lib/thumb/v7e-m/nofp/libg.a(lib_a-strpbrk.o)
                              /tmp/ch.elf.8mV8IL.ltrans0.ltrans.o (strpbrk)
/home/rob/Data/rob/Projects/ChibiStudio/ChibiStudio_20/tools/GNU Tools ARM Embedded/9.2.1 2019q4/bin/../lib/gcc/arm-none-eabi/9.2.1/../../../../arm-none-eabi/lib/thumb/v7e-m/nofp/libg.a(lib_a-strspn.o)
                              /tmp/ch.elf.8mV8IL.ltrans0.ltrans.o (strspn)
/home/rob/Data/rob/Projects/ChibiStudio/ChibiStudio_20/tools/GNU Tools ARM Embedded/9.2.1 2019q4/bin/../lib/gcc/arm-none-eabi/9.2.1/../../../../arm-none-eabi/lib/thumb/v7e-m/nofp/libg.a(lib_a-strstr.o)
                              /tmp/ch.elf.8mV8IL.ltrans0.ltrans.o (strstr)
/home/rob/Data/rob/Projects/ChibiStudio/ChibiStudio_20/tools/GNU Tools ARM Embedded/9.2.1 2019q4/bin/../lib/gcc/arm-none-eabi/9.2.1/../../../../arm-none-eabi/lib/thumb/v7e-m/nofp/libg.a(lib_a-memcmp.o)
                              /home/rob/Data/rob/Projects/ChibiStudio/ChibiStudio_20/tools/GNU Tools ARM Embedded/9.2.1 2019q4/bin/../lib/gcc/arm-none-eabi/9.2.1/../../../../arm-none-eabi/lib/thumb/v7e-m/nofp/libg.a(lib_a-strstr.o) (memcmp)
/home/rob/Data/rob/Projects/ChibiStudio/ChibiStudio_20/tools/GNU Tools ARM Embedded/9.2.1 2019q4/bin/../lib/gcc/arm-none-eabi/9.2.1/../../../../arm-none-eabi/lib/thumb/v7e-m/nofp/libg.a(lib_a-strnlen.o)
                              /home/rob/Data/rob/Projects/ChibiStudio/ChibiStudio_20/tools/GNU Tools ARM Embedded/9.2.1 2019q4/bin/../lib/gcc/arm-none-eabi/9.2.1/../../../../arm-none-eabi/lib/thumb/v7e-m/nofp/libg.a(lib_a-strstr.o) (strnlen)

Discarded input sections

 .data          0x0000000000000000        0x0 ./build/obj/crt0_v7m.o
 .bss           0x0000000000000000        0x0 ./build/obj/crt0_v7m.o
 .data          0x0000000000000000        0x0 ./build/obj/vectors.o
 .bss           0x0000000000000000        0x0 ./build/obj/vectors.o
 .data          0x0000000000000000        0x0 ./build/obj/chcoreasm_v7m.o
 .bss           0x0000000000000000        0x0 ./build/obj/chcoreasm_v7m.o
 .text          0x0000000000000000        0x0 /tmp/ch.elf.8mV8IL.ltrans0.ltrans.o
 .data          0x0000000000000000        0x0 /tmp/ch.elf.8mV8IL.ltrans0.ltrans.o
 .bss           0x0000000000000000        0x0 /tmp/ch.elf.8mV8IL.ltrans0.ltrans.o
 .comment       0x0000000000000000       0x7a /tmp/ccWMgzeK.debug.temp.o
[...]
Memory Configuration

Name             Origin             Length             Attributes
flash0           0x0000000008000000 0x0000000000040000 xr
flash1           0x0000000000000000 0x0000000000000000 xr
flash2           0x0000000000000000 0x0000000000000000 xr
flash3           0x0000000000000000 0x0000000000000000 xr
flash4           0x0000000000000000 0x0000000000000000 xr
flash5           0x0000000000000000 0x0000000000000000 xr
flash6           0x0000000000000000 0x0000000000000000 xr
flash7           0x0000000000000000 0x0000000000000000 xr
ram0             0x0000000020000000 0x0000000000010000 xw
ram1             0x0000000000000000 0x0000000000000000 xw
ram2             0x0000000000000000 0x0000000000000000 xw
ram3             0x0000000000000000 0x0000000000000000 xw
ram4             0x0000000000000000 0x0000000000000000 xw
ram5             0x0000000000000000 0x0000000000000000 xw
ram6             0x0000000000000000 0x0000000000000000 xw
ram7             0x0000000000000000 0x0000000000000000 xw
*default*        0x0000000000000000 0xffffffffffffffff

Linker script and memory map

LOAD ./build/obj/crt0_v7m.o
LOAD ./build/obj/vectors.o
LOAD ./build/obj/chcoreasm_v7m.o
LOAD /tmp/ch.elf.8mV8IL.ltrans0.ltrans.o
LOAD /tmp/ccWMgzeK.debug.temp.o
LOAD /tmp/ccKSOj4J.debug.temp.o
LOAD /tmp/ccauX60J.debug.temp.o
LOAD /tmp/ccheqaEL.debug.temp.o
LOAD /tmp/ccibHdSM.debug.temp.o
LOAD /tmp/ccCmBCCK.debug.temp.o
LOAD /tmp/ccWf6t1K.debug.temp.o
LOAD /tmp/ccI23BIL.debug.temp.o
LOAD /tmp/ccwdVEUK.debug.temp.o
LOAD /tmp/ccxBanaN.debug.temp.o
LOAD /tmp/ccp86qeM.debug.temp.o
LOAD /tmp/ccDSV8AJ.debug.temp.o
LOAD /tmp/cckzjQtN.debug.temp.o
LOAD /tmp/cc6giaZM.debug.temp.o
LOAD /tmp/cc0fkYRL.debug.temp.o
LOAD /tmp/ccXl0gML.debug.temp.o
LOAD /tmp/ccrulDSK.debug.temp.o
LOAD /tmp/cccDrC6L.debug.temp.o
LOAD /tmp/ccdMyHBN.debug.temp.o
LOAD /tmp/ccIJtd6K.debug.temp.o
LOAD /tmp/cczYZdnL.debug.temp.o
LOAD /tmp/ccnUtOjL.debug.temp.o
LOAD /tmp/cc3zZRxJ.debug.temp.o
LOAD /tmp/cc9QiyjK.debug.temp.o
LOAD /tmp/cc6lmHVJ.debug.temp.o
LOAD /tmp/ccxqPjhK.debug.temp.o
LOAD /tmp/ccBKa2yJ.debug.temp.o
LOAD /tmp/ccuvgKKK.debug.temp.o
LOAD /tmp/ccVjHr7K.debug.temp.o
LOAD /tmp/ccgBuxiN.debug.temp.o
LOAD /tmp/cc4vZheL.debug.temp.o
LOAD /tmp/cciaKhFN.debug.temp.o
LOAD /tmp/cckihEwL.debug.temp.o
LOAD /tmp/cc2m0lfN.debug.temp.o
LOAD /tmp/cc3qT6XJ.debug.temp.o
LOAD /tmp/ccyZIwvL.debug.temp.o
LOAD /tmp/ccu82wzK.debug.temp.o
LOAD /tmp/ccPVPo9J.debug.temp.o
LOAD /tmp/cctdBggK.debug.temp.o
LOAD /tmp/cctZfHgL.debug.temp.o
LOAD /tmp/ccJrH4XJ.debug.temp.o
LOAD /tmp/ccDJQADL.debug.temp.o
LOAD /tmp/ccLKPzDL.debug.temp.o
LOAD /tmp/ccD9HPmJ.debug.temp.o
LOAD /tmp/ccfOm3SK.debug.temp.o
LOAD /tmp/ccGB6odL.debug.temp.o
LOAD /tmp/ccobppEN.debug.temp.o
LOAD /tmp/ccthwYrN.debug.temp.o
LOAD /tmp/ccLShTTM.debug.temp.o
LOAD /tmp/cc5EMrOK.debug.temp.o
LOAD /tmp/ccROo7kK.debug.temp.o
LOAD /tmp/cc0GwrBL.debug.temp.o
LOAD /tmp/cc7wS5RK.debug.temp.o
LOAD /tmp/ccN1KEEN.debug.temp.o
LOAD /tmp/ccpbOXgL.debug.temp.o
LOAD /tmp/cchnfD2L.debug.temp.o
LOAD /tmp/ccNIdB8J.debug.temp.o
LOAD /tmp/ccNi9ccN.debug.temp.o
LOAD /tmp/ccfYTKlJ.debug.temp.o
LOAD /tmp/ccXopyuN.debug.temp.o
LOAD /tmp/cc9V1iEM.debug.temp.o
LOAD /tmp/ccIzsg4J.debug.temp.o
LOAD /tmp/ccnkhSmL.debug.temp.o
LOAD /tmp/ccXBMRgN.debug.temp.o
LOAD /tmp/ccLylWzK.debug.temp.o

.mstack         0x0000000020000000      0x400
                0x0000000020000000                . = ALIGN (0x8)
                0x0000000020000000                __main_stack_base__ = .
                0x0000000020000400                . = (. + __main_stack_size__)
 *fill*         0x0000000020000000      0x400 
                0x0000000020000400                . = ALIGN (0x8)
                0x0000000020000400                __main_stack_end__ = .

.pstack         0x0000000020000400      0x400
                0x0000000020000400                . = ALIGN (0x8)
                0x0000000020000400                __process_stack_base__ = .
                0x0000000020000400                __main_thread_stack_base__ = .
                0x0000000020000800                . = (. + __process_stack_size__)
 *fill*         0x0000000020000400      0x400 
                0x0000000020000800                . = ALIGN (0x8)
                0x0000000020000800                __process_stack_end__ = .
                0x0000000020000800                __main_thread_stack_end__ = .

.vectors        0x0000000008000000      0x1e0
 *(.vectors)
 .vectors       0x0000000008000000      0x1e0 ./build/obj/vectors.o
                0x0000000008000000                _vectors

.xtors          0x00000000080001e0        0x0
                0x00000000080001e0                __init_array_base__ = .
 *(SORT_BY_NAME(.init_array.*))
 *(.init_array)
                0x00000000080001e0                __init_array_end__ = .
                0x00000000080001e0                __fini_array_base__ = .
 *(.fini_array)
 *(SORT_BY_NAME(.fini_array.*))
                0x00000000080001e0                __fini_array_end__ = .

.text           0x0000000008000200     0x9110
                0x0000000008000200                __text_base__ = .
 *(.text)
 .text          0x0000000008000200       0xd8 ./build/obj/crt0_v7m.o
                0x0000000008000200                _crt0_entry
 .text          0x00000000080002d8        0x8 ./build/obj/vectors.o
                0x00000000080002d8                Reset_Handler
                0x00000000080002da                Vector58
                0x00000000080002da                VectorE8
                0x00000000080002da                Vector9C
                0x00000000080002da                VectorAC
                0x00000000080002da                DebugMon_Handler
                0x00000000080002da                Vector1A0
                0x00000000080002da                Vector5C
                0x00000000080002da                Vector11C
                0x00000000080002da                HardFault_Handler
                0x00000000080002da                Vector1B8
                0x00000000080002da                Vector19C
                0x00000000080002da                Vector8C
                0x00000000080002da                SysTick_Handler
                0x00000000080002da                VectorDC
                0x00000000080002da                PendSV_Handler
                0x00000000080002da                Vector168
                0x00000000080002da                NMI_Handler
                0x00000000080002da                Vector110
                0x00000000080002da                Vector1D8
                0x00000000080002da                VectorC8
                0x00000000080002da                Vector94
                0x00000000080002da                VectorA8
                0x00000000080002da                VectorB4
                0x00000000080002da                Vector160
                0x00000000080002da                Vector1B0
                0x00000000080002da                UsageFault_Handler
                0x00000000080002da                VectorEC
                0x00000000080002da                Vector40
                0x00000000080002da                VectorF8
                0x00000000080002da                Vector190
                0x00000000080002da                Vector1C4
                0x00000000080002da                Vector1CC
                0x00000000080002da                Vector148
                0x00000000080002da                Vector188
                0x00000000080002da                Vector198
                0x00000000080002da                Vector118
                0x00000000080002da                Vector64
                0x00000000080002da                VectorCC
                0x00000000080002da                Vector54
                0x00000000080002da                Vector98
                0x00000000080002da                Vector138
                0x00000000080002da                Vector24
                0x00000000080002da                Vector1AC
                0x00000000080002da                Vector178
                0x00000000080002da                SecureFault_Handler
                0x00000000080002da                Vector1A4
                0x00000000080002da                VectorD0
                0x00000000080002da                Vector1B4
                0x00000000080002da                Vector140
                0x00000000080002da                VectorE4
                0x00000000080002da                Vector1C0
                0x00000000080002da                Vector134
                0x00000000080002da                Vector1D0
                0x00000000080002da                VectorF0
                0x00000000080002da                Vector13C
                0x00000000080002da                Vector100
                0x00000000080002da                VectorE0
                0x00000000080002da                VectorF4
                0x00000000080002da                MemManage_Handler
                0x00000000080002da                VectorA0
                0x00000000080002da                VectorC4
                0x00000000080002da                Vector180
                0x00000000080002da                Vector90
                0x00000000080002da                Vector114
                0x00000000080002da                Vector164
                0x00000000080002da                Vector60
                0x00000000080002da                Vector1BC
                0x00000000080002da                Vector1D4
                0x00000000080002da                Vector17C
                0x00000000080002da                Vector48
                0x00000000080002da                Vector1A8
                0x00000000080002da                Vector16C
                0x00000000080002da                Vector4C
                0x00000000080002da                Vector144
                0x00000000080002da                Vector68
                0x00000000080002da                Vector170
                0x00000000080002da                Vector88
                0x00000000080002da                Vector104
                0x00000000080002da                Vector184
                0x00000000080002da                Vector10C
                0x00000000080002da                BusFault_Handler
                0x00000000080002da                Vector50
                0x00000000080002da                Vector1C8
                0x00000000080002da                Vector194
                0x00000000080002da                Vector1DC
                0x00000000080002da                Vector44
                0x00000000080002da                Vector28
                0x00000000080002da                VectorB8
                0x00000000080002da                Vector34
                0x00000000080002da                VectorA4
                0x00000000080002da                Vector20
                0x00000000080002da                Vector18C
                0x00000000080002da                Vector174
                0x00000000080002de                _unhandled_exception
 .text          0x00000000080002e0       0x2a ./build/obj/chcoreasm_v7m.o
                0x00000000080002e0                _port_switch
                0x00000000080002f0                _port_thread_start
                0x0000000008000302                _port_switch_from_isr
                0x0000000008000306                _port_exit_from_isr
 *fill*         0x000000000800030a        0x2 
 .text          0x000000000800030c      0x134 /home/rob/Data/rob/Projects/ChibiStudio/ChibiStudio_20/tools/GNU Tools ARM Embedded/9.2.1 2019q4/bin/../lib/gcc/arm-none-eabi/9.2.1/../../../../arm-none-eabi/lib/thumb/v7e-m/nofp/libg.a(lib_a-memcpy.o)
                0x000000000800030c                memcpy
 .text          0x0000000008000440      0x2dc /home/rob/Data/rob/Projects/ChibiStudio/ChibiStudio_20/tools/GNU Tools ARM Embedded/9.2.1 2019q4/bin/../lib/gcc/arm-none-eabi/9.2.1/../../../../arm-none-eabi/lib/thumb/v7e-m/nofp/libg.a(lib_a-strcmp.o)
                0x0000000008000448                strcmp
 *fill*         0x000000000800071c       0x24 
 .text          0x0000000008000740       0xdc /home/rob/Data/rob/Projects/ChibiStudio/ChibiStudio_20/tools/GNU Tools ARM Embedded/9.2.1 2019q4/bin/../lib/gcc/arm-none-eabi/9.2.1/../../../../arm-none-eabi/lib/thumb/v7e-m/nofp/libg.a(lib_a-strlen.o)
                0x0000000008000740                strlen
 *(.text.*)
 *fill*         0x000000000800081c        0x4 
 .text.sdObjectInit.constprop.0
                0x0000000008000820       0x58 /tmp/ch.elf.8mV8IL.ltrans0.ltrans.o
 *fill*         0x0000000008000878        0x8 
 .text.dmaStreamAllocI.part.0.constprop.0
                0x0000000008000880       0xcc /tmp/ch.elf.8mV8IL.ltrans0.ltrans.o
 *fill*         0x000000000800094c        0x4 
 .text.otg_txfifo_handler.constprop.0
                0x0000000008000950       0x90 /tmp/ch.elf.8mV8IL.ltrans0.ltrans.o
 .text.chCoreAllocFromTop
                0x00000000080009e0       0x3c /tmp/ch.elf.8mV8IL.ltrans0.ltrans.o
 *fill*         0x0000000008000a1c        0x4 
 .text.notify1  0x0000000008000a20       0x10 /tmp/ch.elf.8mV8IL.ltrans0.ltrans.o
 .text.notify2  0x0000000008000a30       0x10 /tmp/ch.elf.8mV8IL.ltrans0.ltrans.o
 .text.notify6  0x0000000008000a40       0x10 /tmp/ch.elf.8mV8IL.ltrans0.ltrans.o
 .text.select_chip
                0x0000000008000a50      0x1f8 /tmp/ch.elf.8mV8IL.ltrans0.ltrans.o
 *fill*         0x0000000008000c48        0x8 
 .text.gptcb    0x0000000008000c50       0x18 /tmp/ch.elf.8mV8IL.ltrans0.ltrans.o
 *fill*         0x0000000008000c68        0x8 
 .text.requests_hook
                0x0000000008000c70       0x5c /tmp/ch.elf.8mV8IL.ltrans0.ltrans.o
 *fill*         0x0000000008000ccc        0x4 
 .text.get_descriptor
                0x0000000008000cd0       0x34 /tmp/ch.elf.8mV8IL.ltrans0.ltrans.o
 *fill*         0x0000000008000d04        0xc 
 .text.sym_to_val
                0x0000000008000d10       0x58 /tmp/ch.elf.8mV8IL.ltrans0.ltrans.o
 *fill*         0x0000000008000d68        0x8 
 .text._port_irq_epilogue
                0x0000000008000d70       0x4c /tmp/ch.elf.8mV8IL.ltrans0.ltrans.o
 *fill*         0x0000000008000dbc        0x4 
 .text.chCoreAllocAlignedI
                0x0000000008000dc0       0x28 /tmp/ch.elf.8mV8IL.ltrans0.ltrans.o
 *fill*         0x0000000008000de8        0x8 
 .text.chTMStopMeasurementX
                0x0000000008000df0       0x44 /tmp/ch.elf.8mV8IL.ltrans0.ltrans.o
 *fill*         0x0000000008000e34        0xc 
 .text.chTMStartMeasurementX
                0x0000000008000e40        0xc /tmp/ch.elf.8mV8IL.ltrans0.ltrans.o
 *fill*         0x0000000008000e4c        0x4 
 .text.chThdCreateSuspendedI
                0x0000000008000e50       0x78 /tmp/ch.elf.8mV8IL.ltrans0.ltrans.o
 *fill*         0x0000000008000ec8        0x8 
 .text.wakeup   0x0000000008000ed0       0x6c /tmp/ch.elf.8mV8IL.ltrans0.ltrans.o
 *fill*         0x0000000008000f3c        0x4 
 .text.chSchReadyI
                0x0000000008000f40       0x24 /tmp/ch.elf.8mV8IL.ltrans0.ltrans.o
 *fill*         0x0000000008000f64        0xc 
 .text.chThdDequeueAllI.constprop.0
                0x0000000008000f70       0x24 /tmp/ch.elf.8mV8IL.ltrans0.ltrans.o
 *fill*         0x0000000008000f94        0xc 
 .text.chThdDequeueNextI.constprop.0
                0x0000000008000fa0       0x18 /tmp/ch.elf.8mV8IL.ltrans0.ltrans.o
 *fill*         0x0000000008000fb8        0x8 
 .text.chEvtBroadcastFlagsI
                0x0000000008000fc0       0x58 /tmp/ch.elf.8mV8IL.ltrans0.ltrans.o
 *fill*         0x0000000008001018        0x8 
 .text.chSysPolledDelayX
                0x0000000008001020       0x14 /tmp/ch.elf.8mV8IL.ltrans0.ltrans.o
 *fill*         0x0000000008001034        0xc 
 .text._idle_thread
                0x0000000008001040        0x4 /tmp/ch.elf.8mV8IL.ltrans0.ltrans.o
 *fill*         0x0000000008001044        0xc 
 .text.serve_interrupt
                0x0000000008001050      0x18c /tmp/ch.elf.8mV8IL.ltrans0.ltrans.o
 *fill*         0x00000000080011dc        0x4 
 .text.spi_lld_serve_tx_interrupt
                0x00000000080011e0       0x1c /tmp/ch.elf.8mV8IL.ltrans0.ltrans.o
 *fill*         0x00000000080011fc        0x4 
 .text.spi_lld_serve_rx_interrupt
                0x0000000008001200       0xcc /tmp/ch.elf.8mV8IL.ltrans0.ltrans.o
 *fill*         0x00000000080012cc        0x4 
 .text.usb_lld_start_in
                0x00000000080012d0       0xa0 /tmp/ch.elf.8mV8IL.ltrans0.ltrans.o
 .text.otg_epin_handler.constprop.0
                0x0000000008001370       0x88 /tmp/ch.elf.8mV8IL.ltrans0.ltrans.o
 *fill*         0x00000000080013f8        0x8 
 .text.usb_lld_start_out
                0x0000000008001400       0x80 /tmp/ch.elf.8mV8IL.ltrans0.ltrans.o
 .text.otg_epout_handler.constprop.0
                0x0000000008001480       0x9c /tmp/ch.elf.8mV8IL.ltrans0.ltrans.o
 *fill*         0x000000000800151c        0x4 
 .text._pal_lld_setgroupmode
                0x0000000008001520       0xd0 /tmp/ch.elf.8mV8IL.ltrans0.ltrans.o
 .text._usb_ep0out
                0x00000000080015f0       0x94 /tmp/ch.elf.8mV8IL.ltrans0.ltrans.o
 *fill*         0x0000000008001684        0xc 
 .text._usb_ep0in
                0x0000000008001690       0xd8 /tmp/ch.elf.8mV8IL.ltrans0.ltrans.o
 *fill*         0x0000000008001768        0x8 
 .text.usbStartTransmitI
                0x0000000008001770       0x28 /tmp/ch.elf.8mV8IL.ltrans0.ltrans.o
 *fill*         0x0000000008001798        0x8 
 .text.usbDisableEndpointsI
                0x00000000080017a0       0x70 /tmp/ch.elf.8mV8IL.ltrans0.ltrans.o
 .text.sduInterruptTransmitted
                0x0000000008001810        0x4 /tmp/ch.elf.8mV8IL.ltrans0.ltrans.o
 *fill*         0x0000000008001814        0xc 
 .text._ctl.lto_priv.0
                0x0000000008001820        0x4 /tmp/ch.elf.8mV8IL.ltrans0.ltrans.o
 *fill*         0x0000000008001824        0xc 
 .text._ctl     0x0000000008001830        0x4 /tmp/ch.elf.8mV8IL.ltrans0.ltrans.o
 *fill*         0x0000000008001834        0xc 
 .text.sdu_start_receive
                0x0000000008001840       0x60 /tmp/ch.elf.8mV8IL.ltrans0.ltrans.o
 .text.ibnotify
                0x00000000080018a0        0x8 /tmp/ch.elf.8mV8IL.ltrans0.ltrans.o
 *fill*         0x00000000080018a8        0x8 
 .text.sduDataReceived
                0x00000000080018b0       0x64 /tmp/ch.elf.8mV8IL.ltrans0.ltrans.o
 *fill*         0x0000000008001914        0xc 
 .text.obqGetFullBufferI
                0x0000000008001920       0x1c /tmp/ch.elf.8mV8IL.ltrans0.ltrans.o
 *fill*         0x000000000800193c        0x4 
 .text.obnotify
                0x0000000008001940       0x44 /tmp/ch.elf.8mV8IL.ltrans0.ltrans.o
 *fill*         0x0000000008001984        0xc 
 .text.sof_handler
                0x0000000008001990       0x8c /tmp/ch.elf.8mV8IL.ltrans0.ltrans.o
 *fill*         0x0000000008001a1c        0x4 
 .text.sduDataTransmitted
                0x0000000008001a20       0xa8 /tmp/ch.elf.8mV8IL.ltrans0.ltrans.o
 *fill*         0x0000000008001ac8        0x8 
 .text.chSchWakeupS.constprop.0
                0x0000000008001ad0       0x58 /tmp/ch.elf.8mV8IL.ltrans0.ltrans.o
 *fill*         0x0000000008001b28        0x8 
 .text.chSchGoSleepS
                0x0000000008001b30       0x28 /tmp/ch.elf.8mV8IL.ltrans0.ltrans.o
 *fill*         0x0000000008001b58        0x8 
 .text.chSchGoSleepTimeoutS
                0x0000000008001b60      0x110 /tmp/ch.elf.8mV8IL.ltrans0.ltrans.o
 .text.chThdEnqueueTimeoutS
                0x0000000008001c70       0x28 /tmp/ch.elf.8mV8IL.ltrans0.ltrans.o
 *fill*         0x0000000008001c98        0x8 
 .text.oqPutTimeout
                0x0000000008001ca0       0x50 /tmp/ch.elf.8mV8IL.ltrans0.ltrans.o
 .text._putt.lto_priv.0
                0x0000000008001cf0        0x8 /tmp/ch.elf.8mV8IL.ltrans0.ltrans.o
 *fill*         0x0000000008001cf8        0x8 
 .text._put.lto_priv.0
                0x0000000008001d00        0xc /tmp/ch.elf.8mV8IL.ltrans0.ltrans.o
 *fill*         0x0000000008001d0c        0x4 
 .text.iqGetTimeout
                0x0000000008001d10       0x54 /tmp/ch.elf.8mV8IL.ltrans0.ltrans.o
 *fill*         0x0000000008001d64        0xc 
 .text._gett.lto_priv.0
                0x0000000008001d70        0x8 /tmp/ch.elf.8mV8IL.ltrans0.ltrans.o
 *fill*         0x0000000008001d78        0x8 
 .text._get.lto_priv.0
                0x0000000008001d80        0xc /tmp/ch.elf.8mV8IL.ltrans0.ltrans.o
 *fill*         0x0000000008001d8c        0x4 
 .text.obqGetEmptyBufferTimeoutS
                0x0000000008001d90       0x34 /tmp/ch.elf.8mV8IL.ltrans0.ltrans.o
 *fill*         0x0000000008001dc4        0xc 
 .text.obqPutTimeout
                0x0000000008001dd0       0x64 /tmp/ch.elf.8mV8IL.ltrans0.ltrans.o
 *fill*         0x0000000008001e34        0xc 
 .text._putt.lto_priv.1
                0x0000000008001e40        0x8 /tmp/ch.elf.8mV8IL.ltrans0.ltrans.o
 *fill*         0x0000000008001e48        0x8 
 .text._put.lto_priv.1
                0x0000000008001e50        0xc /tmp/ch.elf.8mV8IL.ltrans0.ltrans.o
 *fill*         0x0000000008001e5c        0x4 
 .text.ibqGetFullBufferTimeoutS
                0x0000000008001e60       0x34 /tmp/ch.elf.8mV8IL.ltrans0.ltrans.o
 *fill*         0x0000000008001e94        0xc 
 .text.ibqGetTimeout
                0x0000000008001ea0       0x5c /tmp/ch.elf.8mV8IL.ltrans0.ltrans.o
 *fill*         0x0000000008001efc        0x4 
 .text._gett.lto_priv.1
                0x0000000008001f00        0x8 /tmp/ch.elf.8mV8IL.ltrans0.ltrans.o
 *fill*         0x0000000008001f08        0x8 
 .text._get.lto_priv.1
                0x0000000008001f10        0xc /tmp/ch.elf.8mV8IL.ltrans0.ltrans.o
 *fill*         0x0000000008001f1c        0x4 
 .text.chThdSleep
                0x0000000008001f20       0x18 /tmp/ch.elf.8mV8IL.ltrans0.ltrans.o
 *fill*         0x0000000008001f38        0x8 
 .text.read_byte
                0x0000000008001f40       0xcc /tmp/ch.elf.8mV8IL.ltrans0.ltrans.o
 *fill*         0x000000000800200c        0x4 
 .text.spiSend.constprop.0
                0x0000000008002010       0x60 /tmp/ch.elf.8mV8IL.ltrans0.ltrans.o
 .text.write_byte
                0x0000000008002070       0x64 /tmp/ch.elf.8mV8IL.ltrans0.ltrans.o
 *fill*         0x00000000080020d4        0xc 
 .text.chMtxLockS
                0x00000000080020e0       0xc0 /tmp/ch.elf.8mV8IL.ltrans0.ltrans.o
 .text.chThdExitS
                0x00000000080021a0       0x48 /tmp/ch.elf.8mV8IL.ltrans0.ltrans.o
 *fill*         0x00000000080021e8        0x8 
 .text.chscanf.constprop.0
                0x00000000080021f0      0x580 /tmp/ch.elf.8mV8IL.ltrans0.ltrans.o
 .text.chprintf
                0x0000000008002770      0x4ac /tmp/ch.elf.8mV8IL.ltrans0.ltrans.o
 *fill*         0x0000000008002c1c        0x4 
 .text.check_BUS
                0x0000000008002c20       0xa0 /tmp/ch.elf.8mV8IL.ltrans0.ltrans.o
 .text.read_single_byte.constprop.0
                0x0000000008002cc0       0x3c /tmp/ch.elf.8mV8IL.ltrans0.ltrans.o
 *fill*         0x0000000008002cfc        0x4 
 .text.write_block.constprop.0
                0x0000000008002d00       0x74 /tmp/ch.elf.8mV8IL.ltrans0.ltrans.o
 *fill*         0x0000000008002d74        0xc 
 .text.read_block.constprop.0
                0x0000000008002d80       0x58 /tmp/ch.elf.8mV8IL.ltrans0.ltrans.o
 *fill*         0x0000000008002dd8        0x8 
 .text.CharacterInputThread
                0x0000000008002de0     0x2d88 /tmp/ch.elf.8mV8IL.ltrans0.ltrans.o
 *fill*         0x0000000008005b68        0x8 
 .text.cmd_wc   0x0000000008005b70       0x3c /tmp/ch.elf.8mV8IL.ltrans0.ltrans.o
 *fill*         0x0000000008005bac        0x4 
 .text.cmd_echo
                0x0000000008005bb0       0x20 /tmp/ch.elf.8mV8IL.ltrans0.ltrans.o
 .text.cmd_test
                0x0000000008005bd0       0x60 /tmp/ch.elf.8mV8IL.ltrans0.ltrans.o
 .text.cmd_wb   0x0000000008005c30       0x94 /tmp/ch.elf.8mV8IL.ltrans0.ltrans.o
 *fill*         0x0000000008005cc4        0xc 
 .text.cmd_rb   0x0000000008005cd0       0x4c /tmp/ch.elf.8mV8IL.ltrans0.ltrans.o
 *fill*         0x0000000008005d1c        0x4 
 .text.cmd_fill
                0x0000000008005d20       0xa0 /tmp/ch.elf.8mV8IL.ltrans0.ltrans.o
 .text.cmd_spi  0x0000000008005dc0       0x30 /tmp/ch.elf.8mV8IL.ltrans0.ltrans.o
 .text.cmd_br   0x0000000008005df0      0x150 /tmp/ch.elf.8mV8IL.ltrans0.ltrans.o
 .text.usbInitEndpointI
                0x0000000008005f40      0x174 /tmp/ch.elf.8mV8IL.ltrans0.ltrans.o
 *fill*         0x00000000080060b4        0xc 
 .text.usb_event
                0x00000000080060c0       0xf4 /tmp/ch.elf.8mV8IL.ltrans0.ltrans.o
 *fill*         0x00000000080061b4        0xc 
 .text.get_history
                0x00000000080061c0       0xf4 /tmp/ch.elf.8mV8IL.ltrans0.ltrans.o
 *fill*         0x00000000080062b4        0xc 
 .text._usb_ep0setup
                0x00000000080062c0      0x39c /tmp/ch.elf.8mV8IL.ltrans0.ltrans.o
 *fill*         0x000000000800665c        0x4 
 .text.oqWriteTimeout
                0x0000000008006660       0xd4 /tmp/ch.elf.8mV8IL.ltrans0.ltrans.o
 *fill*         0x0000000008006734        0xc 
 .text._writet.lto_priv.0
                0x0000000008006740        0x8 /tmp/ch.elf.8mV8IL.ltrans0.ltrans.o
 *fill*         0x0000000008006748        0x8 
 .text._write.lto_priv.0
                0x0000000008006750        0xc /tmp/ch.elf.8mV8IL.ltrans0.ltrans.o
 *fill*         0x000000000800675c        0x4 
 .text.iqReadTimeout
                0x0000000008006760       0xd4 /tmp/ch.elf.8mV8IL.ltrans0.ltrans.o
 *fill*         0x0000000008006834        0xc 
 .text._readt.lto_priv.0
                0x0000000008006840        0x8 /tmp/ch.elf.8mV8IL.ltrans0.ltrans.o
 *fill*         0x0000000008006848        0x8 
 .text._read.lto_priv.0
                0x0000000008006850        0xc /tmp/ch.elf.8mV8IL.ltrans0.ltrans.o
 *fill*         0x000000000800685c        0x4 
 .text.obqWriteTimeout
                0x0000000008006860       0xd8 /tmp/ch.elf.8mV8IL.ltrans0.ltrans.o
 *fill*         0x0000000008006938        0x8 
 .text._writet.lto_priv.1
                0x0000000008006940        0x8 /tmp/ch.elf.8mV8IL.ltrans0.ltrans.o
 *fill*         0x0000000008006948        0x8 
 .text._write.lto_priv.1
                0x0000000008006950        0xc /tmp/ch.elf.8mV8IL.ltrans0.ltrans.o
 *fill*         0x000000000800695c        0x4 
 .text.ibqReadTimeout
                0x0000000008006960       0xcc /tmp/ch.elf.8mV8IL.ltrans0.ltrans.o
 *fill*         0x0000000008006a2c        0x4 
 .text._readt.lto_priv.1
                0x0000000008006a30        0x8 /tmp/ch.elf.8mV8IL.ltrans0.ltrans.o
 *fill*         0x0000000008006a38        0x8 
 .text._read.lto_priv.1
                0x0000000008006a40        0xc /tmp/ch.elf.8mV8IL.ltrans0.ltrans.o
 *fill*         0x0000000008006a4c        0x4 
 .text.parse_arguments
                0x0000000008006a50       0x58 /tmp/ch.elf.8mV8IL.ltrans0.ltrans.o
 *fill*         0x0000000008006aa8        0x8 
 .text.shellThread
                0x0000000008006ab0      0x600 /tmp/ch.elf.8mV8IL.ltrans0.ltrans.o
 .text.SVC_Handler
                0x00000000080070b0       0x14 /tmp/ch.elf.8mV8IL.ltrans0.ltrans.o
                0x00000000080070b0                SVC_Handler
 *fill*         0x00000000080070c4        0xc 
 .text.chThdExit
                0x00000000080070d0        0xc /tmp/ch.elf.8mV8IL.ltrans0.ltrans.o
                0x00000000080070d0                chThdExit
 *fill*         0x00000000080070dc        0x4 
 .text.chSchDoRescheduleAhead
                0x00000000080070e0       0x3c /tmp/ch.elf.8mV8IL.ltrans0.ltrans.o
                0x00000000080070e0                chSchDoReschedule
 *fill*         0x000000000800711c        0x4 
 .text.chMtxUnlock
                0x0000000008007120       0x74 /tmp/ch.elf.8mV8IL.ltrans0.ltrans.o
 *fill*         0x0000000008007194        0xc 
 .text.chThdRelease
                0x00000000080071a0       0xe8 /tmp/ch.elf.8mV8IL.ltrans0.ltrans.o
 *fill*         0x0000000008007288        0x8 
 .text.startup.main
                0x0000000008007290      0xb94 /tmp/ch.elf.8mV8IL.ltrans0.ltrans.o
                0x0000000008007290                main
 *fill*         0x0000000008007e24        0xc 
 .text.__early_init
                0x0000000008007e30      0x1f0 /tmp/ch.elf.8mV8IL.ltrans0.ltrans.o
                0x0000000008007e30                __early_init
 .text.Vector15C
                0x0000000008008020       0x14 /tmp/ch.elf.8mV8IL.ltrans0.ltrans.o
                0x0000000008008020                Vector15C
 *fill*         0x0000000008008034        0xc 
 .text.VectorD8
                0x0000000008008040       0x14 /tmp/ch.elf.8mV8IL.ltrans0.ltrans.o
                0x0000000008008040                VectorD8
 *fill*         0x0000000008008054        0xc 
 .text.VectorD4
                0x0000000008008060       0x14 /tmp/ch.elf.8mV8IL.ltrans0.ltrans.o
                0x0000000008008060                VectorD4
 *fill*         0x0000000008008074        0xc 
 .text.Vector108
                0x0000000008008080       0x50 /tmp/ch.elf.8mV8IL.ltrans0.ltrans.o
                0x0000000008008080                Vector108
 .text.VectorB0
                0x00000000080080d0       0xb8 /tmp/ch.elf.8mV8IL.ltrans0.ltrans.o
                0x00000000080080d0                VectorB0
 *fill*         0x0000000008008188        0x8 
 .text.Vector14C
                0x0000000008008190      0x428 /tmp/ch.elf.8mV8IL.ltrans0.ltrans.o
                0x0000000008008190                Vector14C
 *fill*         0x00000000080085b8        0x8 
 .text.VectorC0
                0x00000000080085c0       0xe8 /tmp/ch.elf.8mV8IL.ltrans0.ltrans.o
                0x00000000080085c0                VectorC0
 *fill*         0x00000000080086a8        0x8 
 .text.VectorBC
                0x00000000080086b0      0x124 /tmp/ch.elf.8mV8IL.ltrans0.ltrans.o
                0x00000000080086b0                VectorBC
 *fill*         0x00000000080087d4        0xc 
 .text.Vector158
                0x00000000080087e0       0x2c /tmp/ch.elf.8mV8IL.ltrans0.ltrans.o
                0x00000000080087e0                Vector158
 *fill*         0x000000000800880c        0x4 
 .text.Vector154
                0x0000000008008810       0x2c /tmp/ch.elf.8mV8IL.ltrans0.ltrans.o
                0x0000000008008810                Vector154
 *fill*         0x000000000800883c        0x4 
 .text.Vector150
                0x0000000008008840       0x2c /tmp/ch.elf.8mV8IL.ltrans0.ltrans.o
                0x0000000008008840                Vector150
 *fill*         0x000000000800886c        0x4 
 .text.Vector130
                0x0000000008008870       0x28 /tmp/ch.elf.8mV8IL.ltrans0.ltrans.o
                0x0000000008008870                Vector130
 *fill*         0x0000000008008898        0x8 
 .text.Vector12C
                0x00000000080088a0       0x2c /tmp/ch.elf.8mV8IL.ltrans0.ltrans.o
                0x00000000080088a0                Vector12C
 *fill*         0x00000000080088cc        0x4 
 .text.Vector128
                0x00000000080088d0       0x2c /tmp/ch.elf.8mV8IL.ltrans0.ltrans.o
                0x00000000080088d0                Vector128
 *fill*         0x00000000080088fc        0x4 
 .text.Vector124
                0x0000000008008900       0x2c /tmp/ch.elf.8mV8IL.ltrans0.ltrans.o
                0x0000000008008900                Vector124
 *fill*         0x000000000800892c        0x4 
 .text.Vector120
                0x0000000008008930       0x28 /tmp/ch.elf.8mV8IL.ltrans0.ltrans.o
                0x0000000008008930                Vector120
 *fill*         0x0000000008008958        0x8 
 .text.VectorFC
                0x0000000008008960       0x2c /tmp/ch.elf.8mV8IL.ltrans0.ltrans.o
                0x0000000008008960                VectorFC
 *fill*         0x000000000800898c        0x4 
 .text.Vector84
                0x0000000008008990       0x2c /tmp/ch.elf.8mV8IL.ltrans0.ltrans.o
                0x0000000008008990                Vector84
 *fill*         0x00000000080089bc        0x4 
 .text.Vector80
                0x00000000080089c0       0x2c /tmp/ch.elf.8mV8IL.ltrans0.ltrans.o
                0x00000000080089c0                Vector80
 *fill*         0x00000000080089ec        0x4 
 .text.Vector7C
                0x00000000080089f0       0x28 /tmp/ch.elf.8mV8IL.ltrans0.ltrans.o
                0x00000000080089f0                Vector7C
 *fill*         0x0000000008008a18        0x8 
 .text.Vector78
                0x0000000008008a20       0x2c /tmp/ch.elf.8mV8IL.ltrans0.ltrans.o
                0x0000000008008a20                Vector78
 *fill*         0x0000000008008a4c        0x4 
 .text.Vector74
                0x0000000008008a50       0x2c /tmp/ch.elf.8mV8IL.ltrans0.ltrans.o
                0x0000000008008a50                Vector74
 *fill*         0x0000000008008a7c        0x4 
 .text.Vector70
                0x0000000008008a80       0x2c /tmp/ch.elf.8mV8IL.ltrans0.ltrans.o
                0x0000000008008a80                Vector70
 *fill*         0x0000000008008aac        0x4 
 .text.Vector6C
                0x0000000008008ab0       0x28 /tmp/ch.elf.8mV8IL.ltrans0.ltrans.o
                0x0000000008008ab0                Vector6C
 *fill*         0x0000000008008ad8        0x8 
 .text.__init_ram_areas
                0x0000000008008ae0       0x68 /tmp/ch.elf.8mV8IL.ltrans0.ltrans.o
                0x0000000008008ae0                __init_ram_areas
 *fill*         0x0000000008008b48        0x8 
 .text.__default_exit
                0x0000000008008b50        0x4 /tmp/ch.elf.8mV8IL.ltrans0.ltrans.o
                0x0000000008008b50                __default_exit
 *fill*         0x0000000008008b54        0xc 
 .text.__late_init
                0x0000000008008b60        0x4 /tmp/ch.elf.8mV8IL.ltrans0.ltrans.o
                0x0000000008008b60                __late_init
 *fill*         0x0000000008008b64        0xc 
 .text.__core_init
                0x0000000008008b70        0x4 /tmp/ch.elf.8mV8IL.ltrans0.ltrans.o
                0x0000000008008b70                __core_init
 .text._strtol_l.isra.0
                0x0000000008008b74      0x10c /home/rob/Data/rob/Projects/ChibiStudio/ChibiStudio_20/tools/GNU Tools ARM Embedded/9.2.1 2019q4/bin/../lib/gcc/arm-none-eabi/9.2.1/../../../../arm-none-eabi/lib/thumb/v7e-m/nofp/libg.a(lib_a-strtol.o)
 .text.strtol   0x0000000008008c80       0x18 /home/rob/Data/rob/Projects/ChibiStudio/ChibiStudio_20/tools/GNU Tools ARM Embedded/9.2.1 2019q4/bin/../lib/gcc/arm-none-eabi/9.2.1/../../../../arm-none-eabi/lib/thumb/v7e-m/nofp/libg.a(lib_a-strtol.o)
                0x0000000008008c80                strtol
 .text.memset   0x0000000008008c98       0xa0 /home/rob/Data/rob/Projects/ChibiStudio/ChibiStudio_20/tools/GNU Tools ARM Embedded/9.2.1 2019q4/bin/../lib/gcc/arm-none-eabi/9.2.1/../../../../arm-none-eabi/lib/thumb/v7e-m/nofp/libg.a(lib_a-memset.o)
                0x0000000008008c98                memset
 .text.strchr   0x0000000008008d38       0xd0 /home/rob/Data/rob/Projects/ChibiStudio/ChibiStudio_20/tools/GNU Tools ARM Embedded/9.2.1 2019q4/bin/../lib/gcc/arm-none-eabi/9.2.1/../../../../arm-none-eabi/lib/thumb/v7e-m/nofp/libg.a(lib_a-strchr.o)
                0x0000000008008d38                strchr
 .text.strpbrk  0x0000000008008e08       0x38 /home/rob/Data/rob/Projects/ChibiStudio/ChibiStudio_20/tools/GNU Tools ARM Embedded/9.2.1 2019q4/bin/../lib/gcc/arm-none-eabi/9.2.1/../../../../arm-none-eabi/lib/thumb/v7e-m/nofp/libg.a(lib_a-strpbrk.o)
                0x0000000008008e08                strpbrk
 .text.strspn   0x0000000008008e40       0x30 /home/rob/Data/rob/Projects/ChibiStudio/ChibiStudio_20/tools/GNU Tools ARM Embedded/9.2.1 2019q4/bin/../lib/gcc/arm-none-eabi/9.2.1/../../../../arm-none-eabi/lib/thumb/v7e-m/nofp/libg.a(lib_a-strspn.o)
                0x0000000008008e40                strspn
 .text.two_way_long_needle
                0x0000000008008e70      0x2b4 /home/rob/Data/rob/Projects/ChibiStudio/ChibiStudio_20/tools/GNU Tools ARM Embedded/9.2.1 2019q4/bin/../lib/gcc/arm-none-eabi/9.2.1/../../../../arm-none-eabi/lib/thumb/v7e-m/nofp/libg.a(lib_a-strstr.o)
 .text.strstr   0x0000000008009124      0x164 /home/rob/Data/rob/Projects/ChibiStudio/ChibiStudio_20/tools/GNU Tools ARM Embedded/9.2.1 2019q4/bin/../lib/gcc/arm-none-eabi/9.2.1/../../../../arm-none-eabi/lib/thumb/v7e-m/nofp/libg.a(lib_a-strstr.o)
                0x0000000008009124                strstr
 .text.memcmp   0x0000000008009288       0x60 /home/rob/Data/rob/Projects/ChibiStudio/ChibiStudio_20/tools/GNU Tools ARM Embedded/9.2.1 2019q4/bin/../lib/gcc/arm-none-eabi/9.2.1/../../../../arm-none-eabi/lib/thumb/v7e-m/nofp/libg.a(lib_a-memcmp.o)
                0x0000000008009288                memcmp
 .text.strnlen  0x00000000080092e8       0x28 /home/rob/Data/rob/Projects/ChibiStudio/ChibiStudio_20/tools/GNU Tools ARM Embedded/9.2.1 2019q4/bin/../lib/gcc/arm-none-eabi/9.2.1/../../../../arm-none-eabi/lib/thumb/v7e-m/nofp/libg.a(lib_a-strnlen.o)
                0x00000000080092e8                strnlen
 *(.glue_7t)
 .glue_7t       0x0000000008009310        0x0 linker stubs
 *(.glue_7)
 .glue_7        0x0000000008009310        0x0 linker stubs
 *(.gcc*)
                0x0000000008009310                __text_end__ = .

.vfp11_veneer   0x0000000008009310        0x0
 .vfp11_veneer  0x0000000008009310        0x0 linker stubs

.v4_bx          0x0000000008009310        0x0
 .v4_bx         0x0000000008009310        0x0 linker stubs

.iplt           0x0000000008009310        0x0
 .iplt          0x0000000008009310        0x0 ./build/obj/crt0_v7m.o

.rodata         0x0000000008009310      0x9fc
                0x0000000008009310                __rodata_base__ = .
 *(.rodata)
 *(.rodata.*)
 .rodata.spi_lld_serve_tx_interrupt.str1.4
                0x0000000008009310        0xc /tmp/ch.elf.8mV8IL.ltrans0.ltrans.o
 .rodata.chscanf.constprop.0.str1.4
                0x000000000800931c        0x5 /tmp/ch.elf.8mV8IL.ltrans0.ltrans.o
 *fill*         0x0000000008009321        0x3 
 .rodata.chprintf.str1.4
                0x0000000008009324        0x7 /tmp/ch.elf.8mV8IL.ltrans0.ltrans.o
 *fill*         0x000000000800932b        0x1 
 .rodata.check_BUS.str1.4
                0x000000000800932c       0x33 /tmp/ch.elf.8mV8IL.ltrans0.ltrans.o
 *fill*         0x000000000800935f        0x1 
 .rodata.CharacterInputThread.str1.4
                0x0000000008009360      0x166 /tmp/ch.elf.8mV8IL.ltrans0.ltrans.o
 *fill*         0x00000000080094c6        0x2 
 .rodata.cmd_wc.str1.4
                0x00000000080094c8       0x2c /tmp/ch.elf.8mV8IL.ltrans0.ltrans.o
 .rodata.cmd_echo.str1.4
                0x00000000080094f4       0x21 /tmp/ch.elf.8mV8IL.ltrans0.ltrans.o
 *fill*         0x0000000008009515        0x3 
 .rodata.cmd_test.str1.4
                0x0000000008009518       0x61 /tmp/ch.elf.8mV8IL.ltrans0.ltrans.o
 *fill*         0x0000000008009579        0x3 
 .rodata.cmd_wb.str1.4
                0x000000000800957c       0x54 /tmp/ch.elf.8mV8IL.ltrans0.ltrans.o
 .rodata.cmd_rb.str1.4
                0x00000000080095d0       0x4b /tmp/ch.elf.8mV8IL.ltrans0.ltrans.o
 *fill*         0x000000000800961b        0x1 
 .rodata.cmd_fill.str1.4
                0x000000000800961c       0x92 /tmp/ch.elf.8mV8IL.ltrans0.ltrans.o
 *fill*         0x00000000080096ae        0x2 
 .rodata.cmd_spi.str1.4
                0x00000000080096b0       0x29 /tmp/ch.elf.8mV8IL.ltrans0.ltrans.o
 *fill*         0x00000000080096d9        0x3 
 .rodata.cmd_br.str1.4
                0x00000000080096dc       0x7c /tmp/ch.elf.8mV8IL.ltrans0.ltrans.o
                                         0x80 (size before relaxing)
 .rodata.parse_arguments.str1.4
                0x0000000008009758        0x3 /tmp/ch.elf.8mV8IL.ltrans0.ltrans.o
 *fill*         0x000000000800975b        0x1 
 .rodata.shellThread.str1.4
                0x000000000800975c       0x7d /tmp/ch.elf.8mV8IL.ltrans0.ltrans.o
 *fill*         0x00000000080097d9        0x3 
 .rodata.main.str1.4
                0x00000000080097dc       0x3f /tmp/ch.elf.8mV8IL.ltrans0.ltrans.o
 *fill*         0x000000000800981b        0x1 
 .rodata.str1.4
                0x000000000800981c       0x29 /tmp/ch.elf.8mV8IL.ltrans0.ltrans.o
 *fill*         0x0000000008009845        0x3 
 .rodata._stm32_dma_streams
                0x0000000008009848       0xc0 /tmp/ch.elf.8mV8IL.ltrans0.ltrans.o
 .rodata.active_status
                0x0000000008009908        0x2 /tmp/ch.elf.8mV8IL.ltrans0.ltrans.o
 *fill*         0x000000000800990a        0x2 
 .rodata.ch_debug
                0x000000000800990c       0x16 /tmp/ch.elf.8mV8IL.ltrans0.ltrans.o
 *fill*         0x0000000008009922        0x2 
 .rodata.commands
                0x0000000008009924       0x40 /tmp/ch.elf.8mV8IL.ltrans0.ltrans.o
 .rodata.dummytx
                0x0000000008009964        0x2 /tmp/ch.elf.8mV8IL.ltrans0.ltrans.o
 *fill*         0x0000000008009966        0x2 
 .rodata.ep0config
                0x0000000008009968       0x24 /tmp/ch.elf.8mV8IL.ltrans0.ltrans.o
 .rodata.ep1config
                0x000000000800998c       0x24 /tmp/ch.elf.8mV8IL.ltrans0.ltrans.o
 .rodata.ep2config
                0x00000000080099b0       0x24 /tmp/ch.elf.8mV8IL.ltrans0.ltrans.o
 .rodata.fsparams
                0x00000000080099d4        0xc /tmp/ch.elf.8mV8IL.ltrans0.ltrans.o
 .rodata.gpt5cfg1
                0x00000000080099e0       0x10 /tmp/ch.elf.8mV8IL.ltrans0.ltrans.o
 .rodata.halted_status
                0x00000000080099f0        0x2 /tmp/ch.elf.8mV8IL.ltrans0.ltrans.o
 *fill*         0x00000000080099f2        0x2 
 .rodata.idle_descriptor.7052
                0x00000000080099f4       0x18 /tmp/ch.elf.8mV8IL.ltrans0.ltrans.o
 .rodata.ram_areas
                0x0000000008009a0c       0x80 /tmp/ch.elf.8mV8IL.ltrans0.ltrans.o
 .rodata.serusbcfg1
                0x0000000008009a8c        0x8 /tmp/ch.elf.8mV8IL.ltrans0.ltrans.o
 .rodata.shell_cfg1
                0x0000000008009a94       0x14 /tmp/ch.elf.8mV8IL.ltrans0.ltrans.o
 .rodata.usbcfg
                0x0000000008009aa8       0x10 /tmp/ch.elf.8mV8IL.ltrans0.ltrans.o
 .rodata.vcom_configuration_descriptor
                0x0000000008009ab8        0x8 /tmp/ch.elf.8mV8IL.ltrans0.ltrans.o
 .rodata.vcom_configuration_descriptor_data
                0x0000000008009ac0       0x4b /tmp/ch.elf.8mV8IL.ltrans0.ltrans.o
 *fill*         0x0000000008009b0b        0x1 
 .rodata.vcom_device_descriptor
                0x0000000008009b0c        0x8 /tmp/ch.elf.8mV8IL.ltrans0.ltrans.o
 .rodata.vcom_device_descriptor_data
                0x0000000008009b14       0x12 /tmp/ch.elf.8mV8IL.ltrans0.ltrans.o
 *fill*         0x0000000008009b26        0x2 
 .rodata.vcom_string0
                0x0000000008009b28        0x4 /tmp/ch.elf.8mV8IL.ltrans0.ltrans.o
 .rodata.vcom_string1
                0x0000000008009b2c       0x26 /tmp/ch.elf.8mV8IL.ltrans0.ltrans.o
 *fill*         0x0000000008009b52        0x2 
 .rodata.vcom_string2
                0x0000000008009b54       0x38 /tmp/ch.elf.8mV8IL.ltrans0.ltrans.o
 .rodata.vcom_string3
                0x0000000008009b8c        0x8 /tmp/ch.elf.8mV8IL.ltrans0.ltrans.o
 .rodata.vcom_strings
                0x0000000008009b94       0x20 /tmp/ch.elf.8mV8IL.ltrans0.ltrans.o
 .rodata.vmt.lto_priv.0
                0x0000000008009bb4       0x28 /tmp/ch.elf.8mV8IL.ltrans0.ltrans.o
 .rodata.vmt.lto_priv.1
                0x0000000008009bdc       0x28 /tmp/ch.elf.8mV8IL.ltrans0.ltrans.o
 .rodata.zero_status
                0x0000000008009c04        0x2 /tmp/ch.elf.8mV8IL.ltrans0.ltrans.o
 *fill*         0x0000000008009c06        0x2 
 .rodata._ctype_
                0x0000000008009c08      0x101 /home/rob/Data/rob/Projects/ChibiStudio/ChibiStudio_20/tools/GNU Tools ARM Embedded/9.2.1 2019q4/bin/../lib/gcc/arm-none-eabi/9.2.1/../../../../arm-none-eabi/lib/thumb/v7e-m/nofp/libg.a(lib_a-ctype_.o)
                0x0000000008009c08                _ctype_
                0x0000000008009d0c                . = ALIGN (0x4)
 *fill*         0x0000000008009d09        0x3 
                0x0000000008009d0c                __rodata_end__ = .

.rel.dyn        0x0000000008009d0c        0x0
 .rel.iplt      0x0000000008009d0c        0x0 ./build/obj/crt0_v7m.o

.ARM.extab
 *(.ARM.extab* .gnu.linkonce.armextab.*)

.ARM.exidx      0x0000000008009d0c        0x0
                0x0000000008009d0c                __exidx_base__ = .
                0x0000000008009d0c                __exidx_start = .
 *(.ARM.exidx* .gnu.linkonce.armexidx.*)
                0x0000000008009d0c                __exidx_end__ = .
                0x0000000008009d0c                __exidx_end = .

.eh_frame_hdr
 *(.eh_frame_hdr)

.eh_frame
 *(.eh_frame)

.data           0x0000000020000800      0x448 load address 0x0000000008009d0c
                [!provide]                        PROVIDE (_textdata = LOADADDR (.data))
                [!provide]                        PROVIDE (_data = .)
                0x0000000008009d0c                __textdata_base__ = LOADADDR (.data)
                0x0000000020000800                __data_base__ = .
 *(.data)
 *(.data.*)
 .data.linecoding
                0x0000000020000800        0x7 /tmp/ch.elf.8mV8IL.ltrans0.ltrans.o
 *fill*         0x0000000020000807        0x1 
 .data.spi_cfg_8
                0x0000000020000808       0x14 /tmp/ch.elf.8mV8IL.ltrans0.ltrans.o
 .data._impure_ptr
                0x000000002000081c        0x4 /home/rob/Data/rob/Projects/ChibiStudio/ChibiStudio_20/tools/GNU Tools ARM Embedded/9.2.1 2019q4/bin/../lib/gcc/arm-none-eabi/9.2.1/../../../../arm-none-eabi/lib/thumb/v7e-m/nofp/libg.a(lib_a-impure.o)
                0x000000002000081c                _impure_ptr
 .data.impure_data
                0x0000000020000820      0x428 /home/rob/Data/rob/Projects/ChibiStudio/ChibiStudio_20/tools/GNU Tools ARM Embedded/9.2.1 2019q4/bin/../lib/gcc/arm-none-eabi/9.2.1/../../../../arm-none-eabi/lib/thumb/v7e-m/nofp/libg.a(lib_a-impure.o)
 *(.ramtext)
                0x0000000020000c48                . = ALIGN (0x4)
                [!provide]                        PROVIDE (_edata = .)
                0x0000000020000c48                __data_end__ = .

.igot.plt       0x0000000020000c48        0x0 load address 0x000000000800a154
 .igot.plt      0x0000000020000c48        0x0 ./build/obj/crt0_v7m.o

.bss            0x0000000020000c48     0x1404 load address 0x000000000800a154
                0x0000000020000c48                __bss_base__ = .
 *(.bss)
 *(.bss.*)
 .bss.BUS_in_use
                0x0000000020000c48        0x1 /tmp/ch.elf.8mV8IL.ltrans0.ltrans.o
 *fill*         0x0000000020000c49        0x3 
 .bss.GPTD5     0x0000000020000c4c       0x10 /tmp/ch.elf.8mV8IL.ltrans0.ltrans.o
 .bss.I2CD1     0x0000000020000c5c       0x38 /tmp/ch.elf.8mV8IL.ltrans0.ltrans.o
 .bss.SD1       0x0000000020000c94      0x25c /tmp/ch.elf.8mV8IL.ltrans0.ltrans.o
 .bss.SD2       0x0000000020000ef0      0x25c /tmp/ch.elf.8mV8IL.ltrans0.ltrans.o
 .bss.SD6       0x000000002000114c      0x25c /tmp/ch.elf.8mV8IL.ltrans0.ltrans.o
 .bss.SDU1      0x00000000200013a8      0x490 /tmp/ch.elf.8mV8IL.ltrans0.ltrans.o
 .bss.SPID1     0x0000000020001838       0x30 /tmp/ch.elf.8mV8IL.ltrans0.ltrans.o
 .bss.USBD1     0x0000000020001868       0x60 /tmp/ch.elf.8mV8IL.ltrans0.ltrans.o
 .bss.bank.9922
                0x00000000200018c8        0x1 /tmp/ch.elf.8mV8IL.ltrans0.ltrans.o
 .bss.bankemp.9920
                0x00000000200018c9        0x1 /tmp/ch.elf.8mV8IL.ltrans0.ltrans.o
 .bss.bankemv.9919
                0x00000000200018ca        0x1 /tmp/ch.elf.8mV8IL.ltrans0.ltrans.o
 .bss.bankrw.9921
                0x00000000200018cb        0x1 /tmp/ch.elf.8mV8IL.ltrans0.ltrans.o
 .bss.btemp.9923
                0x00000000200018cc        0x1 /tmp/ch.elf.8mV8IL.ltrans0.ltrans.o
 *fill*         0x00000000200018cd        0x3 
 .bss.ch        0x00000000200018d0       0x74 /tmp/ch.elf.8mV8IL.ltrans0.ltrans.o
 .bss.ch_factory
                0x0000000020001944       0x48 /tmp/ch.elf.8mV8IL.ltrans0.ltrans.o
 *fill*         0x000000002000198c        0x4 
 .bss.ch_idle_thread_wa
                0x0000000020001990       0xd8 /tmp/ch.elf.8mV8IL.ltrans0.ltrans.o
 .bss.ch_memcore
                0x0000000020001a68        0x8 /tmp/ch.elf.8mV8IL.ltrans0.ltrans.o
 .bss.completion_buffer
                0x0000000020001a70       0x10 /tmp/ch.elf.8mV8IL.ltrans0.ltrans.o
 .bss.count.9931
                0x0000000020001a80        0x2 /tmp/ch.elf.8mV8IL.ltrans0.ltrans.o
 .bss.cs.9928   0x0000000020001a82        0x1 /tmp/ch.elf.8mV8IL.ltrans0.ltrans.o
 *fill*         0x0000000020001a83        0x1 
 .bss.default_heap
                0x0000000020001a84       0x1c /tmp/ch.elf.8mV8IL.ltrans0.ltrans.o
 .bss.dma       0x0000000020001aa0       0x84 /tmp/ch.elf.8mV8IL.ltrans0.ltrans.o
 .bss.dummyrx   0x0000000020001b24        0x2 /tmp/ch.elf.8mV8IL.ltrans0.ltrans.o
 *fill*         0x0000000020001b26        0x2 
 .bss.ep0_state
                0x0000000020001b28       0x10 /tmp/ch.elf.8mV8IL.ltrans0.ltrans.o
 .bss.ep0setup_buffer
                0x0000000020001b38        0x8 /tmp/ch.elf.8mV8IL.ltrans0.ltrans.o
 .bss.ep1instate
                0x0000000020001b40       0x10 /tmp/ch.elf.8mV8IL.ltrans0.ltrans.o
 .bss.ep2instate
                0x0000000020001b50       0x10 /tmp/ch.elf.8mV8IL.ltrans0.ltrans.o
 .bss.ep2outstate
                0x0000000020001b60       0x10 /tmp/ch.elf.8mV8IL.ltrans0.ltrans.o
 .bss.history_buffer
                0x0000000020001b70      0x200 /tmp/ch.elf.8mV8IL.ltrans0.ltrans.o
 .bss.i.9930    0x0000000020001d70        0x2 /tmp/ch.elf.8mV8IL.ltrans0.ltrans.o
 *fill*         0x0000000020001d72        0x2 
 .bss.shell_terminated
                0x0000000020001d74        0x4 /tmp/ch.elf.8mV8IL.ltrans0.ltrans.o
 .bss.temp.9929
                0x0000000020001d78        0x1 /tmp/ch.elf.8mV8IL.ltrans0.ltrans.o
 *fill*         0x0000000020001d79        0x7 
 .bss.waCharacterInputThread
                0x0000000020001d80      0x2c8 /tmp/ch.elf.8mV8IL.ltrans0.ltrans.o
 .bss.zoff.9932
                0x0000000020002048        0x2 /tmp/ch.elf.8mV8IL.ltrans0.ltrans.o
 *(COMMON)
                0x000000002000204c                . = ALIGN (0x4)
 *fill*         0x000000002000204a        0x2 
                0x000000002000204c                __bss_end__ = .
                [!provide]                        PROVIDE (end = .)
                0x0000000020000000                __ram0_base__ = ORIGIN (ram0)
                0x0000000000010000                __ram0_size__ = LENGTH (ram0)
                0x0000000020010000                __ram0_end__ = (__ram0_base__ + __ram0_size__)
                0x0000000000000000                __ram1_base__ = ORIGIN (ram1)
                0x0000000000000000                __ram1_size__ = LENGTH (ram1)
                0x0000000000000000                __ram1_end__ = (__ram1_base__ + __ram1_size__)
                0x0000000000000000                __ram2_base__ = ORIGIN (ram2)
                0x0000000000000000                __ram2_size__ = LENGTH (ram2)
                0x0000000000000000                __ram2_end__ = (__ram2_base__ + __ram2_size__)
                0x0000000000000000                __ram3_base__ = ORIGIN (ram3)
                0x0000000000000000                __ram3_size__ = LENGTH (ram3)
                0x0000000000000000                __ram3_end__ = (__ram3_base__ + __ram3_size__)
                0x0000000000000000                __ram4_base__ = ORIGIN (ram4)
                0x0000000000000000                __ram4_size__ = LENGTH (ram4)
                0x0000000000000000                __ram4_end__ = (__ram4_base__ + __ram4_size__)
                0x0000000000000000                __ram5_base__ = ORIGIN (ram5)
                0x0000000000000000                __ram5_size__ = LENGTH (ram5)
                0x0000000000000000                __ram5_end__ = (__ram5_base__ + __ram5_size__)
                0x0000000000000000                __ram6_base__ = ORIGIN (ram6)
                0x0000000000000000                __ram6_size__ = LENGTH (ram6)
                0x0000000000000000                __ram6_end__ = (__ram6_base__ + __ram6_size__)
                0x0000000000000000                __ram7_base__ = ORIGIN (ram7)
                0x0000000000000000                __ram7_size__ = LENGTH (ram7)
                0x0000000000000000                __ram7_end__ = (__ram7_base__ + __ram7_size__)
                0x0000000008000000                __flash0_base__ = ORIGIN (flash0)
                0x0000000000040000                __flash0_size__ = LENGTH (flash0)
                0x0000000008040000                __flash0_end__ = (__flash0_base__ + __flash0_size__)
                0x0000000000000000                __flash1_base__ = ORIGIN (flash1)
                0x0000000000000000                __flash1_size__ = LENGTH (flash1)
                0x0000000000000000                __flash1_end__ = (__flash1_base__ + __flash1_size__)
                0x0000000000000000                __flash2_base__ = ORIGIN (flash2)
                0x0000000000000000                __flash2_size__ = LENGTH (flash2)
                0x0000000000000000                __flash2_end__ = (__flash2_base__ + __flash2_size__)
                0x0000000000000000                __flash3_base__ = ORIGIN (flash3)
                0x0000000000000000                __flash3_size__ = LENGTH (flash3)
                0x0000000000000000                __flash3_end__ = (__flash3_base__ + __flash3_size__)
                0x0000000000000000                __flash4_base__ = ORIGIN (flash4)
                0x0000000000000000                __flash4_size__ = LENGTH (flash4)
                0x0000000000000000                __flash4_end__ = (__flash4_base__ + __flash4_size__)
                0x0000000000000000                __flash5_base__ = ORIGIN (flash5)
                0x0000000000000000                __flash5_size__ = LENGTH (flash5)
                0x0000000000000000                __flash5_end__ = (__flash5_base__ + __flash5_size__)
                0x0000000000000000                __flash6_base__ = ORIGIN (flash6)
                0x0000000000000000                __flash6_size__ = LENGTH (flash6)
                0x0000000000000000                __flash6_end__ = (__flash6_base__ + __flash6_size__)
                0x0000000000000000                __flash7_base__ = ORIGIN (flash7)
                0x0000000000000000                __flash7_size__ = LENGTH (flash7)
                0x0000000000000000                __flash7_end__ = (__flash7_base__ + __flash7_size__)

.ram0_init      0x000000002000204c        0x0 load address 0x000000000800a154
                0x000000000800a154                __ram0_init_text__ = LOADADDR (.ram0_init)
                0x000000002000204c                __ram0_init__ = .
 *(.ram0_init)
 *(.ram0_init.*)
                0x000000002000204c                . = ALIGN (0x4)

.ram0           0x000000002000204c        0x0 load address 0x000000000800a154
                0x000000002000204c                __ram0_clear__ = .
 *(.ram0_clear)
 *(.ram0_clear.*)
                0x000000002000204c                . = ALIGN (0x4)
                0x000000002000204c                __ram0_noinit__ = .
 *(.ram0)
 *(.ram0.*)
                0x000000002000204c                . = ALIGN (0x4)
                0x000000002000204c                __ram0_free__ = .

.ram1_init      0x0000000000000000        0x0 load address 0x000000000800a154
                0x000000000800a154                __ram1_init_text__ = LOADADDR (.ram1_init)
                0x0000000000000000                __ram1_init__ = .
 *(.ram1_init)
 *(.ram1_init.*)
                0x0000000000000000                . = ALIGN (0x4)

.ram1           0x0000000000000000        0x0 load address 0x000000000800a154
                0x0000000000000000                __ram1_clear__ = .
 *(.ram1_clear)
 *(.ram1_clear.*)
                0x0000000000000000                . = ALIGN (0x4)
                0x0000000000000000                __ram1_noinit__ = .
 *(.ram1)
 *(.ram1.*)
                0x0000000000000000                . = ALIGN (0x4)
                0x0000000000000000                __ram1_free__ = .

.ram2_init      0x0000000000000000        0x0 load address 0x000000000800a154
                0x000000000800a154                __ram2_init_text__ = LOADADDR (.ram2_init)
                0x0000000000000000                __ram2_init__ = .
 *(.ram2_init)
 *(.ram2_init.*)
                0x0000000000000000                . = ALIGN (0x4)

.ram2           0x0000000000000000        0x0 load address 0x000000000800a154
                0x0000000000000000                __ram2_clear__ = .
 *(.ram2_clear)
 *(.ram2_clear.*)
                0x0000000000000000                . = ALIGN (0x4)
                0x0000000000000000                __ram2_noinit__ = .
 *(.ram2)
 *(.ram2.*)
                0x0000000000000000                . = ALIGN (0x4)
                0x0000000000000000                __ram2_free__ = .

.ram3_init      0x0000000000000000        0x0 load address 0x000000000800a154
                0x000000000800a154                __ram3_init_text__ = LOADADDR (.ram3_init)
                0x0000000000000000                __ram3_init__ = .
 *(.ram3_init)
 *(.ram3_init.*)
                0x0000000000000000                . = ALIGN (0x4)

.ram3           0x0000000000000000        0x0 load address 0x000000000800a154
                0x0000000000000000                __ram3_clear__ = .
 *(.ram3_clear)
 *(.ram3_clear.*)
                0x0000000000000000                . = ALIGN (0x4)
                0x0000000000000000                __ram3_noinit__ = .
 *(.ram3)
 *(.ram3.*)
                0x0000000000000000                . = ALIGN (0x4)
                0x0000000000000000                __ram3_free__ = .

.ram4_init      0x0000000000000000        0x0 load address 0x000000000800a154
                0x000000000800a154                __ram4_init_text__ = LOADADDR (.ram4_init)
                0x0000000000000000                __ram4_init__ = .
 *(.ram4_init)
 *(.ram4_init.*)
                0x0000000000000000                . = ALIGN (0x4)

.ram4           0x0000000000000000        0x0 load address 0x000000000800a154
                0x0000000000000000                __ram4_clear__ = .
 *(.ram4_clear)
 *(.ram4_clear.*)
                0x0000000000000000                . = ALIGN (0x4)
                0x0000000000000000                __ram4_noinit__ = .
 *(.ram4)
 *(.ram4.*)
                0x0000000000000000                . = ALIGN (0x4)
                0x0000000000000000                __ram4_free__ = .

.ram5_init      0x0000000000000000        0x0 load address 0x000000000800a154
                0x000000000800a154                __ram5_init_text__ = LOADADDR (.ram5_init)
                0x0000000000000000                __ram5_init__ = .
 *(.ram5_init)
 *(.ram5_init.*)
                0x0000000000000000                . = ALIGN (0x4)

.ram5           0x0000000000000000        0x0 load address 0x000000000800a154
                0x0000000000000000                __ram5_clear__ = .
 *(.ram5_clear)
 *(.ram5_clear.*)
                0x0000000000000000                . = ALIGN (0x4)
                0x0000000000000000                __ram5_noinit__ = .
 *(.ram5)
 *(.ram5.*)
                0x0000000000000000                . = ALIGN (0x4)
                0x0000000000000000                __ram5_free__ = .

.ram6_init      0x0000000000000000        0x0 load address 0x000000000800a154
                0x000000000800a154                __ram6_init_text__ = LOADADDR (.ram6_init)
                0x0000000000000000                __ram6_init__ = .
 *(.ram6_init)
 *(.ram6_init.*)
                0x0000000000000000                . = ALIGN (0x4)

.ram6           0x0000000000000000        0x0 load address 0x000000000800a154
                0x0000000000000000                __ram6_clear__ = .
 *(.ram6_clear)
 *(.ram6_clear.*)
                0x0000000000000000                . = ALIGN (0x4)
                0x0000000000000000                __ram6_noinit__ = .
 *(.ram6)
 *(.ram6.*)
                0x0000000000000000                . = ALIGN (0x4)
                0x0000000000000000                __ram6_free__ = .

.ram7_init      0x0000000000000000        0x0 load address 0x000000000800a154
                0x000000000800a154                __ram7_init_text__ = LOADADDR (.ram7_init)
                0x0000000000000000                __ram7_init__ = .
 *(.ram7_init)
 *(.ram7_init.*)
                0x0000000000000000                . = ALIGN (0x4)

.ram7           0x0000000000000000        0x0 load address 0x000000000800a154
                0x0000000000000000                __ram7_clear__ = .
 *(.ram7_clear)
 *(.ram7_clear.*)
                0x0000000000000000                . = ALIGN (0x4)
                0x0000000000000000                __ram7_noinit__ = .
 *(.ram7)
 *(.ram7.*)
                0x0000000000000000                . = ALIGN (0x4)
                0x0000000000000000                __ram7_free__ = .

.flash0         0x000000000800a154        0x0
                0x000000000800a154                __flash0_init__ = .
 *(.flash0_init)
 *(.flash0_init.*)
                0x000000000800a154                __flash0_free__ = .

.flash1         0x0000000000000000        0x0
                0x0000000000000000                __flash1_init__ = .
 *(.flash1_init)
 *(.flash1_init.*)
                0x0000000000000000                __flash1_free__ = .

.flash2         0x0000000000000000        0x0
                0x0000000000000000                __flash2_init__ = .
 *(.flash2_init)
 *(.flash2_init.*)
                0x0000000000000000                __flash2_free__ = .

.flash3         0x0000000000000000        0x0
                0x0000000000000000                __flash3_init__ = .
 *(.flash3_init)
 *(.flash3_init.*)
                0x0000000000000000                __flash3_free__ = .

.flash4         0x0000000000000000        0x0
                0x0000000000000000                __flash4_init__ = .
 *(.flash4_init)
 *(.flash4_init.*)
                0x0000000000000000                __flash4_free__ = .

.flash5         0x0000000000000000        0x0
                0x0000000000000000                __flash5_init__ = .
 *(.flash5_init)
 *(.flash5_init.*)
                0x0000000000000000                __flash5_free__ = .

.flash6         0x0000000000000000        0x0
                0x0000000000000000                __flash6_init__ = .
 *(.flash6_init)
 *(.flash6_init.*)
                0x0000000000000000                __flash6_free__ = .

.flash7         0x0000000000000000        0x0
                0x0000000000000000                __flash7_init__ = .
 *(.flash7_init)
 *(.flash7_init.*)
                0x0000000000000000                __flash7_free__ = .

.heap           0x000000002000204c     0xdfb4
                0x0000000020002050                . = ALIGN (0x8)
 *fill*         0x000000002000204c        0x4 
                0x0000000020002050                __heap_base__ = .
                0x0000000020010000                . = (ORIGIN (HEAP_RAM) + LENGTH (HEAP_RAM))
 *fill*         0x0000000020002050     0xdfb0 
                0x0000000020010000                __heap_end__ = .
                0x0000000000000400                __process_stack_size__ = 0x400
                0x0000000000000400                __main_stack_size__ = 0x400
START GROUP
LOAD /home/rob/Data/rob/Projects/ChibiStudio/ChibiStudio_20/tools/GNU Tools ARM Embedded/9.2.1 2019q4/bin/../lib/gcc/arm-none-eabi/9.2.1/thumb/v7e-m/nofp/libgcc.a
LOAD /home/rob/Data/rob/Projects/ChibiStudio/ChibiStudio_20/tools/GNU Tools ARM Embedded/9.2.1 2019q4/bin/../lib/gcc/arm-none-eabi/9.2.1/../../../../arm-none-eabi/lib/thumb/v7e-m/nofp/libg.a
LOAD /home/rob/Data/rob/Projects/ChibiStudio/ChibiStudio_20/tools/GNU Tools ARM Embedded/9.2.1 2019q4/bin/../lib/gcc/arm-none-eabi/9.2.1/../../../../arm-none-eabi/lib/thumb/v7e-m/nofp/libc.a
END GROUP
OUTPUT(build/ch.elf elf32-littlearm)

.ARM.attributes
                0x0000000000000000       0x2f
 .ARM.attributes
                0x0000000000000000       0x21 ./build/obj/crt0_v7m.o
 .ARM.attributes
                0x0000000000000021       0x21 ./build/obj/vectors.o
 .ARM.attributes
                0x0000000000000042       0x21 ./build/obj/chcoreasm_v7m.o
 .ARM.attributes
                0x0000000000000063       0x2c /tmp/ch.elf.8mV8IL.ltrans0.ltrans.o
 .ARM.attributes
                0x000000000000008f       0x2e /home/rob/Data/rob/Projects/ChibiStudio/ChibiStudio_20/tools/GNU Tools ARM Embedded/9.2.1 2019q4/bin/../lib/gcc/arm-none-eabi/9.2.1/../../../../arm-none-eabi/lib/thumb/v7e-m/nofp/libg.a(lib_a-ctype_.o)
 .ARM.attributes
                0x00000000000000bd       0x2e /home/rob/Data/rob/Projects/ChibiStudio/ChibiStudio_20/tools/GNU Tools ARM Embedded/9.2.1 2019q4/bin/../lib/gcc/arm-none-eabi/9.2.1/../../../../arm-none-eabi/lib/thumb/v7e-m/nofp/libg.a(lib_a-strtol.o)
 .ARM.attributes
                0x00000000000000eb       0x2e /home/rob/Data/rob/Projects/ChibiStudio/ChibiStudio_20/tools/GNU Tools ARM Embedded/9.2.1 2019q4/bin/../lib/gcc/arm-none-eabi/9.2.1/../../../../arm-none-eabi/lib/thumb/v7e-m/nofp/libg.a(lib_a-impure.o)
 .ARM.attributes
                0x0000000000000119       0x1c /home/rob/Data/rob/Projects/ChibiStudio/ChibiStudio_20/tools/GNU Tools ARM Embedded/9.2.1 2019q4/bin/../lib/gcc/arm-none-eabi/9.2.1/../../../../arm-none-eabi/lib/thumb/v7e-m/nofp/libg.a(lib_a-memcpy.o)
 .ARM.attributes
                0x0000000000000135       0x2e /home/rob/Data/rob/Projects/ChibiStudio/ChibiStudio_20/tools/GNU Tools ARM Embedded/9.2.1 2019q4/bin/../lib/gcc/arm-none-eabi/9.2.1/../../../../arm-none-eabi/lib/thumb/v7e-m/nofp/libg.a(lib_a-memset.o)
 .ARM.attributes
                0x0000000000000163       0x2e /home/rob/Data/rob/Projects/ChibiStudio/ChibiStudio_20/tools/GNU Tools ARM Embedded/9.2.1 2019q4/bin/../lib/gcc/arm-none-eabi/9.2.1/../../../../arm-none-eabi/lib/thumb/v7e-m/nofp/libg.a(lib_a-strchr.o)
 .ARM.attributes
                0x0000000000000191       0x1c /home/rob/Data/rob/Projects/ChibiStudio/ChibiStudio_20/tools/GNU Tools ARM Embedded/9.2.1 2019q4/bin/../lib/gcc/arm-none-eabi/9.2.1/../../../../arm-none-eabi/lib/thumb/v7e-m/nofp/libg.a(lib_a-strcmp.o)
 .ARM.attributes
                0x00000000000001ad       0x1c /home/rob/Data/rob/Projects/ChibiStudio/ChibiStudio_20/tools/GNU Tools ARM Embedded/9.2.1 2019q4/bin/../lib/gcc/arm-none-eabi/9.2.1/../../../../arm-none-eabi/lib/thumb/v7e-m/nofp/libg.a(lib_a-strlen.o)
 .ARM.attributes
                0x00000000000001c9       0x2e /home/rob/Data/rob/Projects/ChibiStudio/ChibiStudio_20/tools/GNU Tools ARM Embedded/9.2.1 2019q4/bin/../lib/gcc/arm-none-eabi/9.2.1/../../../../arm-none-eabi/lib/thumb/v7e-m/nofp/libg.a(lib_a-strpbrk.o)
 .ARM.attributes
                0x00000000000001f7       0x2e /home/rob/Data/rob/Projects/ChibiStudio/ChibiStudio_20/tools/GNU Tools ARM Embedded/9.2.1 2019q4/bin/../lib/gcc/arm-none-eabi/9.2.1/../../../../arm-none-eabi/lib/thumb/v7e-m/nofp/libg.a(lib_a-strspn.o)
 .ARM.attributes
                0x0000000000000225       0x2e /home/rob/Data/rob/Projects/ChibiStudio/ChibiStudio_20/tools/GNU Tools ARM Embedded/9.2.1 2019q4/bin/../lib/gcc/arm-none-eabi/9.2.1/../../../../arm-none-eabi/lib/thumb/v7e-m/nofp/libg.a(lib_a-strstr.o)
 .ARM.attributes
                0x0000000000000253       0x2e /home/rob/Data/rob/Projects/ChibiStudio/ChibiStudio_20/tools/GNU Tools ARM Embedded/9.2.1 2019q4/bin/../lib/gcc/arm-none-eabi/9.2.1/../../../../arm-none-eabi/lib/thumb/v7e-m/nofp/libg.a(lib_a-memcmp.o)
 .ARM.attributes
                0x0000000000000281       0x2e /home/rob/Data/rob/Projects/ChibiStudio/ChibiStudio_20/tools/GNU Tools ARM Embedded/9.2.1 2019q4/bin/../lib/gcc/arm-none-eabi/9.2.1/../../../../arm-none-eabi/lib/thumb/v7e-m/nofp/libg.a(lib_a-strnlen.o)

.comment        0x0000000000000000       0x79
 .comment       0x0000000000000000       0x79 /tmp/ch.elf.8mV8IL.ltrans0.ltrans.o
                                         0x7a (size before relaxing)

.debug_line     0x0000000000000000    0x28c92
 .debug_line    0x0000000000000000       0xd0 ./build/obj/crt0_v7m.o
 .debug_line    0x00000000000000d0       0x7a ./build/obj/vectors.o
 .debug_line    0x000000000000014a       0x91 ./build/obj/chcoreasm_v7m.o
 .debug_line    0x00000000000001db    0x15cac /tmp/ch.elf.8mV8IL.ltrans0.ltrans.o
 .debug_line    0x0000000000015e87      0x20a /tmp/ccWMgzeK.debug.temp.o
 .debug_line    0x0000000000016091      0x72d /tmp/ccKSOj4J.debug.temp.o
 .debug_line    0x00000000000167be      0x70f /tmp/ccauX60J.debug.temp.o
 .debug_line    0x0000000000016ecd      0x785 /tmp/ccheqaEL.debug.temp.o
 .debug_line    0x0000000000017652      0x773 /tmp/ccibHdSM.debug.temp.o
 .debug_line    0x0000000000017dc5      0x742 /tmp/ccCmBCCK.debug.temp.o
 .debug_line    0x0000000000018507      0x740 /tmp/ccI23BIL.debug.temp.o
 .debug_line    0x0000000000018c47      0x740 /tmp/ccwdVEUK.debug.temp.o
 .debug_line    0x0000000000019387      0x70d /tmp/ccxBanaN.debug.temp.o
 .debug_line    0x0000000000019a94      0x743 /tmp/ccp86qeM.debug.temp.o
 .debug_line    0x000000000001a1d7      0x77d /tmp/ccDSV8AJ.debug.temp.o
 .debug_line    0x000000000001a954      0x740 /tmp/cckzjQtN.debug.temp.o
 .debug_line    0x000000000001b094      0x761 /tmp/cc6giaZM.debug.temp.o
 .debug_line    0x000000000001b7f5      0x70d /tmp/cc0fkYRL.debug.temp.o
 .debug_line    0x000000000001bf02      0x714 /tmp/ccXl0gML.debug.temp.o
 .debug_line    0x000000000001c616      0x712 /tmp/ccrulDSK.debug.temp.o
 .debug_line    0x000000000001cd28      0x723 /tmp/ccdMyHBN.debug.temp.o
 .debug_line    0x000000000001d44b      0x6e5 /tmp/cczYZdnL.debug.temp.o
 .debug_line    0x000000000001db30      0x741 /tmp/ccnUtOjL.debug.temp.o
 .debug_line    0x000000000001e271      0x746 /tmp/cc3zZRxJ.debug.temp.o
 .debug_line    0x000000000001e9b7      0x725 /tmp/cc9QiyjK.debug.temp.o
 .debug_line    0x000000000001f0dc      0x724 /tmp/cc6lmHVJ.debug.temp.o
 .debug_line    0x000000000001f800      0x6e5 /tmp/ccxqPjhK.debug.temp.o
 .debug_line    0x000000000001fee5      0x728 /tmp/ccBKa2yJ.debug.temp.o
 .debug_line    0x000000000002060d      0x712 /tmp/ccuvgKKK.debug.temp.o
 .debug_line    0x0000000000020d1f      0x429 /tmp/ccgBuxiN.debug.temp.o
 .debug_line    0x0000000000021148      0x3ff /tmp/cckihEwL.debug.temp.o
 .debug_line    0x0000000000021547      0x3fe /tmp/cc2m0lfN.debug.temp.o
 .debug_line    0x0000000000021945      0x422 /tmp/cc3qT6XJ.debug.temp.o
 .debug_line    0x0000000000021d67      0x3e3 /tmp/ccyZIwvL.debug.temp.o
 .debug_line    0x000000000002214a      0x428 /tmp/ccu82wzK.debug.temp.o
 .debug_line    0x0000000000022572      0x3f3 /tmp/cctdBggK.debug.temp.o
 .debug_line    0x0000000000022965      0x404 /tmp/ccJrH4XJ.debug.temp.o
 .debug_line    0x0000000000022d69      0x416 /tmp/ccLKPzDL.debug.temp.o
 .debug_line    0x000000000002317f      0x3fa /tmp/ccfOm3SK.debug.temp.o
 .debug_line    0x0000000000023579      0x3fc /tmp/ccGB6odL.debug.temp.o
 .debug_line    0x0000000000023975      0x3fb /tmp/ccobppEN.debug.temp.o
 .debug_line    0x0000000000023d70      0x432 /tmp/cc5EMrOK.debug.temp.o
 .debug_line    0x00000000000241a2      0x447 /tmp/ccROo7kK.debug.temp.o
 .debug_line    0x00000000000245e9      0x40c /tmp/cc7wS5RK.debug.temp.o
 .debug_line    0x00000000000249f5      0x744 /tmp/ccN1KEEN.debug.temp.o
 .debug_line    0x0000000000025139      0x74e /tmp/ccpbOXgL.debug.temp.o
 .debug_line    0x0000000000025887      0x79f /tmp/ccfYTKlJ.debug.temp.o
 .debug_line    0x0000000000026026      0x754 /tmp/ccXopyuN.debug.temp.o
 .debug_line    0x000000000002677a      0x771 /tmp/cc9V1iEM.debug.temp.o
 .debug_line    0x0000000000026eeb      0x751 /tmp/ccIzsg4J.debug.temp.o
 .debug_line    0x000000000002763c      0x722 /tmp/ccnkhSmL.debug.temp.o
 .debug_line    0x0000000000027d5e      0x798 /tmp/ccXBMRgN.debug.temp.o
 .debug_line    0x00000000000284f6      0x79c /tmp/ccLylWzK.debug.temp.o

.debug_info     0x0000000000000000    0x729a3
 .debug_info    0x0000000000000000       0x26 ./build/obj/crt0_v7m.o
 .debug_info    0x0000000000000026       0x26 ./build/obj/vectors.o
 .debug_info    0x000000000000004c       0x26 ./build/obj/chcoreasm_v7m.o
 .debug_info    0x0000000000000072     0xe043 /tmp/ch.elf.8mV8IL.ltrans0.ltrans.o
 .debug_info    0x000000000000e0b5      0x35d /tmp/ccWMgzeK.debug.temp.o
                0x000000000000e0b5                crt1.c.7666f0f1
 .debug_info    0x000000000000e412     0x228c /tmp/ccKSOj4J.debug.temp.o
                0x000000000000e412                hal.c.cfe98e0e
 .debug_info    0x000000000001069e     0x2391 /tmp/ccauX60J.debug.temp.o
                0x000000000001069e                hal_st.c.40e0e773
 .debug_info    0x0000000000012a2f     0x32ca /tmp/ccheqaEL.debug.temp.o
                0x0000000000012a2f                hal_buffers.c.e9c3bb09
 .debug_info    0x0000000000015cf9     0x30e3 /tmp/ccibHdSM.debug.temp.o
                0x0000000000015cf9                hal_queues.c.06e28e3d
 .debug_info    0x0000000000018ddc     0x264f /tmp/ccCmBCCK.debug.temp.o
                0x0000000000018ddc                hal_flash.c.fea2510c
 .debug_info    0x000000000001b42b     0x2539 /tmp/ccI23BIL.debug.temp.o
                0x000000000001b42b                hal_gpt.c.af83d391
 .debug_info    0x000000000001d964     0x2578 /tmp/ccwdVEUK.debug.temp.o
                0x000000000001d964                hal_i2c.c.b73a88e4
 .debug_info    0x000000000001fedc     0x23a8 /tmp/ccxBanaN.debug.temp.o
                0x000000000001fedc                hal_pal.c.98c3ab9a
 .debug_info    0x0000000000022284     0x2762 /tmp/ccp86qeM.debug.temp.o
                0x0000000000022284                hal_serial.c.f80f81b2
 .debug_info    0x00000000000249e6     0x2b9b /tmp/ccDSV8AJ.debug.temp.o
                0x00000000000249e6                hal_serial_usb.c.1b460e11
 .debug_info    0x0000000000027581     0x276e /tmp/cckzjQtN.debug.temp.o
                0x0000000000027581                hal_spi.c.ed3535c4
 .debug_info    0x0000000000029cef     0x303f /tmp/cc6giaZM.debug.temp.o
                0x0000000000029cef                hal_usb.c.102b6b01
 .debug_info    0x000000000002cd2e     0x2684 /tmp/cc0fkYRL.debug.temp.o
                0x000000000002cd2e                nvic.c.10679bd7
 .debug_info    0x000000000002f3b2     0x241a /tmp/ccXl0gML.debug.temp.o
                0x000000000002f3b2                stm32_isr.c.673b5192
 .debug_info    0x00000000000317cc     0x2755 /tmp/ccrulDSK.debug.temp.o
                0x00000000000317cc                hal_lld.c.0c6886de
 .debug_info    0x0000000000033f21     0x28c4 /tmp/ccdMyHBN.debug.temp.o
                0x0000000000033f21                stm32_dma.c.4618c182
 .debug_info    0x00000000000367e5     0x2343 /tmp/cczYZdnL.debug.temp.o
                0x00000000000367e5                hal_pal_lld.c.ec585d64
 .debug_info    0x0000000000038b28     0x2b91 /tmp/ccnUtOjL.debug.temp.o
                0x0000000000038b28                hal_i2c_lld.c.fcdbe274
 .debug_info    0x000000000003b6b9     0x3465 /tmp/cc3zZRxJ.debug.temp.o
                0x000000000003b6b9                hal_usb_lld.c.f90660a7
 .debug_info    0x000000000003eb1e     0x2794 /tmp/cc9QiyjK.debug.temp.o
                0x000000000003eb1e                hal_spi_lld.c.7eaba49d
 .debug_info    0x00000000000412b2     0x255c /tmp/cc6lmHVJ.debug.temp.o
                0x00000000000412b2                hal_st_lld.c.c8f0d93d
 .debug_info    0x000000000004380e     0x258c /tmp/ccxqPjhK.debug.temp.o
                0x000000000004380e                hal_gpt_lld.c.7ab69545
 .debug_info    0x0000000000045d9a     0x270d /tmp/ccBKa2yJ.debug.temp.o
                0x0000000000045d9a                hal_serial_lld.c.65194e3e
 .debug_info    0x00000000000484a7     0x25a1 /tmp/ccuvgKKK.debug.temp.o
                0x00000000000484a7                board.c.1b0b37c8
 .debug_info    0x000000000004aa48      0xfbc /tmp/ccgBuxiN.debug.temp.o
                0x000000000004aa48                chsys.c.4cd81cae
 .debug_info    0x000000000004ba04      0xbb8 /tmp/cckihEwL.debug.temp.o
                0x000000000004ba04                chvt.c.9a82fe16
 .debug_info    0x000000000004c5bc      0xd3f /tmp/cc2m0lfN.debug.temp.o
                0x000000000004c5bc                chschd.c.dae51f1b
 .debug_info    0x000000000004d2fb     0x12bd /tmp/cc3qT6XJ.debug.temp.o
                0x000000000004d2fb                chthreads.c.669a41ff
 .debug_info    0x000000000004e5b8      0xcd9 /tmp/ccyZIwvL.debug.temp.o
                0x000000000004e5b8                chtm.c.b89db133
 .debug_info    0x000000000004f291     0x1427 /tmp/ccu82wzK.debug.temp.o
                0x000000000004f291                chregistry.c.4296b1cb
 .debug_info    0x00000000000506b8      0xd74 /tmp/cctdBggK.debug.temp.o
                0x00000000000506b8                chmtx.c.a148dd37
 .debug_info    0x000000000005142c      0xf8a /tmp/ccJrH4XJ.debug.temp.o
                0x000000000005142c                chevents.c.ec97497f
 .debug_info    0x00000000000523b6      0xcf9 /tmp/ccLKPzDL.debug.temp.o
                0x00000000000523b6                chdynamic.c.05978641
 .debug_info    0x00000000000530af      0xc20 /tmp/ccfOm3SK.debug.temp.o
                0x00000000000530af                chmemcore.c.c6b0757c
 .debug_info    0x0000000000053ccf      0xd16 /tmp/ccGB6odL.debug.temp.o
                0x0000000000053ccf                chmemheaps.c.f08e017a
 .debug_info    0x00000000000549e5      0xdcb /tmp/ccobppEN.debug.temp.o
                0x00000000000549e5                chmempools.c.c1fd2dec
 .debug_info    0x00000000000557b0      0xe4b /tmp/cc5EMrOK.debug.temp.o
                0x00000000000557b0                chdelegates.c.45d218f6
 .debug_info    0x00000000000565fb     0x1cd3 /tmp/ccROo7kK.debug.temp.o
                0x00000000000565fb                chfactory.c.d860c6e4
 .debug_info    0x00000000000582ce     0x1aa3 /tmp/cc7wS5RK.debug.temp.o
                0x00000000000582ce                chcore_v7m.c.a75d7e66
 .debug_info    0x0000000000059d71     0x2669 /tmp/ccN1KEEN.debug.temp.o
                0x0000000000059d71                chprintf.c.8397917f
 .debug_info    0x000000000005c3da     0x25f3 /tmp/ccpbOXgL.debug.temp.o
                0x000000000005c3da                chscanf.c.7b1ea309
 .debug_info    0x000000000005e9cd     0x3235 /tmp/ccfYTKlJ.debug.temp.o
                0x000000000005e9cd                shell.c.e4dac2f4
 .debug_info    0x0000000000061c02     0x2c3b /tmp/ccXopyuN.debug.temp.o
                0x0000000000061c02                shell_cmd.c.65ff7ca0
 .debug_info    0x000000000006483d     0x2fd1 /tmp/cc9V1iEM.debug.temp.o
                0x000000000006483d                comm.c.a2de590c
 .debug_info    0x000000000006780e     0x2789 /tmp/ccIzsg4J.debug.temp.o
                0x000000000006780e                usbcfg.c.aef6ecab
 .debug_info    0x0000000000069f97     0x2755 /tmp/ccnkhSmL.debug.temp.o
                0x0000000000069f97                SPI.c.2b71dffc
 .debug_info    0x000000000006c6ec     0x31b2 /tmp/ccXBMRgN.debug.temp.o
                0x000000000006c6ec                ostrich.c.abab634f
 .debug_info    0x000000000006f89e     0x3105 /tmp/ccLylWzK.debug.temp.o
                0x000000000006f89e                main.c.9fe96b64

.debug_abbrev   0x0000000000000000     0x87e0
 .debug_abbrev  0x0000000000000000       0x14 ./build/obj/crt0_v7m.o
 .debug_abbrev  0x0000000000000014       0x14 ./build/obj/vectors.o
 .debug_abbrev  0x0000000000000028       0x14 ./build/obj/chcoreasm_v7m.o
 .debug_abbrev  0x000000000000003c      0x39c /tmp/ch.elf.8mV8IL.ltrans0.ltrans.o
 .debug_abbrev  0x00000000000003d8       0xff /tmp/ccWMgzeK.debug.temp.o
 .debug_abbrev  0x00000000000004d7      0x227 /tmp/ccKSOj4J.debug.temp.o
 .debug_abbrev  0x00000000000006fe      0x2ad /tmp/ccauX60J.debug.temp.o
 .debug_abbrev  0x00000000000009ab      0x353 /tmp/ccheqaEL.debug.temp.o
 .debug_abbrev  0x0000000000000cfe      0x366 /tmp/ccibHdSM.debug.temp.o
 .debug_abbrev  0x0000000000001064      0x277 /tmp/ccCmBCCK.debug.temp.o
 .debug_abbrev  0x00000000000012db      0x283 /tmp/ccI23BIL.debug.temp.o
 .debug_abbrev  0x000000000000155e      0x2c9 /tmp/ccwdVEUK.debug.temp.o
 .debug_abbrev  0x0000000000001827      0x26c /tmp/ccxBanaN.debug.temp.o
 .debug_abbrev  0x0000000000001a93      0x2f8 /tmp/ccp86qeM.debug.temp.o
 .debug_abbrev  0x0000000000001d8b      0x32e /tmp/ccDSV8AJ.debug.temp.o
 .debug_abbrev  0x00000000000020b9      0x2cc /tmp/cckzjQtN.debug.temp.o
 .debug_abbrev  0x0000000000002385      0x348 /tmp/cc6giaZM.debug.temp.o
 .debug_abbrev  0x00000000000026cd      0x299 /tmp/cc0fkYRL.debug.temp.o
 .debug_abbrev  0x0000000000002966      0x221 /tmp/ccXl0gML.debug.temp.o
 .debug_abbrev  0x0000000000002b87      0x25b /tmp/ccrulDSK.debug.temp.o
 .debug_abbrev  0x0000000000002de2      0x2e8 /tmp/ccdMyHBN.debug.temp.o
 .debug_abbrev  0x00000000000030ca      0x25d /tmp/cczYZdnL.debug.temp.o
 .debug_abbrev  0x0000000000003327      0x341 /tmp/ccnUtOjL.debug.temp.o
 .debug_abbrev  0x0000000000003668      0x37c /tmp/cc3zZRxJ.debug.temp.o
 .debug_abbrev  0x00000000000039e4      0x2d9 /tmp/cc9QiyjK.debug.temp.o
 .debug_abbrev  0x0000000000003cbd      0x276 /tmp/cc6lmHVJ.debug.temp.o
 .debug_abbrev  0x0000000000003f33      0x261 /tmp/ccxqPjhK.debug.temp.o
 .debug_abbrev  0x0000000000004194      0x2de /tmp/ccBKa2yJ.debug.temp.o
 .debug_abbrev  0x0000000000004472      0x267 /tmp/ccuvgKKK.debug.temp.o
 .debug_abbrev  0x00000000000046d9      0x314 /tmp/ccgBuxiN.debug.temp.o
 .debug_abbrev  0x00000000000049ed      0x252 /tmp/cckihEwL.debug.temp.o
 .debug_abbrev  0x0000000000004c3f      0x2ad /tmp/cc2m0lfN.debug.temp.o
 .debug_abbrev  0x0000000000004eec      0x29c /tmp/cc3qT6XJ.debug.temp.o
 .debug_abbrev  0x0000000000005188      0x1e0 /tmp/ccyZIwvL.debug.temp.o
 .debug_abbrev  0x0000000000005368      0x2ae /tmp/ccu82wzK.debug.temp.o
 .debug_abbrev  0x0000000000005616      0x28f /tmp/cctdBggK.debug.temp.o
 .debug_abbrev  0x00000000000058a5      0x284 /tmp/ccJrH4XJ.debug.temp.o
 .debug_abbrev  0x0000000000005b29      0x20b /tmp/ccLKPzDL.debug.temp.o
 .debug_abbrev  0x0000000000005d34      0x22d /tmp/ccfOm3SK.debug.temp.o
 .debug_abbrev  0x0000000000005f61      0x270 /tmp/ccGB6odL.debug.temp.o
 .debug_abbrev  0x00000000000061d1      0x273 /tmp/ccobppEN.debug.temp.o
 .debug_abbrev  0x0000000000006444      0x259 /tmp/cc5EMrOK.debug.temp.o
 .debug_abbrev  0x000000000000669d      0x2f5 /tmp/ccROo7kK.debug.temp.o
 .debug_abbrev  0x0000000000006992      0x2e9 /tmp/cc7wS5RK.debug.temp.o
 .debug_abbrev  0x0000000000006c7b      0x2fb /tmp/ccN1KEEN.debug.temp.o
 .debug_abbrev  0x0000000000006f76      0x2e0 /tmp/ccpbOXgL.debug.temp.o
 .debug_abbrev  0x0000000000007256      0x389 /tmp/ccfYTKlJ.debug.temp.o
 .debug_abbrev  0x00000000000075df      0x282 /tmp/ccXopyuN.debug.temp.o
 .debug_abbrev  0x0000000000007861      0x33c /tmp/cc9V1iEM.debug.temp.o
 .debug_abbrev  0x0000000000007b9d      0x2ba /tmp/ccIzsg4J.debug.temp.o
 .debug_abbrev  0x0000000000007e57      0x371 /tmp/ccnkhSmL.debug.temp.o
 .debug_abbrev  0x00000000000081c8      0x33b /tmp/ccXBMRgN.debug.temp.o
 .debug_abbrev  0x0000000000008503      0x2dd /tmp/ccLylWzK.debug.temp.o

.debug_aranges  0x0000000000000000      0x4b8
 .debug_aranges
                0x0000000000000000       0x20 ./build/obj/crt0_v7m.o
 .debug_aranges
                0x0000000000000020       0x20 ./build/obj/vectors.o
 .debug_aranges
                0x0000000000000040       0x20 ./build/obj/chcoreasm_v7m.o
 .debug_aranges
                0x0000000000000060      0x458 /tmp/ch.elf.8mV8IL.ltrans0.ltrans.o

.debug_str      0x0000000000000000     0x5b98
 .debug_str     0x0000000000000000       0xba ./build/obj/crt0_v7m.o
 .debug_str     0x00000000000000ba       0x45 ./build/obj/vectors.o
                                         0xb9 (size before relaxing)
 .debug_str     0x00000000000000ff       0x49 ./build/obj/chcoreasm_v7m.o
                                         0xbd (size before relaxing)
 .debug_str     0x0000000000000148      0x1b3 /tmp/ch.elf.8mV8IL.ltrans0.ltrans.o
                                        0x23b (size before relaxing)
 .debug_str     0x00000000000002fb      0x436 /tmp/ccWMgzeK.debug.temp.o
                                        0x514 (size before relaxing)
 .debug_str     0x0000000000000731      0xf9d /tmp/ccKSOj4J.debug.temp.o
                                       0x12ff (size before relaxing)
 .debug_str     0x00000000000016ce       0xfd /tmp/ccauX60J.debug.temp.o
                                       0x13c6 (size before relaxing)
 .debug_str     0x00000000000017cb      0x6c9 /tmp/ccheqaEL.debug.temp.o
                                       0x19fc (size before relaxing)
 .debug_str     0x0000000000001e94       0xd2 /tmp/ccibHdSM.debug.temp.o
                                       0x1874 (size before relaxing)
 .debug_str     0x0000000000001f66      0x273 /tmp/ccCmBCCK.debug.temp.o
                                       0x155d (size before relaxing)
 .debug_str     0x00000000000021d9       0xeb /tmp/ccI23BIL.debug.temp.o
                                       0x1419 (size before relaxing)
 .debug_str     0x00000000000022c4       0xf1 /tmp/ccwdVEUK.debug.temp.o
                                       0x1427 (size before relaxing)
 .debug_str     0x00000000000023b5       0x76 /tmp/ccxBanaN.debug.temp.o
                                       0x1352 (size before relaxing)
 .debug_str     0x000000000000242b      0x12e /tmp/ccp86qeM.debug.temp.o
                                       0x1481 (size before relaxing)
 .debug_str     0x0000000000002559      0x258 /tmp/ccDSV8AJ.debug.temp.o
                                       0x16d0 (size before relaxing)
 .debug_str     0x00000000000027b1      0x125 /tmp/cckzjQtN.debug.temp.o
                                       0x14a4 (size before relaxing)
 .debug_str     0x00000000000028d6      0x190 /tmp/cc6giaZM.debug.temp.o
                                       0x1953 (size before relaxing)
 .debug_str     0x0000000000002a66      0x164 /tmp/cc0fkYRL.debug.temp.o
                                       0x1447 (size before relaxing)
 .debug_str     0x0000000000002bca      0x3db /tmp/ccXl0gML.debug.temp.o
                                       0x16a4 (size before relaxing)
 .debug_str     0x0000000000002fa5      0x1a6 /tmp/ccrulDSK.debug.temp.o
                                       0x14ff (size before relaxing)
 .debug_str     0x000000000000314b      0x17d /tmp/ccdMyHBN.debug.temp.o
                                       0x15c6 (size before relaxing)
 .debug_str     0x00000000000032c8       0x8d /tmp/cczYZdnL.debug.temp.o
                                       0x137b (size before relaxing)
 .debug_str     0x0000000000003355      0x234 /tmp/ccnUtOjL.debug.temp.o
                                       0x1ad5 (size before relaxing)
 .debug_str     0x0000000000003589      0x2ff /tmp/cc3zZRxJ.debug.temp.o
                                       0x1ba1 (size before relaxing)
 .debug_str     0x0000000000003888      0x116 /tmp/cc9QiyjK.debug.temp.o
                                       0x15cf (size before relaxing)
 .debug_str     0x000000000000399e       0x83 /tmp/cc6lmHVJ.debug.temp.o
                                       0x151e (size before relaxing)
 .debug_str     0x0000000000003a21       0xc5 /tmp/ccxqPjhK.debug.temp.o
                                       0x14bc (size before relaxing)
 .debug_str     0x0000000000003ae6       0xbf /tmp/ccBKa2yJ.debug.temp.o
                                       0x1581 (size before relaxing)
 .debug_str     0x0000000000003ba5       0xbe /tmp/ccuvgKKK.debug.temp.o
                                       0x14c7 (size before relaxing)
 .debug_str     0x0000000000003c63      0x2bd /tmp/ccgBuxiN.debug.temp.o
                                        0xaf8 (size before relaxing)
 .debug_str     0x0000000000003f20       0x73 /tmp/cckihEwL.debug.temp.o
                                        0x82b (size before relaxing)
 .debug_str     0x0000000000003f93      0x14c /tmp/cc2m0lfN.debug.temp.o
                                        0x90e (size before relaxing)
 .debug_str     0x00000000000040df      0x267 /tmp/cc3qT6XJ.debug.temp.o
                                        0xa81 (size before relaxing)
 .debug_str     0x0000000000004346       0xc4 /tmp/ccyZIwvL.debug.temp.o
                                        0x8b4 (size before relaxing)
 .debug_str     0x000000000000440a       0xac /tmp/ccu82wzK.debug.temp.o
                                        0xc03 (size before relaxing)
 .debug_str     0x00000000000044b6       0xc4 /tmp/cctdBggK.debug.temp.o
                                        0x86c (size before relaxing)
 .debug_str     0x000000000000457a      0x1a8 /tmp/ccJrH4XJ.debug.temp.o
                                        0x976 (size before relaxing)
 .debug_str     0x0000000000004722       0xa0 /tmp/ccLKPzDL.debug.temp.o
                                        0x84f (size before relaxing)
 .debug_str     0x00000000000047c2       0xa9 /tmp/ccfOm3SK.debug.temp.o
                                        0x81a (size before relaxing)
 .debug_str     0x000000000000486b       0xa7 /tmp/ccGB6odL.debug.temp.o
                                        0x82f (size before relaxing)
 .debug_str     0x0000000000004912      0x147 /tmp/ccobppEN.debug.temp.o
                                        0x8cb (size before relaxing)
 .debug_str     0x0000000000004a59      0x186 /tmp/cc5EMrOK.debug.temp.o
                                        0x901 (size before relaxing)
 .debug_str     0x0000000000004bdf      0x3e7 /tmp/ccROo7kK.debug.temp.o
                                        0xfc2 (size before relaxing)
 .debug_str     0x0000000000004fc6      0x13d /tmp/cc7wS5RK.debug.temp.o
                                       0x118f (size before relaxing)
 .debug_str     0x0000000000005103      0x139 /tmp/ccN1KEEN.debug.temp.o
                                       0x1437 (size before relaxing)
 .debug_str     0x000000000000523c       0xba /tmp/ccpbOXgL.debug.temp.o
                                       0x13f0 (size before relaxing)
 .debug_str     0x00000000000052f6      0x253 /tmp/ccfYTKlJ.debug.temp.o
                                       0x199a (size before relaxing)
 .debug_str     0x0000000000005549       0x3a /tmp/ccXopyuN.debug.temp.o
                                       0x1768 (size before relaxing)
 .debug_str     0x0000000000005583       0xa5 /tmp/cc9V1iEM.debug.temp.o
                                       0x17d8 (size before relaxing)
 .debug_str     0x0000000000005628      0x14f /tmp/ccIzsg4J.debug.temp.o
                                       0x15ec (size before relaxing)
 .debug_str     0x0000000000005777      0x173 /tmp/ccnkhSmL.debug.temp.o
                                       0x14f6 (size before relaxing)
 .debug_str     0x00000000000058ea      0x21f /tmp/ccXBMRgN.debug.temp.o
                                       0x1afc (size before relaxing)
 .debug_str     0x0000000000005b09       0x8f /tmp/ccLylWzK.debug.temp.o
                                       0x1982 (size before relaxing)

.debug_loc      0x0000000000000000    0x1074d
 .debug_loc     0x0000000000000000    0x1074d /tmp/ch.elf.8mV8IL.ltrans0.ltrans.o

.debug_ranges   0x0000000000000000    0x12988
 .debug_ranges  0x0000000000000000    0x12988 /tmp/ch.elf.8mV8IL.ltrans0.ltrans.o

.debug_frame    0x0000000000000000     0x12e4
 .debug_frame   0x0000000000000000     0x1028 /tmp/ch.elf.8mV8IL.ltrans0.ltrans.o
 .debug_frame   0x0000000000001028       0x80 /home/rob/Data/rob/Projects/ChibiStudio/ChibiStudio_20/tools/GNU Tools ARM Embedded/9.2.1 2019q4/bin/../lib/gcc/arm-none-eabi/9.2.1/../../../../arm-none-eabi/lib/thumb/v7e-m/nofp/libg.a(lib_a-strtol.o)
 .debug_frame   0x00000000000010a8       0x38 /home/rob/Data/rob/Projects/ChibiStudio/ChibiStudio_20/tools/GNU Tools ARM Embedded/9.2.1 2019q4/bin/../lib/gcc/arm-none-eabi/9.2.1/../../../../arm-none-eabi/lib/thumb/v7e-m/nofp/libg.a(lib_a-memset.o)
 .debug_frame   0x00000000000010e0       0x40 /home/rob/Data/rob/Projects/ChibiStudio/ChibiStudio_20/tools/GNU Tools ARM Embedded/9.2.1 2019q4/bin/../lib/gcc/arm-none-eabi/9.2.1/../../../../arm-none-eabi/lib/thumb/v7e-m/nofp/libg.a(lib_a-strchr.o)
 .debug_frame   0x0000000000001120       0x68 /home/rob/Data/rob/Projects/ChibiStudio/ChibiStudio_20/tools/GNU Tools ARM Embedded/9.2.1 2019q4/bin/../lib/gcc/arm-none-eabi/9.2.1/../../../../arm-none-eabi/lib/thumb/v7e-m/nofp/libg.a(lib_a-strcmp.o)
 .debug_frame   0x0000000000001188       0x34 /home/rob/Data/rob/Projects/ChibiStudio/ChibiStudio_20/tools/GNU Tools ARM Embedded/9.2.1 2019q4/bin/../lib/gcc/arm-none-eabi/9.2.1/../../../../arm-none-eabi/lib/thumb/v7e-m/nofp/libg.a(lib_a-strpbrk.o)
 .debug_frame   0x00000000000011bc       0x34 /home/rob/Data/rob/Projects/ChibiStudio/ChibiStudio_20/tools/GNU Tools ARM Embedded/9.2.1 2019q4/bin/../lib/gcc/arm-none-eabi/9.2.1/../../../../arm-none-eabi/lib/thumb/v7e-m/nofp/libg.a(lib_a-strspn.o)
 .debug_frame   0x00000000000011f0       0x88 /home/rob/Data/rob/Projects/ChibiStudio/ChibiStudio_20/tools/GNU Tools ARM Embedded/9.2.1 2019q4/bin/../lib/gcc/arm-none-eabi/9.2.1/../../../../arm-none-eabi/lib/thumb/v7e-m/nofp/libg.a(lib_a-strstr.o)
 .debug_frame   0x0000000000001278       0x3c /home/rob/Data/rob/Projects/ChibiStudio/ChibiStudio_20/tools/GNU Tools ARM Embedded/9.2.1 2019q4/bin/../lib/gcc/arm-none-eabi/9.2.1/../../../../arm-none-eabi/lib/thumb/v7e-m/nofp/libg.a(lib_a-memcmp.o)
 .debug_frame   0x00000000000012b4       0x30 /home/rob/Data/rob/Projects/ChibiStudio/ChibiStudio_20/tools/GNU Tools ARM Embedded/9.2.1 2019q4/bin/../lib/gcc/arm-none-eabi/9.2.1/../../../../arm-none-eabi/lib/thumb/v7e-m/nofp/libg.a(lib_a-strnlen.o)

Cross Reference Table

Symbol                                            File
BUS_in_use                                        ./build/obj/SPI.o (symbol from plugin)
BusFault_Handler                                  ./build/obj/vectors.o
DebugMon_Handler                                  ./build/obj/vectors.o
GPTD5                                             ./build/obj/hal_gpt_lld.o (symbol from plugin)
                                                  ./build/obj/SPI.o (symbol from plugin)
HardFault_Handler                                 ./build/obj/vectors.o
I2CD1                                             ./build/obj/hal_i2c_lld.o (symbol from plugin)
MemManage_Handler                                 ./build/obj/vectors.o
NMI_Handler                                       ./build/obj/vectors.o
PendSV_Handler                                    ./build/obj/vectors.o
Reset_Handler                                     ./build/obj/vectors.o
SD1                                               ./build/obj/hal_serial_lld.o (symbol from plugin)
SD2                                               ./build/obj/hal_serial_lld.o (symbol from plugin)