Archive member included to satisfy reference by file (symbol)

/home/rob/Data/rob/Projects/ChibiStudio/ChibiStudio_20/tools/GNU Tools ARM Embedded/9.2.1 2019q4/bin/../lib/gcc/arm-none-eabi/9.2.1/../../../../arm-none-eabi/lib/thumb/v7e-m/nofp/libg.a(lib_a-ctype_.o)
                              ./build/obj/chscanf.o (symbol from plugin) (_ctype_)
/home/rob/Data/rob/Projects/ChibiStudio/ChibiStudio_20/tools/GNU Tools ARM Embedded/9.2.1 2019q4/bin/../lib/gcc/arm-none-eabi/9.2.1/../../../../arm-none-eabi/lib/thumb/v7e-m/nofp/libg.a(lib_a-strtol.o)
                              ./build/obj/comm.o (symbol from plugin) (strtol)
/home/rob/Data/rob/Projects/ChibiStudio/ChibiStudio_20/tools/GNU Tools ARM Embedded/9.2.1 2019q4/bin/../lib/gcc/arm-none-eabi/9.2.1/../../../../arm-none-eabi/lib/thumb/v7e-m/nofp/libg.a(lib_a-impure.o)
                              /home/rob/Data/rob/Projects/ChibiStudio/ChibiStudio_20/tools/GNU Tools ARM Embedded/9.2.1 2019q4/bin/../lib/gcc/arm-none-eabi/9.2.1/../../../../arm-none-eabi/lib/thumb/v7e-m/nofp/libg.a(lib_a-strtol.o) (_impure_ptr)
/home/rob/Data/rob/Projects/ChibiStudio/ChibiStudio_20/tools/GNU Tools ARM Embedded/9.2.1 2019q4/bin/../lib/gcc/arm-none-eabi/9.2.1/../../../../arm-none-eabi/lib/thumb/v7e-m/nofp/libg.a(lib_a-memcpy.o)
                              /tmp/ch.elf.nFvnif.ltrans0.ltrans.o (memcpy)
/home/rob/Data/rob/Projects/ChibiStudio/ChibiStudio_20/tools/GNU Tools ARM Embedded/9.2.1 2019q4/bin/../lib/gcc/arm-none-eabi/9.2.1/../../../../arm-none-eabi/lib/thumb/v7e-m/nofp/libg.a(lib_a-memset.o)
                              /tmp/ch.elf.nFvnif.ltrans0.ltrans.o (memset)
/home/rob/Data/rob/Projects/ChibiStudio/ChibiStudio_20/tools/GNU Tools ARM Embedded/9.2.1 2019q4/bin/../lib/gcc/arm-none-eabi/9.2.1/../../../../arm-none-eabi/lib/thumb/v7e-m/nofp/libg.a(lib_a-strchr.o)
                              /tmp/ch.elf.nFvnif.ltrans0.ltrans.o (strchr)
/home/rob/Data/rob/Projects/ChibiStudio/ChibiStudio_20/tools/GNU Tools ARM Embedded/9.2.1 2019q4/bin/../lib/gcc/arm-none-eabi/9.2.1/../../../../arm-none-eabi/lib/thumb/v7e-m/nofp/libg.a(lib_a-strcmp.o)
                              /tmp/ch.elf.nFvnif.ltrans0.ltrans.o (strcmp)
/home/rob/Data/rob/Projects/ChibiStudio/ChibiStudio_20/tools/GNU Tools ARM Embedded/9.2.1 2019q4/bin/../lib/gcc/arm-none-eabi/9.2.1/../../../../arm-none-eabi/lib/thumb/v7e-m/nofp/libg.a(lib_a-strlen.o)
                              /tmp/ch.elf.nFvnif.ltrans0.ltrans.o (strlen)
/home/rob/Data/rob/Projects/ChibiStudio/ChibiStudio_20/tools/GNU Tools ARM Embedded/9.2.1 2019q4/bin/../lib/gcc/arm-none-eabi/9.2.1/../../../../arm-none-eabi/lib/thumb/v7e-m/nofp/libg.a(lib_a-strpbrk.o)
                              /tmp/ch.elf.nFvnif.ltrans0.ltrans.o (strpbrk)
/home/rob/Data/rob/Projects/ChibiStudio/ChibiStudio_20/tools/GNU Tools ARM Embedded/9.2.1 2019q4/bin/../lib/gcc/arm-none-eabi/9.2.1/../../../../arm-none-eabi/lib/thumb/v7e-m/nofp/libg.a(lib_a-strspn.o)
                              /tmp/ch.elf.nFvnif.ltrans0.ltrans.o (strspn)
/home/rob/Data/rob/Projects/ChibiStudio/ChibiStudio_20/tools/GNU Tools ARM Embedded/9.2.1 2019q4/bin/../lib/gcc/arm-none-eabi/9.2.1/../../../../arm-none-eabi/lib/thumb/v7e-m/nofp/libg.a(lib_a-strstr.o)
                              /tmp/ch.elf.nFvnif.ltrans0.ltrans.o (strstr)
/home/rob/Data/rob/Projects/ChibiStudio/ChibiStudio_20/tools/GNU Tools ARM Embedded/9.2.1 2019q4/bin/../lib/gcc/arm-none-eabi/9.2.1/../../../../arm-none-eabi/lib/thumb/v7e-m/nofp/libg.a(lib_a-memcmp.o)
                              /home/rob/Data/rob/Projects/ChibiStudio/ChibiStudio_20/tools/GNU Tools ARM Embedded/9.2.1 2019q4/bin/../lib/gcc/arm-none-eabi/9.2.1/../../../../arm-none-eabi/lib/thumb/v7e-m/nofp/libg.a(lib_a-strstr.o) (memcmp)
/home/rob/Data/rob/Projects/ChibiStudio/ChibiStudio_20/tools/GNU Tools ARM Embedded/9.2.1 2019q4/bin/../lib/gcc/arm-none-eabi/9.2.1/../../../../arm-none-eabi/lib/thumb/v7e-m/nofp/libg.a(lib_a-strnlen.o)
                              /home/rob/Data/rob/Projects/ChibiStudio/ChibiStudio_20/tools/GNU Tools ARM Embedded/9.2.1 2019q4/bin/../lib/gcc/arm-none-eabi/9.2.1/../../../../arm-none-eabi/lib/thumb/v7e-m/nofp/libg.a(lib_a-strstr.o) (strnlen)

Discarded input sections

 .data          0x0000000000000000        0x0 ./build/obj/crt0_v7m.o
 .bss           0x0000000000000000        0x0 ./build/obj/crt0_v7m.o
 .data          0x0000000000000000        0x0 ./build/obj/vectors.o
 .bss           0x0000000000000000        0x0 ./build/obj/vectors.o
 .data          0x0000000000000000        0x0 ./build/obj/chcoreasm_v7m.o
 .bss           0x0000000000000000        0x0 ./build/obj/chcoreasm_v7m.o
 .text          0x0000000000000000        0x0 /tmp/ch.elf.nFvnif.ltrans0.ltrans.o
 .data          0x0000000000000000        0x0 /tmp/ch.elf.nFvnif.ltrans0.ltrans.o
 .bss           0x0000000000000000        0x0 /tmp/ch.elf.nFvnif.ltrans0.ltrans.o
 .comment       0x0000000000000000       0x7a /tmp/cc0PwJYi.debug.temp.o
[...]
Memory Configuration

Name             Origin             Length             Attributes
flash0           0x0000000008000000 0x0000000000040000 xr
flash1           0x0000000000000000 0x0000000000000000 xr
flash2           0x0000000000000000 0x0000000000000000 xr
flash3           0x0000000000000000 0x0000000000000000 xr
flash4           0x0000000000000000 0x0000000000000000 xr
flash5           0x0000000000000000 0x0000000000000000 xr
flash6           0x0000000000000000 0x0000000000000000 xr
flash7           0x0000000000000000 0x0000000000000000 xr
ram0             0x0000000020000000 0x0000000000010000 xw
ram1             0x0000000000000000 0x0000000000000000 xw
ram2             0x0000000000000000 0x0000000000000000 xw
ram3             0x0000000000000000 0x0000000000000000 xw
ram4             0x0000000000000000 0x0000000000000000 xw
ram5             0x0000000000000000 0x0000000000000000 xw
ram6             0x0000000000000000 0x0000000000000000 xw
ram7             0x0000000000000000 0x0000000000000000 xw
*default*        0x0000000000000000 0xffffffffffffffff

Linker script and memory map

LOAD ./build/obj/crt0_v7m.o
LOAD ./build/obj/vectors.o
LOAD ./build/obj/chcoreasm_v7m.o
LOAD /tmp/ch.elf.nFvnif.ltrans0.ltrans.o
LOAD /tmp/cc0PwJYi.debug.temp.o
LOAD /tmp/ccNbRrHf.debug.temp.o
LOAD /tmp/ccTSRZ5e.debug.temp.o
LOAD /tmp/ccamTGth.debug.temp.o
LOAD /tmp/cc7WEvFi.debug.temp.o
LOAD /tmp/cctsaUUh.debug.temp.o
LOAD /tmp/ccgsnvWi.debug.temp.o
LOAD /tmp/ccDYFzlj.debug.temp.o
LOAD /tmp/cc2VpU3e.debug.temp.o
LOAD /tmp/ccTOofLi.debug.temp.o
LOAD /tmp/cckCd6Vh.debug.temp.o
LOAD /tmp/ccVEtPxg.debug.temp.o
LOAD /tmp/cculSJ5i.debug.temp.o
LOAD /tmp/ccoM4Xzi.debug.temp.o
LOAD /tmp/ccATp8df.debug.temp.o
LOAD /tmp/ccrOZBFi.debug.temp.o
LOAD /tmp/ccMb7J6f.debug.temp.o
LOAD /tmp/ccRAhyni.debug.temp.o
LOAD /tmp/ccQC03hg.debug.temp.o
LOAD /tmp/ccNiOQXi.debug.temp.o
LOAD /tmp/ccSkLuXh.debug.temp.o
LOAD /tmp/ccQIiTYf.debug.temp.o
LOAD /tmp/ccrkVIjh.debug.temp.o
LOAD /tmp/ccX3Jxvi.debug.temp.o
LOAD /tmp/ccTwhuOh.debug.temp.o
LOAD /tmp/ccVgTzwf.debug.temp.o
LOAD /tmp/ccpaxkoh.debug.temp.o
LOAD /tmp/cclS9K7h.debug.temp.o
LOAD /tmp/ccdeYpXe.debug.temp.o
LOAD /tmp/ccDUPy3f.debug.temp.o
LOAD /tmp/ccVgMwaj.debug.temp.o
LOAD /tmp/ccyxTmci.debug.temp.o
LOAD /tmp/ccjicRzh.debug.temp.o
LOAD /tmp/ccuEb5Oi.debug.temp.o
LOAD /tmp/cciW80ng.debug.temp.o
LOAD /tmp/ccYGFcGg.debug.temp.o
LOAD /tmp/cctdw5bh.debug.temp.o
LOAD /tmp/ccNdAjGg.debug.temp.o
LOAD /tmp/ccZN40Fi.debug.temp.o
LOAD /tmp/cc6vZcTh.debug.temp.o
LOAD /tmp/cclgjEMf.debug.temp.o
LOAD /tmp/ccsXSaSh.debug.temp.o
LOAD /tmp/ccFszTei.debug.temp.o
LOAD /tmp/ccZUNl2h.debug.temp.o
LOAD /tmp/ccL2BTqh.debug.temp.o
LOAD /tmp/ccMNnYdg.debug.temp.o
LOAD /tmp/cc3LAUhh.debug.temp.o
LOAD /tmp/cc4A16pf.debug.temp.o
LOAD /tmp/cc5SyE7g.debug.temp.o
LOAD /tmp/ccCqlQ5h.debug.temp.o
LOAD /tmp/ccwXAOFh.debug.temp.o
LOAD /tmp/ccbo4VEf.debug.temp.o
LOAD /tmp/ccgR7nZf.debug.temp.o
LOAD /tmp/ccZQee0h.debug.temp.o
LOAD /tmp/ccmaB5Cg.debug.temp.o
LOAD /tmp/ccM3Leqf.debug.temp.o
LOAD /tmp/ccQpwHbi.debug.temp.o
LOAD /tmp/ccNxZXkg.debug.temp.o
LOAD /tmp/cciSCFlf.debug.temp.o
LOAD /tmp/ccbF4Yph.debug.temp.o
LOAD /tmp/ccsfpDkf.debug.temp.o
LOAD /tmp/cc0Sxznj.debug.temp.o
LOAD /tmp/cciyQK8i.debug.temp.o
LOAD /tmp/ccXJnc2g.debug.temp.o
LOAD /tmp/ccTIRDVe.debug.temp.o

.mstack         0x0000000020000000      0x400
                0x0000000020000000                . = ALIGN (0x8)
                0x0000000020000000                __main_stack_base__ = .
                0x0000000020000400                . = (. + __main_stack_size__)
 *fill*         0x0000000020000000      0x400 
                0x0000000020000400                . = ALIGN (0x8)
                0x0000000020000400                __main_stack_end__ = .

.pstack         0x0000000020000400      0x400
                0x0000000020000400                . = ALIGN (0x8)
                0x0000000020000400                __process_stack_base__ = .
                0x0000000020000400                __main_thread_stack_base__ = .
                0x0000000020000800                . = (. + __process_stack_size__)
 *fill*         0x0000000020000400      0x400 
                0x0000000020000800                . = ALIGN (0x8)
                0x0000000020000800                __process_stack_end__ = .
                0x0000000020000800                __main_thread_stack_end__ = .

.vectors        0x0000000008000000      0x1e0
 *(.vectors)
 .vectors       0x0000000008000000      0x1e0 ./build/obj/vectors.o
                0x0000000008000000                _vectors

.xtors          0x00000000080001e0        0x0
                0x00000000080001e0                __init_array_base__ = .
 *(SORT_BY_NAME(.init_array.*))
 *(.init_array)
                0x00000000080001e0                __init_array_end__ = .
                0x00000000080001e0                __fini_array_base__ = .
 *(.fini_array)
 *(SORT_BY_NAME(.fini_array.*))
                0x00000000080001e0                __fini_array_end__ = .

.text           0x0000000008000200     0x99a0
                0x0000000008000200                __text_base__ = .
 *(.text)
 .text          0x0000000008000200       0xd8 ./build/obj/crt0_v7m.o
                0x0000000008000200                _crt0_entry
 .text          0x00000000080002d8        0x8 ./build/obj/vectors.o
                0x00000000080002d8                Reset_Handler
                0x00000000080002da                Vector58
                0x00000000080002da                VectorE8
                0x00000000080002da                Vector9C
                0x00000000080002da                VectorAC
                0x00000000080002da                DebugMon_Handler
                0x00000000080002da                Vector1A0
                0x00000000080002da                Vector5C
                0x00000000080002da                Vector11C
                0x00000000080002da                HardFault_Handler
                0x00000000080002da                Vector1B8
                0x00000000080002da                Vector19C
                0x00000000080002da                Vector8C
                0x00000000080002da                SysTick_Handler
                0x00000000080002da                VectorDC
                0x00000000080002da                PendSV_Handler
                0x00000000080002da                Vector168
                0x00000000080002da                NMI_Handler
                0x00000000080002da                Vector110
                0x00000000080002da                Vector1D8
                0x00000000080002da                VectorC8
                0x00000000080002da                Vector94
                0x00000000080002da                VectorA8
                0x00000000080002da                VectorB4
                0x00000000080002da                Vector160
                0x00000000080002da                Vector1B0
                0x00000000080002da                UsageFault_Handler
                0x00000000080002da                VectorEC
                0x00000000080002da                Vector40
                0x00000000080002da                VectorF8
                0x00000000080002da                Vector190
                0x00000000080002da                Vector1C4
                0x00000000080002da                Vector1CC
                0x00000000080002da                Vector148
                0x00000000080002da                Vector188
                0x00000000080002da                Vector198
                0x00000000080002da                Vector118
                0x00000000080002da                Vector64
                0x00000000080002da                VectorCC
                0x00000000080002da                Vector54
                0x00000000080002da                Vector98
                0x00000000080002da                Vector138
                0x00000000080002da                Vector24
                0x00000000080002da                Vector1AC
                0x00000000080002da                Vector178
                0x00000000080002da                SecureFault_Handler
                0x00000000080002da                Vector1A4
                0x00000000080002da                VectorD0
                0x00000000080002da                Vector1B4
                0x00000000080002da                Vector140
                0x00000000080002da                VectorE4
                0x00000000080002da                Vector1C0
                0x00000000080002da                Vector134
                0x00000000080002da                Vector1D0
                0x00000000080002da                VectorF0
                0x00000000080002da                Vector13C
                0x00000000080002da                Vector100
                0x00000000080002da                VectorE0
                0x00000000080002da                VectorF4
                0x00000000080002da                MemManage_Handler
                0x00000000080002da                VectorA0
                0x00000000080002da                VectorC4
                0x00000000080002da                Vector180
                0x00000000080002da                Vector90
                0x00000000080002da                Vector114
                0x00000000080002da                Vector164
                0x00000000080002da                Vector60
                0x00000000080002da                Vector1BC
                0x00000000080002da                Vector1D4
                0x00000000080002da                Vector17C
                0x00000000080002da                Vector48
                0x00000000080002da                Vector1A8
                0x00000000080002da                Vector16C
                0x00000000080002da                Vector4C
                0x00000000080002da                Vector144
                0x00000000080002da                Vector68
                0x00000000080002da                Vector170
                0x00000000080002da                Vector88
                0x00000000080002da                Vector104
                0x00000000080002da                Vector184
                0x00000000080002da                Vector10C
                0x00000000080002da                BusFault_Handler
                0x00000000080002da                Vector50
                0x00000000080002da                Vector1C8
                0x00000000080002da                Vector194
                0x00000000080002da                Vector1DC
                0x00000000080002da                Vector44
                0x00000000080002da                Vector28
                0x00000000080002da                VectorB8
                0x00000000080002da                Vector34
                0x00000000080002da                VectorA4
                0x00000000080002da                Vector20
                0x00000000080002da                Vector18C
                0x00000000080002da                Vector174
                0x00000000080002de                _unhandled_exception
 .text          0x00000000080002e0       0x2a ./build/obj/chcoreasm_v7m.o
                0x00000000080002e0                _port_switch
                0x00000000080002f0                _port_thread_start
                0x0000000008000302                _port_switch_from_isr
                0x0000000008000306                _port_exit_from_isr
 *fill*         0x000000000800030a        0x2 
 .text          0x000000000800030c      0x134 /home/rob/Data/rob/Projects/ChibiStudio/ChibiStudio_20/tools/GNU Tools ARM Embedded/9.2.1 2019q4/bin/../lib/gcc/arm-none-eabi/9.2.1/../../../../arm-none-eabi/lib/thumb/v7e-m/nofp/libg.a(lib_a-memcpy.o)
                0x000000000800030c                memcpy
 .text          0x0000000008000440      0x2dc /home/rob/Data/rob/Projects/ChibiStudio/ChibiStudio_20/tools/GNU Tools ARM Embedded/9.2.1 2019q4/bin/../lib/gcc/arm-none-eabi/9.2.1/../../../../arm-none-eabi/lib/thumb/v7e-m/nofp/libg.a(lib_a-strcmp.o)
                0x0000000008000448                strcmp
 *fill*         0x000000000800071c       0x24 
 .text          0x0000000008000740       0xdc /home/rob/Data/rob/Projects/ChibiStudio/ChibiStudio_20/tools/GNU Tools ARM Embedded/9.2.1 2019q4/bin/../lib/gcc/arm-none-eabi/9.2.1/../../../../arm-none-eabi/lib/thumb/v7e-m/nofp/libg.a(lib_a-strlen.o)
                0x0000000008000740                strlen
 *(.text.*)
 *fill*         0x000000000800081c        0x4 
 .text.sdObjectInit.constprop.0
                0x0000000008000820       0x58 /tmp/ch.elf.nFvnif.ltrans0.ltrans.o
 *fill*         0x0000000008000878        0x8 
 .text.dmaStreamAllocI.part.0.constprop.0
                0x0000000008000880       0xcc /tmp/ch.elf.nFvnif.ltrans0.ltrans.o
 *fill*         0x000000000800094c        0x4 
 .text.otg_txfifo_handler.constprop.0
                0x0000000008000950       0x90 /tmp/ch.elf.nFvnif.ltrans0.ltrans.o
 .text.chCoreAllocFromTop
                0x00000000080009e0       0x3c /tmp/ch.elf.nFvnif.ltrans0.ltrans.o
 *fill*         0x0000000008000a1c        0x4 
 .text.notify1  0x0000000008000a20       0x10 /tmp/ch.elf.nFvnif.ltrans0.ltrans.o
 .text.notify2  0x0000000008000a30       0x10 /tmp/ch.elf.nFvnif.ltrans0.ltrans.o
 .text.notify6  0x0000000008000a40       0x10 /tmp/ch.elf.nFvnif.ltrans0.ltrans.o
 .text.check_BUS
                0x0000000008000a50       0x78 /tmp/ch.elf.nFvnif.ltrans0.ltrans.o
 *fill*         0x0000000008000ac8        0x8 
 .text.select_chip
                0x0000000008000ad0      0x1f8 /tmp/ch.elf.nFvnif.ltrans0.ltrans.o
 *fill*         0x0000000008000cc8        0x8 
 .text.gptcb    0x0000000008000cd0       0x1c /tmp/ch.elf.nFvnif.ltrans0.ltrans.o
 *fill*         0x0000000008000cec        0x4 
 .text.requests_hook
                0x0000000008000cf0       0x5c /tmp/ch.elf.nFvnif.ltrans0.ltrans.o
 *fill*         0x0000000008000d4c        0x4 
 .text.get_descriptor
                0x0000000008000d50       0x34 /tmp/ch.elf.nFvnif.ltrans0.ltrans.o
 *fill*         0x0000000008000d84        0xc 
 .text.sym_to_val
                0x0000000008000d90       0x58 /tmp/ch.elf.nFvnif.ltrans0.ltrans.o
 *fill*         0x0000000008000de8        0x8 
 .text._port_irq_epilogue
                0x0000000008000df0       0x4c /tmp/ch.elf.nFvnif.ltrans0.ltrans.o
 *fill*         0x0000000008000e3c        0x4 
 .text.chCoreAllocAlignedI
                0x0000000008000e40       0x28 /tmp/ch.elf.nFvnif.ltrans0.ltrans.o
 *fill*         0x0000000008000e68        0x8 
 .text.chTMStopMeasurementX
                0x0000000008000e70       0x44 /tmp/ch.elf.nFvnif.ltrans0.ltrans.o
 *fill*         0x0000000008000eb4        0xc 
 .text.chTMStartMeasurementX
                0x0000000008000ec0        0xc /tmp/ch.elf.nFvnif.ltrans0.ltrans.o
 *fill*         0x0000000008000ecc        0x4 
 .text.chThdCreateSuspendedI
                0x0000000008000ed0       0x78 /tmp/ch.elf.nFvnif.ltrans0.ltrans.o
 *fill*         0x0000000008000f48        0x8 
 .text.wakeup   0x0000000008000f50       0x6c /tmp/ch.elf.nFvnif.ltrans0.ltrans.o
 *fill*         0x0000000008000fbc        0x4 
 .text.chSchReadyI
                0x0000000008000fc0       0x24 /tmp/ch.elf.nFvnif.ltrans0.ltrans.o
 *fill*         0x0000000008000fe4        0xc 
 .text.chThdDequeueAllI.constprop.0
                0x0000000008000ff0       0x24 /tmp/ch.elf.nFvnif.ltrans0.ltrans.o
 *fill*         0x0000000008001014        0xc 
 .text.chThdDequeueNextI.constprop.0
                0x0000000008001020       0x18 /tmp/ch.elf.nFvnif.ltrans0.ltrans.o
 *fill*         0x0000000008001038        0x8 
 .text.chEvtBroadcastFlagsI
                0x0000000008001040       0x58 /tmp/ch.elf.nFvnif.ltrans0.ltrans.o
 *fill*         0x0000000008001098        0x8 
 .text.chSysPolledDelayX
                0x00000000080010a0       0x14 /tmp/ch.elf.nFvnif.ltrans0.ltrans.o
 *fill*         0x00000000080010b4        0xc 
 .text._idle_thread
                0x00000000080010c0        0x4 /tmp/ch.elf.nFvnif.ltrans0.ltrans.o
 *fill*         0x00000000080010c4        0xc 
 .text.serve_interrupt
                0x00000000080010d0      0x18c /tmp/ch.elf.nFvnif.ltrans0.ltrans.o
 *fill*         0x000000000800125c        0x4 
 .text.spi_lld_serve_tx_interrupt
                0x0000000008001260       0x1c /tmp/ch.elf.nFvnif.ltrans0.ltrans.o
 *fill*         0x000000000800127c        0x4 
 .text.spi_lld_serve_rx_interrupt
                0x0000000008001280       0xcc /tmp/ch.elf.nFvnif.ltrans0.ltrans.o
 *fill*         0x000000000800134c        0x4 
 .text.usb_lld_start_in
                0x0000000008001350       0xa0 /tmp/ch.elf.nFvnif.ltrans0.ltrans.o
 .text.otg_epin_handler.constprop.0
                0x00000000080013f0       0x88 /tmp/ch.elf.nFvnif.ltrans0.ltrans.o
 *fill*         0x0000000008001478        0x8 
 .text.usb_lld_start_out
                0x0000000008001480       0x80 /tmp/ch.elf.nFvnif.ltrans0.ltrans.o
 .text.otg_epout_handler.constprop.0
                0x0000000008001500       0x9c /tmp/ch.elf.nFvnif.ltrans0.ltrans.o
 *fill*         0x000000000800159c        0x4 
 .text._pal_lld_setgroupmode
                0x00000000080015a0       0xd0 /tmp/ch.elf.nFvnif.ltrans0.ltrans.o
 .text._usb_ep0out
                0x0000000008001670       0x94 /tmp/ch.elf.nFvnif.ltrans0.ltrans.o
 *fill*         0x0000000008001704        0xc 
 .text._usb_ep0in
                0x0000000008001710       0xd8 /tmp/ch.elf.nFvnif.ltrans0.ltrans.o
 *fill*         0x00000000080017e8        0x8 
 .text.usbStartTransmitI
                0x00000000080017f0       0x28 /tmp/ch.elf.nFvnif.ltrans0.ltrans.o
 *fill*         0x0000000008001818        0x8 
 .text.usbDisableEndpointsI
                0x0000000008001820       0x70 /tmp/ch.elf.nFvnif.ltrans0.ltrans.o
 .text.sduInterruptTransmitted
                0x0000000008001890        0x4 /tmp/ch.elf.nFvnif.ltrans0.ltrans.o
 *fill*         0x0000000008001894        0xc 
 .text._ctl.lto_priv.0
                0x00000000080018a0        0x4 /tmp/ch.elf.nFvnif.ltrans0.ltrans.o
 *fill*         0x00000000080018a4        0xc 
 .text._ctl     0x00000000080018b0        0x4 /tmp/ch.elf.nFvnif.ltrans0.ltrans.o
 *fill*         0x00000000080018b4        0xc 
 .text.sdu_start_receive
                0x00000000080018c0       0x60 /tmp/ch.elf.nFvnif.ltrans0.ltrans.o
 .text.ibnotify
                0x0000000008001920        0x8 /tmp/ch.elf.nFvnif.ltrans0.ltrans.o
 *fill*         0x0000000008001928        0x8 
 .text.sduDataReceived
                0x0000000008001930       0x64 /tmp/ch.elf.nFvnif.ltrans0.ltrans.o
 *fill*         0x0000000008001994        0xc 
 .text.obqGetFullBufferI
                0x00000000080019a0       0x1c /tmp/ch.elf.nFvnif.ltrans0.ltrans.o
 *fill*         0x00000000080019bc        0x4 
 .text.obnotify
                0x00000000080019c0       0x44 /tmp/ch.elf.nFvnif.ltrans0.ltrans.o
 *fill*         0x0000000008001a04        0xc 
 .text.sof_handler
                0x0000000008001a10       0x8c /tmp/ch.elf.nFvnif.ltrans0.ltrans.o
 *fill*         0x0000000008001a9c        0x4 
 .text.sduDataTransmitted
                0x0000000008001aa0       0xa8 /tmp/ch.elf.nFvnif.ltrans0.ltrans.o
 *fill*         0x0000000008001b48        0x8 
 .text.chSchWakeupS.constprop.0
                0x0000000008001b50       0x58 /tmp/ch.elf.nFvnif.ltrans0.ltrans.o
 *fill*         0x0000000008001ba8        0x8 
 .text.chSchGoSleepS
                0x0000000008001bb0       0x28 /tmp/ch.elf.nFvnif.ltrans0.ltrans.o
 *fill*         0x0000000008001bd8        0x8 
 .text.chSchGoSleepTimeoutS
                0x0000000008001be0      0x110 /tmp/ch.elf.nFvnif.ltrans0.ltrans.o
 .text.chThdEnqueueTimeoutS
                0x0000000008001cf0       0x28 /tmp/ch.elf.nFvnif.ltrans0.ltrans.o
 *fill*         0x0000000008001d18        0x8 
 .text.oqPutTimeout
                0x0000000008001d20       0x50 /tmp/ch.elf.nFvnif.ltrans0.ltrans.o
 .text._putt.lto_priv.0
                0x0000000008001d70        0x8 /tmp/ch.elf.nFvnif.ltrans0.ltrans.o
 *fill*         0x0000000008001d78        0x8 
 .text._put.lto_priv.0
                0x0000000008001d80        0xc /tmp/ch.elf.nFvnif.ltrans0.ltrans.o
 *fill*         0x0000000008001d8c        0x4 
 .text.iqGetTimeout
                0x0000000008001d90       0x54 /tmp/ch.elf.nFvnif.ltrans0.ltrans.o
 *fill*         0x0000000008001de4        0xc 
 .text._gett.lto_priv.0
                0x0000000008001df0        0x8 /tmp/ch.elf.nFvnif.ltrans0.ltrans.o
 *fill*         0x0000000008001df8        0x8 
 .text._get.lto_priv.0
                0x0000000008001e00        0xc /tmp/ch.elf.nFvnif.ltrans0.ltrans.o
 *fill*         0x0000000008001e0c        0x4 
 .text.obqGetEmptyBufferTimeoutS
                0x0000000008001e10       0x34 /tmp/ch.elf.nFvnif.ltrans0.ltrans.o
 *fill*         0x0000000008001e44        0xc 
 .text.obqPutTimeout
                0x0000000008001e50       0x64 /tmp/ch.elf.nFvnif.ltrans0.ltrans.o
 *fill*         0x0000000008001eb4        0xc 
 .text._putt.lto_priv.1
                0x0000000008001ec0        0x8 /tmp/ch.elf.nFvnif.ltrans0.ltrans.o
 *fill*         0x0000000008001ec8        0x8 
 .text._put.lto_priv.1
                0x0000000008001ed0        0xc /tmp/ch.elf.nFvnif.ltrans0.ltrans.o
 *fill*         0x0000000008001edc        0x4 
 .text.ibqGetFullBufferTimeoutS
                0x0000000008001ee0       0x34 /tmp/ch.elf.nFvnif.ltrans0.ltrans.o
 *fill*         0x0000000008001f14        0xc 
 .text.ibqGetTimeout
                0x0000000008001f20       0x5c /tmp/ch.elf.nFvnif.ltrans0.ltrans.o
 *fill*         0x0000000008001f7c        0x4 
 .text._gett.lto_priv.1
                0x0000000008001f80        0x8 /tmp/ch.elf.nFvnif.ltrans0.ltrans.o
 *fill*         0x0000000008001f88        0x8 
 .text._get.lto_priv.1
                0x0000000008001f90        0xc /tmp/ch.elf.nFvnif.ltrans0.ltrans.o
 *fill*         0x0000000008001f9c        0x4 
 .text.chThdSleep
                0x0000000008001fa0       0x18 /tmp/ch.elf.nFvnif.ltrans0.ltrans.o
 *fill*         0x0000000008001fb8        0x8 
 .text.read_byte
                0x0000000008001fc0       0xbc /tmp/ch.elf.nFvnif.ltrans0.ltrans.o
 *fill*         0x000000000800207c        0x4 
 .text.read_single_byte.constprop.0
                0x0000000008002080       0x4c /tmp/ch.elf.nFvnif.ltrans0.ltrans.o
 *fill*         0x00000000080020cc        0x4 
 .text.read_block.constprop.0
                0x00000000080020d0       0x68 /tmp/ch.elf.nFvnif.ltrans0.ltrans.o
 *fill*         0x0000000008002138        0x8 
 .text.spiSend.constprop.0
                0x0000000008002140       0x60 /tmp/ch.elf.nFvnif.ltrans0.ltrans.o
 .text.write_byte
                0x00000000080021a0       0x58 /tmp/ch.elf.nFvnif.ltrans0.ltrans.o
 *fill*         0x00000000080021f8        0x8 
 .text.write_block.constprop.0
                0x0000000008002200       0x70 /tmp/ch.elf.nFvnif.ltrans0.ltrans.o
 .text.chMtxLockS
                0x0000000008002270       0xc0 /tmp/ch.elf.nFvnif.ltrans0.ltrans.o
 .text.chThdExitS
                0x0000000008002330       0x48 /tmp/ch.elf.nFvnif.ltrans0.ltrans.o
 *fill*         0x0000000008002378        0x8 
 .text.chscanf.constprop.0
                0x0000000008002380      0x580 /tmp/ch.elf.nFvnif.ltrans0.ltrans.o
 .text.chprintf
                0x0000000008002900      0x4ac /tmp/ch.elf.nFvnif.ltrans0.ltrans.o
 *fill*         0x0000000008002dac        0x4 
 .text.debug_print_state
                0x0000000008002db0      0x414 /tmp/ch.elf.nFvnif.ltrans0.ltrans.o
 *fill*         0x00000000080031c4        0xc 
 .text.CharacterInputThread
                0x00000000080031d0     0x3258 /tmp/ch.elf.nFvnif.ltrans0.ltrans.o
 *fill*         0x0000000008006428        0x8 
 .text.cmd_wc   0x0000000008006430       0x3c /tmp/ch.elf.nFvnif.ltrans0.ltrans.o
 *fill*         0x000000000800646c        0x4 
 .text.cmd_echo
                0x0000000008006470       0x20 /tmp/ch.elf.nFvnif.ltrans0.ltrans.o
 .text.cmd_test
                0x0000000008006490       0x60 /tmp/ch.elf.nFvnif.ltrans0.ltrans.o
 .text.cmd_wb   0x00000000080064f0       0xa8 /tmp/ch.elf.nFvnif.ltrans0.ltrans.o
 *fill*         0x0000000008006598        0x8 
 .text.cmd_rb   0x00000000080065a0       0x4c /tmp/ch.elf.nFvnif.ltrans0.ltrans.o
 *fill*         0x00000000080065ec        0x4 
 .text.cmd_fill
                0x00000000080065f0       0xa0 /tmp/ch.elf.nFvnif.ltrans0.ltrans.o
 .text.cmd_spi  0x0000000008006690       0x30 /tmp/ch.elf.nFvnif.ltrans0.ltrans.o
 .text.cmd_br   0x00000000080066c0      0x10c /tmp/ch.elf.nFvnif.ltrans0.ltrans.o
 *fill*         0x00000000080067cc        0x4 
 .text.usbInitEndpointI
                0x00000000080067d0      0x174 /tmp/ch.elf.nFvnif.ltrans0.ltrans.o
 *fill*         0x0000000008006944        0xc 
 .text.usb_event
                0x0000000008006950       0xf4 /tmp/ch.elf.nFvnif.ltrans0.ltrans.o
 *fill*         0x0000000008006a44        0xc 
 .text.get_history
                0x0000000008006a50       0xf4 /tmp/ch.elf.nFvnif.ltrans0.ltrans.o
 *fill*         0x0000000008006b44        0xc 
 .text._usb_ep0setup
                0x0000000008006b50      0x39c /tmp/ch.elf.nFvnif.ltrans0.ltrans.o
 *fill*         0x0000000008006eec        0x4 
 .text.oqWriteTimeout
                0x0000000008006ef0       0xd4 /tmp/ch.elf.nFvnif.ltrans0.ltrans.o
 *fill*         0x0000000008006fc4        0xc 
 .text._writet.lto_priv.0
                0x0000000008006fd0        0x8 /tmp/ch.elf.nFvnif.ltrans0.ltrans.o
 *fill*         0x0000000008006fd8        0x8 
 .text._write.lto_priv.0
                0x0000000008006fe0        0xc /tmp/ch.elf.nFvnif.ltrans0.ltrans.o
 *fill*         0x0000000008006fec        0x4 
 .text.iqReadTimeout
                0x0000000008006ff0       0xd4 /tmp/ch.elf.nFvnif.ltrans0.ltrans.o
 *fill*         0x00000000080070c4        0xc 
 .text._readt.lto_priv.0
                0x00000000080070d0        0x8 /tmp/ch.elf.nFvnif.ltrans0.ltrans.o
 *fill*         0x00000000080070d8        0x8 
 .text._read.lto_priv.0
                0x00000000080070e0        0xc /tmp/ch.elf.nFvnif.ltrans0.ltrans.o
 *fill*         0x00000000080070ec        0x4 
 .text.obqWriteTimeout
                0x00000000080070f0       0xd8 /tmp/ch.elf.nFvnif.ltrans0.ltrans.o
 *fill*         0x00000000080071c8        0x8 
 .text._writet.lto_priv.1
                0x00000000080071d0        0x8 /tmp/ch.elf.nFvnif.ltrans0.ltrans.o
 *fill*         0x00000000080071d8        0x8 
 .text._write.lto_priv.1
                0x00000000080071e0        0xc /tmp/ch.elf.nFvnif.ltrans0.ltrans.o
 *fill*         0x00000000080071ec        0x4 
 .text.ibqReadTimeout
                0x00000000080071f0       0xcc /tmp/ch.elf.nFvnif.ltrans0.ltrans.o
 *fill*         0x00000000080072bc        0x4 
 .text._readt.lto_priv.1
                0x00000000080072c0        0x8 /tmp/ch.elf.nFvnif.ltrans0.ltrans.o
 *fill*         0x00000000080072c8        0x8 
 .text._read.lto_priv.1
                0x00000000080072d0        0xc /tmp/ch.elf.nFvnif.ltrans0.ltrans.o
 *fill*         0x00000000080072dc        0x4 
 .text.parse_arguments
                0x00000000080072e0       0x58 /tmp/ch.elf.nFvnif.ltrans0.ltrans.o
 *fill*         0x0000000008007338        0x8 
 .text.shellThread
                0x0000000008007340      0x600 /tmp/ch.elf.nFvnif.ltrans0.ltrans.o
 .text.SVC_Handler
                0x0000000008007940       0x14 /tmp/ch.elf.nFvnif.ltrans0.ltrans.o
                0x0000000008007940                SVC_Handler
 *fill*         0x0000000008007954        0xc 
 .text.chThdExit
                0x0000000008007960        0xc /tmp/ch.elf.nFvnif.ltrans0.ltrans.o
                0x0000000008007960                chThdExit
 *fill*         0x000000000800796c        0x4 
 .text.chSchDoRescheduleAhead
                0x0000000008007970       0x3c /tmp/ch.elf.nFvnif.ltrans0.ltrans.o
                0x0000000008007970                chSchDoReschedule
 *fill*         0x00000000080079ac        0x4 
 .text.chMtxUnlock
                0x00000000080079b0       0x74 /tmp/ch.elf.nFvnif.ltrans0.ltrans.o
 *fill*         0x0000000008007a24        0xc 
 .text.chThdRelease
                0x0000000008007a30       0xe8 /tmp/ch.elf.nFvnif.ltrans0.ltrans.o
 *fill*         0x0000000008007b18        0x8 
 .text.startup.main
                0x0000000008007b20      0xb94 /tmp/ch.elf.nFvnif.ltrans0.ltrans.o
                0x0000000008007b20                main
 *fill*         0x00000000080086b4        0xc 
 .text.__early_init
                0x00000000080086c0      0x1f0 /tmp/ch.elf.nFvnif.ltrans0.ltrans.o
                0x00000000080086c0                __early_init
 .text.Vector15C
                0x00000000080088b0       0x14 /tmp/ch.elf.nFvnif.ltrans0.ltrans.o
                0x00000000080088b0                Vector15C
 *fill*         0x00000000080088c4        0xc 
 .text.VectorD8
                0x00000000080088d0       0x14 /tmp/ch.elf.nFvnif.ltrans0.ltrans.o
                0x00000000080088d0                VectorD8
 *fill*         0x00000000080088e4        0xc 
 .text.VectorD4
                0x00000000080088f0       0x14 /tmp/ch.elf.nFvnif.ltrans0.ltrans.o
                0x00000000080088f0                VectorD4
 *fill*         0x0000000008008904        0xc 
 .text.Vector108
                0x0000000008008910       0x50 /tmp/ch.elf.nFvnif.ltrans0.ltrans.o
                0x0000000008008910                Vector108
 .text.VectorB0
                0x0000000008008960       0xb8 /tmp/ch.elf.nFvnif.ltrans0.ltrans.o
                0x0000000008008960                VectorB0
 *fill*         0x0000000008008a18        0x8 
 .text.Vector14C
                0x0000000008008a20      0x428 /tmp/ch.elf.nFvnif.ltrans0.ltrans.o
                0x0000000008008a20                Vector14C
 *fill*         0x0000000008008e48        0x8 
 .text.VectorC0
                0x0000000008008e50       0xe8 /tmp/ch.elf.nFvnif.ltrans0.ltrans.o
                0x0000000008008e50                VectorC0
 *fill*         0x0000000008008f38        0x8 
 .text.VectorBC
                0x0000000008008f40      0x124 /tmp/ch.elf.nFvnif.ltrans0.ltrans.o
                0x0000000008008f40                VectorBC
 *fill*         0x0000000008009064        0xc 
 .text.Vector158
                0x0000000008009070       0x2c /tmp/ch.elf.nFvnif.ltrans0.ltrans.o
                0x0000000008009070                Vector158
 *fill*         0x000000000800909c        0x4 
 .text.Vector154
                0x00000000080090a0       0x2c /tmp/ch.elf.nFvnif.ltrans0.ltrans.o
                0x00000000080090a0                Vector154
 *fill*         0x00000000080090cc        0x4 
 .text.Vector150
                0x00000000080090d0       0x2c /tmp/ch.elf.nFvnif.ltrans0.ltrans.o
                0x00000000080090d0                Vector150
 *fill*         0x00000000080090fc        0x4 
 .text.Vector130
                0x0000000008009100       0x28 /tmp/ch.elf.nFvnif.ltrans0.ltrans.o
                0x0000000008009100                Vector130
 *fill*         0x0000000008009128        0x8 
 .text.Vector12C
                0x0000000008009130       0x2c /tmp/ch.elf.nFvnif.ltrans0.ltrans.o
                0x0000000008009130                Vector12C
 *fill*         0x000000000800915c        0x4 
 .text.Vector128
                0x0000000008009160       0x2c /tmp/ch.elf.nFvnif.ltrans0.ltrans.o
                0x0000000008009160                Vector128
 *fill*         0x000000000800918c        0x4 
 .text.Vector124
                0x0000000008009190       0x2c /tmp/ch.elf.nFvnif.ltrans0.ltrans.o
                0x0000000008009190                Vector124
 *fill*         0x00000000080091bc        0x4 
 .text.Vector120
                0x00000000080091c0       0x28 /tmp/ch.elf.nFvnif.ltrans0.ltrans.o
                0x00000000080091c0                Vector120
 *fill*         0x00000000080091e8        0x8 
 .text.VectorFC
                0x00000000080091f0       0x2c /tmp/ch.elf.nFvnif.ltrans0.ltrans.o
                0x00000000080091f0                VectorFC
 *fill*         0x000000000800921c        0x4 
 .text.Vector84
                0x0000000008009220       0x2c /tmp/ch.elf.nFvnif.ltrans0.ltrans.o
                0x0000000008009220                Vector84
 *fill*         0x000000000800924c        0x4 
 .text.Vector80
                0x0000000008009250       0x2c /tmp/ch.elf.nFvnif.ltrans0.ltrans.o
                0x0000000008009250                Vector80
 *fill*         0x000000000800927c        0x4 
 .text.Vector7C
                0x0000000008009280       0x28 /tmp/ch.elf.nFvnif.ltrans0.ltrans.o
                0x0000000008009280                Vector7C
 *fill*         0x00000000080092a8        0x8 
 .text.Vector78
                0x00000000080092b0       0x2c /tmp/ch.elf.nFvnif.ltrans0.ltrans.o
                0x00000000080092b0                Vector78
 *fill*         0x00000000080092dc        0x4 
 .text.Vector74
                0x00000000080092e0       0x2c /tmp/ch.elf.nFvnif.ltrans0.ltrans.o
                0x00000000080092e0                Vector74
 *fill*         0x000000000800930c        0x4 
 .text.Vector70
                0x0000000008009310       0x2c /tmp/ch.elf.nFvnif.ltrans0.ltrans.o
                0x0000000008009310                Vector70
 *fill*         0x000000000800933c        0x4 
 .text.Vector6C
                0x0000000008009340       0x28 /tmp/ch.elf.nFvnif.ltrans0.ltrans.o
                0x0000000008009340                Vector6C
 *fill*         0x0000000008009368        0x8 
 .text.__init_ram_areas
                0x0000000008009370       0x68 /tmp/ch.elf.nFvnif.ltrans0.ltrans.o
                0x0000000008009370                __init_ram_areas
 *fill*         0x00000000080093d8        0x8 
 .text.__default_exit
                0x00000000080093e0        0x4 /tmp/ch.elf.nFvnif.ltrans0.ltrans.o
                0x00000000080093e0                __default_exit
 *fill*         0x00000000080093e4        0xc 
 .text.__late_init
                0x00000000080093f0        0x4 /tmp/ch.elf.nFvnif.ltrans0.ltrans.o
                0x00000000080093f0                __late_init
 *fill*         0x00000000080093f4        0xc 
 .text.__core_init
                0x0000000008009400        0x4 /tmp/ch.elf.nFvnif.ltrans0.ltrans.o
                0x0000000008009400                __core_init
 .text._strtol_l.isra.0
                0x0000000008009404      0x10c /home/rob/Data/rob/Projects/ChibiStudio/ChibiStudio_20/tools/GNU Tools ARM Embedded/9.2.1 2019q4/bin/../lib/gcc/arm-none-eabi/9.2.1/../../../../arm-none-eabi/lib/thumb/v7e-m/nofp/libg.a(lib_a-strtol.o)
 .text.strtol   0x0000000008009510       0x18 /home/rob/Data/rob/Projects/ChibiStudio/ChibiStudio_20/tools/GNU Tools ARM Embedded/9.2.1 2019q4/bin/../lib/gcc/arm-none-eabi/9.2.1/../../../../arm-none-eabi/lib/thumb/v7e-m/nofp/libg.a(lib_a-strtol.o)
                0x0000000008009510                strtol
 .text.memset   0x0000000008009528       0xa0 /home/rob/Data/rob/Projects/ChibiStudio/ChibiStudio_20/tools/GNU Tools ARM Embedded/9.2.1 2019q4/bin/../lib/gcc/arm-none-eabi/9.2.1/../../../../arm-none-eabi/lib/thumb/v7e-m/nofp/libg.a(lib_a-memset.o)
                0x0000000008009528                memset
 .text.strchr   0x00000000080095c8       0xd0 /home/rob/Data/rob/Projects/ChibiStudio/ChibiStudio_20/tools/GNU Tools ARM Embedded/9.2.1 2019q4/bin/../lib/gcc/arm-none-eabi/9.2.1/../../../../arm-none-eabi/lib/thumb/v7e-m/nofp/libg.a(lib_a-strchr.o)
                0x00000000080095c8                strchr
 .text.strpbrk  0x0000000008009698       0x38 /home/rob/Data/rob/Projects/ChibiStudio/ChibiStudio_20/tools/GNU Tools ARM Embedded/9.2.1 2019q4/bin/../lib/gcc/arm-none-eabi/9.2.1/../../../../arm-none-eabi/lib/thumb/v7e-m/nofp/libg.a(lib_a-strpbrk.o)
                0x0000000008009698                strpbrk
 .text.strspn   0x00000000080096d0       0x30 /home/rob/Data/rob/Projects/ChibiStudio/ChibiStudio_20/tools/GNU Tools ARM Embedded/9.2.1 2019q4/bin/../lib/gcc/arm-none-eabi/9.2.1/../../../../arm-none-eabi/lib/thumb/v7e-m/nofp/libg.a(lib_a-strspn.o)
                0x00000000080096d0                strspn
 .text.two_way_long_needle
                0x0000000008009700      0x2b4 /home/rob/Data/rob/Projects/ChibiStudio/ChibiStudio_20/tools/GNU Tools ARM Embedded/9.2.1 2019q4/bin/../lib/gcc/arm-none-eabi/9.2.1/../../../../arm-none-eabi/lib/thumb/v7e-m/nofp/libg.a(lib_a-strstr.o)
 .text.strstr   0x00000000080099b4      0x164 /home/rob/Data/rob/Projects/ChibiStudio/ChibiStudio_20/tools/GNU Tools ARM Embedded/9.2.1 2019q4/bin/../lib/gcc/arm-none-eabi/9.2.1/../../../../arm-none-eabi/lib/thumb/v7e-m/nofp/libg.a(lib_a-strstr.o)
                0x00000000080099b4                strstr
 .text.memcmp   0x0000000008009b18       0x60 /home/rob/Data/rob/Projects/ChibiStudio/ChibiStudio_20/tools/GNU Tools ARM Embedded/9.2.1 2019q4/bin/../lib/gcc/arm-none-eabi/9.2.1/../../../../arm-none-eabi/lib/thumb/v7e-m/nofp/libg.a(lib_a-memcmp.o)
                0x0000000008009b18                memcmp
 .text.strnlen  0x0000000008009b78       0x28 /home/rob/Data/rob/Projects/ChibiStudio/ChibiStudio_20/tools/GNU Tools ARM Embedded/9.2.1 2019q4/bin/../lib/gcc/arm-none-eabi/9.2.1/../../../../arm-none-eabi/lib/thumb/v7e-m/nofp/libg.a(lib_a-strnlen.o)
                0x0000000008009b78                strnlen
 *(.glue_7t)
 .glue_7t       0x0000000008009ba0        0x0 linker stubs
 *(.glue_7)
 .glue_7        0x0000000008009ba0        0x0 linker stubs
 *(.gcc*)
                0x0000000008009ba0                __text_end__ = .

.vfp11_veneer   0x0000000008009ba0        0x0
 .vfp11_veneer  0x0000000008009ba0        0x0 linker stubs

.v4_bx          0x0000000008009ba0        0x0
 .v4_bx         0x0000000008009ba0        0x0 linker stubs

.iplt           0x0000000008009ba0        0x0
 .iplt          0x0000000008009ba0        0x0 ./build/obj/crt0_v7m.o

.rodata         0x0000000008009ba0      0xcd0
                0x0000000008009ba0                __rodata_base__ = .
 *(.rodata)
 *(.rodata.*)
 .rodata.spi_lld_serve_tx_interrupt.str1.4
                0x0000000008009ba0        0xc /tmp/ch.elf.nFvnif.ltrans0.ltrans.o
 .rodata.chscanf.constprop.0.str1.4
                0x0000000008009bac        0x5 /tmp/ch.elf.nFvnif.ltrans0.ltrans.o
 *fill*         0x0000000008009bb1        0x3 
 .rodata.chprintf.str1.4
                0x0000000008009bb4        0x7 /tmp/ch.elf.nFvnif.ltrans0.ltrans.o
 *fill*         0x0000000008009bbb        0x1 
 .rodata.debug_print_state.str1.4
                0x0000000008009bbc      0x1e0 /tmp/ch.elf.nFvnif.ltrans0.ltrans.o
 .rodata.CharacterInputThread.str1.4
                0x0000000008009d9c      0x29a /tmp/ch.elf.nFvnif.ltrans0.ltrans.o
                                        0x2a6 (size before relaxing)
 *fill*         0x000000000800a036        0x2 
 .rodata.cmd_wc.str1.4
                0x000000000800a038       0x2c /tmp/ch.elf.nFvnif.ltrans0.ltrans.o
 .rodata.cmd_echo.str1.4
                0x000000000800a064       0x21 /tmp/ch.elf.nFvnif.ltrans0.ltrans.o
 *fill*         0x000000000800a085        0x3 
 .rodata.cmd_test.str1.4
                0x000000000800a088       0x61 /tmp/ch.elf.nFvnif.ltrans0.ltrans.o
 *fill*         0x000000000800a0e9        0x3 
 .rodata.cmd_wb.str1.4
                0x000000000800a0ec       0x54 /tmp/ch.elf.nFvnif.ltrans0.ltrans.o
 .rodata.cmd_rb.str1.4
                0x000000000800a140       0x4b /tmp/ch.elf.nFvnif.ltrans0.ltrans.o
 *fill*         0x000000000800a18b        0x1 
 .rodata.cmd_fill.str1.4
                0x000000000800a18c       0x92 /tmp/ch.elf.nFvnif.ltrans0.ltrans.o
 *fill*         0x000000000800a21e        0x2 
 .rodata.cmd_spi.str1.4
                0x000000000800a220       0x29 /tmp/ch.elf.nFvnif.ltrans0.ltrans.o
 *fill*         0x000000000800a249        0x3 
 .rodata.cmd_br.str1.4
                0x000000000800a24c       0x74 /tmp/ch.elf.nFvnif.ltrans0.ltrans.o
                                         0x78 (size before relaxing)
 .rodata.parse_arguments.str1.4
                0x000000000800a2c0        0x3 /tmp/ch.elf.nFvnif.ltrans0.ltrans.o
 *fill*         0x000000000800a2c3        0x1 
 .rodata.shellThread.str1.4
                0x000000000800a2c4       0x79 /tmp/ch.elf.nFvnif.ltrans0.ltrans.o
 *fill*         0x000000000800a33d        0x3 
 .rodata.main.str1.4
                0x000000000800a340       0x3f /tmp/ch.elf.nFvnif.ltrans0.ltrans.o
 *fill*         0x000000000800a37f        0x1 
 .rodata.str1.4
                0x000000000800a380       0x29 /tmp/ch.elf.nFvnif.ltrans0.ltrans.o
 *fill*         0x000000000800a3a9        0x3 
 .rodata._stm32_dma_streams
                0x000000000800a3ac       0xc0 /tmp/ch.elf.nFvnif.ltrans0.ltrans.o
 .rodata.active_status
                0x000000000800a46c        0x2 /tmp/ch.elf.nFvnif.ltrans0.ltrans.o
 *fill*         0x000000000800a46e        0x2 
 .rodata.ch_debug
                0x000000000800a470       0x16 /tmp/ch.elf.nFvnif.ltrans0.ltrans.o
 *fill*         0x000000000800a486        0x2 
 .rodata.commands
                0x000000000800a488       0x40 /tmp/ch.elf.nFvnif.ltrans0.ltrans.o
 .rodata.dummytx
                0x000000000800a4c8        0x2 /tmp/ch.elf.nFvnif.ltrans0.ltrans.o
 *fill*         0x000000000800a4ca        0x2 
 .rodata.ep0config
                0x000000000800a4cc       0x24 /tmp/ch.elf.nFvnif.ltrans0.ltrans.o
 .rodata.ep1config
                0x000000000800a4f0       0x24 /tmp/ch.elf.nFvnif.ltrans0.ltrans.o
 .rodata.ep2config
                0x000000000800a514       0x24 /tmp/ch.elf.nFvnif.ltrans0.ltrans.o
 .rodata.fsparams
                0x000000000800a538        0xc /tmp/ch.elf.nFvnif.ltrans0.ltrans.o
 .rodata.gpt5cfg1
                0x000000000800a544       0x10 /tmp/ch.elf.nFvnif.ltrans0.ltrans.o
 .rodata.halted_status
                0x000000000800a554        0x2 /tmp/ch.elf.nFvnif.ltrans0.ltrans.o
 *fill*         0x000000000800a556        0x2 
 .rodata.idle_descriptor.7052
                0x000000000800a558       0x18 /tmp/ch.elf.nFvnif.ltrans0.ltrans.o
 .rodata.ram_areas
                0x000000000800a570       0x80 /tmp/ch.elf.nFvnif.ltrans0.ltrans.o
 .rodata.serusbcfg1
                0x000000000800a5f0        0x8 /tmp/ch.elf.nFvnif.ltrans0.ltrans.o
 .rodata.shell_cfg1
                0x000000000800a5f8       0x14 /tmp/ch.elf.nFvnif.ltrans0.ltrans.o
 .rodata.usbcfg
                0x000000000800a60c       0x10 /tmp/ch.elf.nFvnif.ltrans0.ltrans.o
 .rodata.vcom_configuration_descriptor
                0x000000000800a61c        0x8 /tmp/ch.elf.nFvnif.ltrans0.ltrans.o
 .rodata.vcom_configuration_descriptor_data
                0x000000000800a624       0x4b /tmp/ch.elf.nFvnif.ltrans0.ltrans.o
 *fill*         0x000000000800a66f        0x1 
 .rodata.vcom_device_descriptor
                0x000000000800a670        0x8 /tmp/ch.elf.nFvnif.ltrans0.ltrans.o
 .rodata.vcom_device_descriptor_data
                0x000000000800a678       0x12 /tmp/ch.elf.nFvnif.ltrans0.ltrans.o
 *fill*         0x000000000800a68a        0x2 
 .rodata.vcom_string0
                0x000000000800a68c        0x4 /tmp/ch.elf.nFvnif.ltrans0.ltrans.o
 .rodata.vcom_string1
                0x000000000800a690       0x26 /tmp/ch.elf.nFvnif.ltrans0.ltrans.o
 *fill*         0x000000000800a6b6        0x2 
 .rodata.vcom_string2
                0x000000000800a6b8       0x38 /tmp/ch.elf.nFvnif.ltrans0.ltrans.o
 .rodata.vcom_string3
                0x000000000800a6f0        0x8 /tmp/ch.elf.nFvnif.ltrans0.ltrans.o
 .rodata.vcom_strings
                0x000000000800a6f8       0x20 /tmp/ch.elf.nFvnif.ltrans0.ltrans.o
 .rodata.vmt.lto_priv.0
                0x000000000800a718       0x28 /tmp/ch.elf.nFvnif.ltrans0.ltrans.o
 .rodata.vmt.lto_priv.1
                0x000000000800a740       0x28 /tmp/ch.elf.nFvnif.ltrans0.ltrans.o
 .rodata.zero_status
                0x000000000800a768        0x2 /tmp/ch.elf.nFvnif.ltrans0.ltrans.o
 *fill*         0x000000000800a76a        0x2 
 .rodata._ctype_
                0x000000000800a76c      0x101 /home/rob/Data/rob/Projects/ChibiStudio/ChibiStudio_20/tools/GNU Tools ARM Embedded/9.2.1 2019q4/bin/../lib/gcc/arm-none-eabi/9.2.1/../../../../arm-none-eabi/lib/thumb/v7e-m/nofp/libg.a(lib_a-ctype_.o)
                0x000000000800a76c                _ctype_
                0x000000000800a870                . = ALIGN (0x4)
 *fill*         0x000000000800a86d        0x3 
                0x000000000800a870                __rodata_end__ = .

.rel.dyn        0x000000000800a870        0x0
 .rel.iplt      0x000000000800a870        0x0 ./build/obj/crt0_v7m.o

.ARM.extab
 *(.ARM.extab* .gnu.linkonce.armextab.*)

.ARM.exidx      0x000000000800a870        0x0
                0x000000000800a870                __exidx_base__ = .
                0x000000000800a870                __exidx_start = .
 *(.ARM.exidx* .gnu.linkonce.armexidx.*)
                0x000000000800a870                __exidx_end__ = .
                0x000000000800a870                __exidx_end = .

.eh_frame_hdr
 *(.eh_frame_hdr)

.eh_frame
 *(.eh_frame)

.data           0x0000000020000800      0x448 load address 0x000000000800a870
                [!provide]                        PROVIDE (_textdata = LOADADDR (.data))
                [!provide]                        PROVIDE (_data = .)
                0x000000000800a870                __textdata_base__ = LOADADDR (.data)
                0x0000000020000800                __data_base__ = .
 *(.data)
 *(.data.*)
 .data.linecoding
                0x0000000020000800        0x7 /tmp/ch.elf.nFvnif.ltrans0.ltrans.o
 *fill*         0x0000000020000807        0x1 
 .data.spi_cfg_8
                0x0000000020000808       0x14 /tmp/ch.elf.nFvnif.ltrans0.ltrans.o
 .data._impure_ptr
                0x000000002000081c        0x4 /home/rob/Data/rob/Projects/ChibiStudio/ChibiStudio_20/tools/GNU Tools ARM Embedded/9.2.1 2019q4/bin/../lib/gcc/arm-none-eabi/9.2.1/../../../../arm-none-eabi/lib/thumb/v7e-m/nofp/libg.a(lib_a-impure.o)
                0x000000002000081c                _impure_ptr
 .data.impure_data
                0x0000000020000820      0x428 /home/rob/Data/rob/Projects/ChibiStudio/ChibiStudio_20/tools/GNU Tools ARM Embedded/9.2.1 2019q4/bin/../lib/gcc/arm-none-eabi/9.2.1/../../../../arm-none-eabi/lib/thumb/v7e-m/nofp/libg.a(lib_a-impure.o)
 *(.ramtext)
                0x0000000020000c48                . = ALIGN (0x4)
                [!provide]                        PROVIDE (_edata = .)
                0x0000000020000c48                __data_end__ = .

.igot.plt       0x0000000020000c48        0x0 load address 0x000000000800acb8
 .igot.plt      0x0000000020000c48        0x0 ./build/obj/crt0_v7m.o

.bss            0x0000000020000c48     0x1404 load address 0x000000000800acb8
                0x0000000020000c48                __bss_base__ = .
 *(.bss)
 *(.bss.*)
 .bss.BUS_in_use
                0x0000000020000c48        0x1 /tmp/ch.elf.nFvnif.ltrans0.ltrans.o
 *fill*         0x0000000020000c49        0x3 
 .bss.GPTD5     0x0000000020000c4c       0x10 /tmp/ch.elf.nFvnif.ltrans0.ltrans.o
 .bss.I2CD1     0x0000000020000c5c       0x38 /tmp/ch.elf.nFvnif.ltrans0.ltrans.o
 .bss.SD1       0x0000000020000c94      0x25c /tmp/ch.elf.nFvnif.ltrans0.ltrans.o
 .bss.SD2       0x0000000020000ef0      0x25c /tmp/ch.elf.nFvnif.ltrans0.ltrans.o
 .bss.SD6       0x000000002000114c      0x25c /tmp/ch.elf.nFvnif.ltrans0.ltrans.o
 .bss.SDU1      0x00000000200013a8      0x490 /tmp/ch.elf.nFvnif.ltrans0.ltrans.o
 .bss.SPID1     0x0000000020001838       0x30 /tmp/ch.elf.nFvnif.ltrans0.ltrans.o
 .bss.USBD1     0x0000000020001868       0x60 /tmp/ch.elf.nFvnif.ltrans0.ltrans.o
 .bss.bank.9922
                0x00000000200018c8        0x1 /tmp/ch.elf.nFvnif.ltrans0.ltrans.o
 .bss.bankemp.9920
                0x00000000200018c9        0x1 /tmp/ch.elf.nFvnif.ltrans0.ltrans.o
 .bss.bankemv.9919
                0x00000000200018ca        0x1 /tmp/ch.elf.nFvnif.ltrans0.ltrans.o
 .bss.bankrw.9921
                0x00000000200018cb        0x1 /tmp/ch.elf.nFvnif.ltrans0.ltrans.o
 .bss.btemp.9923
                0x00000000200018cc        0x1 /tmp/ch.elf.nFvnif.ltrans0.ltrans.o
 *fill*         0x00000000200018cd        0x3 
 .bss.ch        0x00000000200018d0       0x74 /tmp/ch.elf.nFvnif.ltrans0.ltrans.o
 .bss.ch_factory
                0x0000000020001944       0x48 /tmp/ch.elf.nFvnif.ltrans0.ltrans.o
 *fill*         0x000000002000198c        0x4 
 .bss.ch_idle_thread_wa
                0x0000000020001990       0xd8 /tmp/ch.elf.nFvnif.ltrans0.ltrans.o
 .bss.ch_memcore
                0x0000000020001a68        0x8 /tmp/ch.elf.nFvnif.ltrans0.ltrans.o
 .bss.completion_buffer
                0x0000000020001a70       0x10 /tmp/ch.elf.nFvnif.ltrans0.ltrans.o
 .bss.count.9931
                0x0000000020001a80        0x2 /tmp/ch.elf.nFvnif.ltrans0.ltrans.o
 .bss.cs.9928   0x0000000020001a82        0x1 /tmp/ch.elf.nFvnif.ltrans0.ltrans.o
 *fill*         0x0000000020001a83        0x1 
 .bss.default_heap
                0x0000000020001a84       0x1c /tmp/ch.elf.nFvnif.ltrans0.ltrans.o
 .bss.dma       0x0000000020001aa0       0x84 /tmp/ch.elf.nFvnif.ltrans0.ltrans.o
 .bss.dummyrx   0x0000000020001b24        0x2 /tmp/ch.elf.nFvnif.ltrans0.ltrans.o
 *fill*         0x0000000020001b26        0x2 
 .bss.ep0_state
                0x0000000020001b28       0x10 /tmp/ch.elf.nFvnif.ltrans0.ltrans.o
 .bss.ep0setup_buffer
                0x0000000020001b38        0x8 /tmp/ch.elf.nFvnif.ltrans0.ltrans.o
 .bss.ep1instate
                0x0000000020001b40       0x10 /tmp/ch.elf.nFvnif.ltrans0.ltrans.o
 .bss.ep2instate
                0x0000000020001b50       0x10 /tmp/ch.elf.nFvnif.ltrans0.ltrans.o
 .bss.ep2outstate
                0x0000000020001b60       0x10 /tmp/ch.elf.nFvnif.ltrans0.ltrans.o
 .bss.history_buffer
                0x0000000020001b70      0x200 /tmp/ch.elf.nFvnif.ltrans0.ltrans.o
 .bss.i.9930    0x0000000020001d70        0x2 /tmp/ch.elf.nFvnif.ltrans0.ltrans.o
 *fill*         0x0000000020001d72        0x2 
 .bss.shell_terminated
                0x0000000020001d74        0x4 /tmp/ch.elf.nFvnif.ltrans0.ltrans.o
 .bss.temp.9929
                0x0000000020001d78        0x1 /tmp/ch.elf.nFvnif.ltrans0.ltrans.o
 *fill*         0x0000000020001d79        0x7 
 .bss.waCharacterInputThread
                0x0000000020001d80      0x2c8 /tmp/ch.elf.nFvnif.ltrans0.ltrans.o
 .bss.zoff.9932
                0x0000000020002048        0x2 /tmp/ch.elf.nFvnif.ltrans0.ltrans.o
 *(COMMON)
                0x000000002000204c                . = ALIGN (0x4)
 *fill*         0x000000002000204a        0x2 
                0x000000002000204c                __bss_end__ = .
                [!provide]                        PROVIDE (end = .)
                0x0000000020000000                __ram0_base__ = ORIGIN (ram0)
                0x0000000000010000                __ram0_size__ = LENGTH (ram0)
                0x0000000020010000                __ram0_end__ = (__ram0_base__ + __ram0_size__)
                0x0000000000000000                __ram1_base__ = ORIGIN (ram1)
                0x0000000000000000                __ram1_size__ = LENGTH (ram1)
                0x0000000000000000                __ram1_end__ = (__ram1_base__ + __ram1_size__)
                0x0000000000000000                __ram2_base__ = ORIGIN (ram2)
                0x0000000000000000                __ram2_size__ = LENGTH (ram2)
                0x0000000000000000                __ram2_end__ = (__ram2_base__ + __ram2_size__)
                0x0000000000000000                __ram3_base__ = ORIGIN (ram3)
                0x0000000000000000                __ram3_size__ = LENGTH (ram3)
                0x0000000000000000                __ram3_end__ = (__ram3_base__ + __ram3_size__)
                0x0000000000000000                __ram4_base__ = ORIGIN (ram4)
                0x0000000000000000                __ram4_size__ = LENGTH (ram4)
                0x0000000000000000                __ram4_end__ = (__ram4_base__ + __ram4_size__)
                0x0000000000000000                __ram5_base__ = ORIGIN (ram5)
                0x0000000000000000                __ram5_size__ = LENGTH (ram5)
                0x0000000000000000                __ram5_end__ = (__ram5_base__ + __ram5_size__)
                0x0000000000000000                __ram6_base__ = ORIGIN (ram6)
                0x0000000000000000                __ram6_size__ = LENGTH (ram6)
                0x0000000000000000                __ram6_end__ = (__ram6_base__ + __ram6_size__)
                0x0000000000000000                __ram7_base__ = ORIGIN (ram7)
                0x0000000000000000                __ram7_size__ = LENGTH (ram7)
                0x0000000000000000                __ram7_end__ = (__ram7_base__ + __ram7_size__)
                0x0000000008000000                __flash0_base__ = ORIGIN (flash0)
                0x0000000000040000                __flash0_size__ = LENGTH (flash0)
                0x0000000008040000                __flash0_end__ = (__flash0_base__ + __flash0_size__)
                0x0000000000000000                __flash1_base__ = ORIGIN (flash1)
                0x0000000000000000                __flash1_size__ = LENGTH (flash1)
                0x0000000000000000                __flash1_end__ = (__flash1_base__ + __flash1_size__)
                0x0000000000000000                __flash2_base__ = ORIGIN (flash2)
                0x0000000000000000                __flash2_size__ = LENGTH (flash2)
                0x0000000000000000                __flash2_end__ = (__flash2_base__ + __flash2_size__)
                0x0000000000000000                __flash3_base__ = ORIGIN (flash3)
                0x0000000000000000                __flash3_size__ = LENGTH (flash3)
                0x0000000000000000                __flash3_end__ = (__flash3_base__ + __flash3_size__)
                0x0000000000000000                __flash4_base__ = ORIGIN (flash4)
                0x0000000000000000                __flash4_size__ = LENGTH (flash4)
                0x0000000000000000                __flash4_end__ = (__flash4_base__ + __flash4_size__)
                0x0000000000000000                __flash5_base__ = ORIGIN (flash5)
                0x0000000000000000                __flash5_size__ = LENGTH (flash5)
                0x0000000000000000                __flash5_end__ = (__flash5_base__ + __flash5_size__)
                0x0000000000000000                __flash6_base__ = ORIGIN (flash6)
                0x0000000000000000                __flash6_size__ = LENGTH (flash6)
                0x0000000000000000                __flash6_end__ = (__flash6_base__ + __flash6_size__)
                0x0000000000000000                __flash7_base__ = ORIGIN (flash7)
                0x0000000000000000                __flash7_size__ = LENGTH (flash7)
                0x0000000000000000                __flash7_end__ = (__flash7_base__ + __flash7_size__)

.ram0_init      0x000000002000204c        0x0 load address 0x000000000800acb8
                0x000000000800acb8                __ram0_init_text__ = LOADADDR (.ram0_init)
                0x000000002000204c                __ram0_init__ = .
 *(.ram0_init)
 *(.ram0_init.*)
                0x000000002000204c                . = ALIGN (0x4)

.ram0           0x000000002000204c        0x0 load address 0x000000000800acb8
                0x000000002000204c                __ram0_clear__ = .
 *(.ram0_clear)
 *(.ram0_clear.*)
                0x000000002000204c                . = ALIGN (0x4)
                0x000000002000204c                __ram0_noinit__ = .
 *(.ram0)
 *(.ram0.*)
                0x000000002000204c                . = ALIGN (0x4)
                0x000000002000204c                __ram0_free__ = .

.ram1_init      0x0000000000000000        0x0 load address 0x000000000800acb8
                0x000000000800acb8                __ram1_init_text__ = LOADADDR (.ram1_init)
                0x0000000000000000                __ram1_init__ = .
 *(.ram1_init)
 *(.ram1_init.*)
                0x0000000000000000                . = ALIGN (0x4)

.ram1           0x0000000000000000        0x0 load address 0x000000000800acb8
                0x0000000000000000                __ram1_clear__ = .
 *(.ram1_clear)
 *(.ram1_clear.*)
                0x0000000000000000                . = ALIGN (0x4)
                0x0000000000000000                __ram1_noinit__ = .
 *(.ram1)
 *(.ram1.*)
                0x0000000000000000                . = ALIGN (0x4)
                0x0000000000000000                __ram1_free__ = .

.ram2_init      0x0000000000000000        0x0 load address 0x000000000800acb8
                0x000000000800acb8                __ram2_init_text__ = LOADADDR (.ram2_init)
                0x0000000000000000                __ram2_init__ = .
 *(.ram2_init)
 *(.ram2_init.*)
                0x0000000000000000                . = ALIGN (0x4)

.ram2           0x0000000000000000        0x0 load address 0x000000000800acb8
                0x0000000000000000                __ram2_clear__ = .
 *(.ram2_clear)
 *(.ram2_clear.*)
                0x0000000000000000                . = ALIGN (0x4)
                0x0000000000000000                __ram2_noinit__ = .
 *(.ram2)
 *(.ram2.*)
                0x0000000000000000                . = ALIGN (0x4)
                0x0000000000000000                __ram2_free__ = .

.ram3_init      0x0000000000000000        0x0 load address 0x000000000800acb8
                0x000000000800acb8                __ram3_init_text__ = LOADADDR (.ram3_init)
                0x0000000000000000                __ram3_init__ = .
 *(.ram3_init)
 *(.ram3_init.*)
                0x0000000000000000                . = ALIGN (0x4)

.ram3           0x0000000000000000        0x0 load address 0x000000000800acb8
                0x0000000000000000                __ram3_clear__ = .
 *(.ram3_clear)
 *(.ram3_clear.*)
                0x0000000000000000                . = ALIGN (0x4)
                0x0000000000000000                __ram3_noinit__ = .
 *(.ram3)
 *(.ram3.*)
                0x0000000000000000                . = ALIGN (0x4)
                0x0000000000000000                __ram3_free__ = .

.ram4_init      0x0000000000000000        0x0 load address 0x000000000800acb8
                0x000000000800acb8                __ram4_init_text__ = LOADADDR (.ram4_init)
                0x0000000000000000                __ram4_init__ = .
 *(.ram4_init)
 *(.ram4_init.*)
                0x0000000000000000                . = ALIGN (0x4)

.ram4           0x0000000000000000        0x0 load address 0x000000000800acb8
                0x0000000000000000                __ram4_clear__ = .
 *(.ram4_clear)
 *(.ram4_clear.*)
                0x0000000000000000                . = ALIGN (0x4)
                0x0000000000000000                __ram4_noinit__ = .
 *(.ram4)
 *(.ram4.*)
                0x0000000000000000                . = ALIGN (0x4)
                0x0000000000000000                __ram4_free__ = .

.ram5_init      0x0000000000000000        0x0 load address 0x000000000800acb8
                0x000000000800acb8                __ram5_init_text__ = LOADADDR (.ram5_init)
                0x0000000000000000                __ram5_init__ = .
 *(.ram5_init)
 *(.ram5_init.*)
                0x0000000000000000                . = ALIGN (0x4)

.ram5           0x0000000000000000        0x0 load address 0x000000000800acb8
                0x0000000000000000                __ram5_clear__ = .
 *(.ram5_clear)
 *(.ram5_clear.*)
                0x0000000000000000                . = ALIGN (0x4)
                0x0000000000000000                __ram5_noinit__ = .
 *(.ram5)
 *(.ram5.*)
                0x0000000000000000                . = ALIGN (0x4)
                0x0000000000000000                __ram5_free__ = .

.ram6_init      0x0000000000000000        0x0 load address 0x000000000800acb8
                0x000000000800acb8                __ram6_init_text__ = LOADADDR (.ram6_init)
                0x0000000000000000                __ram6_init__ = .
 *(.ram6_init)
 *(.ram6_init.*)
                0x0000000000000000                . = ALIGN (0x4)

.ram6           0x0000000000000000        0x0 load address 0x000000000800acb8
                0x0000000000000000                __ram6_clear__ = .
 *(.ram6_clear)
 *(.ram6_clear.*)
                0x0000000000000000                . = ALIGN (0x4)
                0x0000000000000000                __ram6_noinit__ = .
 *(.ram6)
 *(.ram6.*)
                0x0000000000000000                . = ALIGN (0x4)
                0x0000000000000000                __ram6_free__ = .

.ram7_init      0x0000000000000000        0x0 load address 0x000000000800acb8
                0x000000000800acb8                __ram7_init_text__ = LOADADDR (.ram7_init)
                0x0000000000000000                __ram7_init__ = .
 *(.ram7_init)
 *(.ram7_init.*)
                0x0000000000000000                . = ALIGN (0x4)

.ram7           0x0000000000000000        0x0 load address 0x000000000800acb8
                0x0000000000000000                __ram7_clear__ = .
 *(.ram7_clear)
 *(.ram7_clear.*)
                0x0000000000000000                . = ALIGN (0x4)
                0x0000000000000000                __ram7_noinit__ = .
 *(.ram7)
 *(.ram7.*)
                0x0000000000000000                . = ALIGN (0x4)
                0x0000000000000000                __ram7_free__ = .

.flash0         0x000000000800acb8        0x0
                0x000000000800acb8                __flash0_init__ = .
 *(.flash0_init)
 *(.flash0_init.*)
                0x000000000800acb8                __flash0_free__ = .

.flash1         0x0000000000000000        0x0
                0x0000000000000000                __flash1_init__ = .
 *(.flash1_init)
 *(.flash1_init.*)
                0x0000000000000000                __flash1_free__ = .

.flash2         0x0000000000000000        0x0
                0x0000000000000000                __flash2_init__ = .
 *(.flash2_init)
 *(.flash2_init.*)
                0x0000000000000000                __flash2_free__ = .

.flash3         0x0000000000000000        0x0
                0x0000000000000000                __flash3_init__ = .
 *(.flash3_init)
 *(.flash3_init.*)
                0x0000000000000000                __flash3_free__ = .

.flash4         0x0000000000000000        0x0
                0x0000000000000000                __flash4_init__ = .
 *(.flash4_init)
 *(.flash4_init.*)
                0x0000000000000000                __flash4_free__ = .

.flash5         0x0000000000000000        0x0
                0x0000000000000000                __flash5_init__ = .
 *(.flash5_init)
 *(.flash5_init.*)
                0x0000000000000000                __flash5_free__ = .

.flash6         0x0000000000000000        0x0
                0x0000000000000000                __flash6_init__ = .
 *(.flash6_init)
 *(.flash6_init.*)
                0x0000000000000000                __flash6_free__ = .

.flash7         0x0000000000000000        0x0
                0x0000000000000000                __flash7_init__ = .
 *(.flash7_init)
 *(.flash7_init.*)
                0x0000000000000000                __flash7_free__ = .

.heap           0x000000002000204c     0xdfb4
                0x0000000020002050                . = ALIGN (0x8)
 *fill*         0x000000002000204c        0x4 
                0x0000000020002050                __heap_base__ = .
                0x0000000020010000                . = (ORIGIN (HEAP_RAM) + LENGTH (HEAP_RAM))
 *fill*         0x0000000020002050     0xdfb0 
                0x0000000020010000                __heap_end__ = .
                0x0000000000000400                __process_stack_size__ = 0x400
                0x0000000000000400                __main_stack_size__ = 0x400
START GROUP
LOAD /home/rob/Data/rob/Projects/ChibiStudio/ChibiStudio_20/tools/GNU Tools ARM Embedded/9.2.1 2019q4/bin/../lib/gcc/arm-none-eabi/9.2.1/thumb/v7e-m/nofp/libgcc.a
LOAD /home/rob/Data/rob/Projects/ChibiStudio/ChibiStudio_20/tools/GNU Tools ARM Embedded/9.2.1 2019q4/bin/../lib/gcc/arm-none-eabi/9.2.1/../../../../arm-none-eabi/lib/thumb/v7e-m/nofp/libg.a
LOAD /home/rob/Data/rob/Projects/ChibiStudio/ChibiStudio_20/tools/GNU Tools ARM Embedded/9.2.1 2019q4/bin/../lib/gcc/arm-none-eabi/9.2.1/../../../../arm-none-eabi/lib/thumb/v7e-m/nofp/libc.a
END GROUP
OUTPUT(build/ch.elf elf32-littlearm)

.ARM.attributes
                0x0000000000000000       0x2f
 .ARM.attributes
                0x0000000000000000       0x21 ./build/obj/crt0_v7m.o
 .ARM.attributes
                0x0000000000000021       0x21 ./build/obj/vectors.o
 .ARM.attributes
                0x0000000000000042       0x21 ./build/obj/chcoreasm_v7m.o
 .ARM.attributes
                0x0000000000000063       0x2c /tmp/ch.elf.nFvnif.ltrans0.ltrans.o
 .ARM.attributes
                0x000000000000008f       0x2e /home/rob/Data/rob/Projects/ChibiStudio/ChibiStudio_20/tools/GNU Tools ARM Embedded/9.2.1 2019q4/bin/../lib/gcc/arm-none-eabi/9.2.1/../../../../arm-none-eabi/lib/thumb/v7e-m/nofp/libg.a(lib_a-ctype_.o)
 .ARM.attributes
                0x00000000000000bd       0x2e /home/rob/Data/rob/Projects/ChibiStudio/ChibiStudio_20/tools/GNU Tools ARM Embedded/9.2.1 2019q4/bin/../lib/gcc/arm-none-eabi/9.2.1/../../../../arm-none-eabi/lib/thumb/v7e-m/nofp/libg.a(lib_a-strtol.o)
 .ARM.attributes
                0x00000000000000eb       0x2e /home/rob/Data/rob/Projects/ChibiStudio/ChibiStudio_20/tools/GNU Tools ARM Embedded/9.2.1 2019q4/bin/../lib/gcc/arm-none-eabi/9.2.1/../../../../arm-none-eabi/lib/thumb/v7e-m/nofp/libg.a(lib_a-impure.o)
 .ARM.attributes
                0x0000000000000119       0x1c /home/rob/Data/rob/Projects/ChibiStudio/ChibiStudio_20/tools/GNU Tools ARM Embedded/9.2.1 2019q4/bin/../lib/gcc/arm-none-eabi/9.2.1/../../../../arm-none-eabi/lib/thumb/v7e-m/nofp/libg.a(lib_a-memcpy.o)
 .ARM.attributes
                0x0000000000000135       0x2e /home/rob/Data/rob/Projects/ChibiStudio/ChibiStudio_20/tools/GNU Tools ARM Embedded/9.2.1 2019q4/bin/../lib/gcc/arm-none-eabi/9.2.1/../../../../arm-none-eabi/lib/thumb/v7e-m/nofp/libg.a(lib_a-memset.o)
 .ARM.attributes
                0x0000000000000163       0x2e /home/rob/Data/rob/Projects/ChibiStudio/ChibiStudio_20/tools/GNU Tools ARM Embedded/9.2.1 2019q4/bin/../lib/gcc/arm-none-eabi/9.2.1/../../../../arm-none-eabi/lib/thumb/v7e-m/nofp/libg.a(lib_a-strchr.o)
 .ARM.attributes
                0x0000000000000191       0x1c /home/rob/Data/rob/Projects/ChibiStudio/ChibiStudio_20/tools/GNU Tools ARM Embedded/9.2.1 2019q4/bin/../lib/gcc/arm-none-eabi/9.2.1/../../../../arm-none-eabi/lib/thumb/v7e-m/nofp/libg.a(lib_a-strcmp.o)
 .ARM.attributes
                0x00000000000001ad       0x1c /home/rob/Data/rob/Projects/ChibiStudio/ChibiStudio_20/tools/GNU Tools ARM Embedded/9.2.1 2019q4/bin/../lib/gcc/arm-none-eabi/9.2.1/../../../../arm-none-eabi/lib/thumb/v7e-m/nofp/libg.a(lib_a-strlen.o)
 .ARM.attributes
                0x00000000000001c9       0x2e /home/rob/Data/rob/Projects/ChibiStudio/ChibiStudio_20/tools/GNU Tools ARM Embedded/9.2.1 2019q4/bin/../lib/gcc/arm-none-eabi/9.2.1/../../../../arm-none-eabi/lib/thumb/v7e-m/nofp/libg.a(lib_a-strpbrk.o)
 .ARM.attributes
                0x00000000000001f7       0x2e /home/rob/Data/rob/Projects/ChibiStudio/ChibiStudio_20/tools/GNU Tools ARM Embedded/9.2.1 2019q4/bin/../lib/gcc/arm-none-eabi/9.2.1/../../../../arm-none-eabi/lib/thumb/v7e-m/nofp/libg.a(lib_a-strspn.o)
 .ARM.attributes
                0x0000000000000225       0x2e /home/rob/Data/rob/Projects/ChibiStudio/ChibiStudio_20/tools/GNU Tools ARM Embedded/9.2.1 2019q4/bin/../lib/gcc/arm-none-eabi/9.2.1/../../../../arm-none-eabi/lib/thumb/v7e-m/nofp/libg.a(lib_a-strstr.o)
 .ARM.attributes
                0x0000000000000253       0x2e /home/rob/Data/rob/Projects/ChibiStudio/ChibiStudio_20/tools/GNU Tools ARM Embedded/9.2.1 2019q4/bin/../lib/gcc/arm-none-eabi/9.2.1/../../../../arm-none-eabi/lib/thumb/v7e-m/nofp/libg.a(lib_a-memcmp.o)
 .ARM.attributes
                0x0000000000000281       0x2e /home/rob/Data/rob/Projects/ChibiStudio/ChibiStudio_20/tools/GNU Tools ARM Embedded/9.2.1 2019q4/bin/../lib/gcc/arm-none-eabi/9.2.1/../../../../arm-none-eabi/lib/thumb/v7e-m/nofp/libg.a(lib_a-strnlen.o)

.comment        0x0000000000000000       0x79
 .comment       0x0000000000000000       0x79 /tmp/ch.elf.nFvnif.ltrans0.ltrans.o
                                         0x7a (size before relaxing)

.debug_line     0x0000000000000000    0x28f62
 .debug_line    0x0000000000000000       0xd0 ./build/obj/crt0_v7m.o
 .debug_line    0x00000000000000d0       0x7a ./build/obj/vectors.o
 .debug_line    0x000000000000014a       0x91 ./build/obj/chcoreasm_v7m.o
 .debug_line    0x00000000000001db    0x15f8b /tmp/ch.elf.nFvnif.ltrans0.ltrans.o
 .debug_line    0x0000000000016166      0x20a /tmp/cc0PwJYi.debug.temp.o
 .debug_line    0x0000000000016370      0x72d /tmp/ccNbRrHf.debug.temp.o
 .debug_line    0x0000000000016a9d      0x70f /tmp/ccTSRZ5e.debug.temp.o
 .debug_line    0x00000000000171ac      0x785 /tmp/ccamTGth.debug.temp.o
 .debug_line    0x0000000000017931      0x773 /tmp/cc7WEvFi.debug.temp.o
 .debug_line    0x00000000000180a4      0x742 /tmp/cctsaUUh.debug.temp.o
 .debug_line    0x00000000000187e6      0x740 /tmp/ccDYFzlj.debug.temp.o
 .debug_line    0x0000000000018f26      0x740 /tmp/cc2VpU3e.debug.temp.o
 .debug_line    0x0000000000019666      0x70d /tmp/ccTOofLi.debug.temp.o
 .debug_line    0x0000000000019d73      0x743 /tmp/cckCd6Vh.debug.temp.o
 .debug_line    0x000000000001a4b6      0x77d /tmp/ccVEtPxg.debug.temp.o
 .debug_line    0x000000000001ac33      0x740 /tmp/cculSJ5i.debug.temp.o
 .debug_line    0x000000000001b373      0x761 /tmp/ccoM4Xzi.debug.temp.o
 .debug_line    0x000000000001bad4      0x70d /tmp/ccATp8df.debug.temp.o
 .debug_line    0x000000000001c1e1      0x714 /tmp/ccrOZBFi.debug.temp.o
 .debug_line    0x000000000001c8f5      0x712 /tmp/ccMb7J6f.debug.temp.o
 .debug_line    0x000000000001d007      0x723 /tmp/ccQC03hg.debug.temp.o
 .debug_line    0x000000000001d72a      0x6e5 /tmp/ccSkLuXh.debug.temp.o
 .debug_line    0x000000000001de0f      0x741 /tmp/ccQIiTYf.debug.temp.o
 .debug_line    0x000000000001e550      0x746 /tmp/ccrkVIjh.debug.temp.o
 .debug_line    0x000000000001ec96      0x725 /tmp/ccX3Jxvi.debug.temp.o
 .debug_line    0x000000000001f3bb      0x724 /tmp/ccTwhuOh.debug.temp.o
 .debug_line    0x000000000001fadf      0x6e5 /tmp/ccVgTzwf.debug.temp.o
 .debug_line    0x00000000000201c4      0x728 /tmp/ccpaxkoh.debug.temp.o
 .debug_line    0x00000000000208ec      0x712 /tmp/cclS9K7h.debug.temp.o
 .debug_line    0x0000000000020ffe      0x429 /tmp/ccDUPy3f.debug.temp.o
 .debug_line    0x0000000000021427      0x3ff /tmp/ccjicRzh.debug.temp.o
 .debug_line    0x0000000000021826      0x3fe /tmp/ccuEb5Oi.debug.temp.o
 .debug_line    0x0000000000021c24      0x422 /tmp/cciW80ng.debug.temp.o
 .debug_line    0x0000000000022046      0x3e3 /tmp/ccYGFcGg.debug.temp.o
 .debug_line    0x0000000000022429      0x428 /tmp/cctdw5bh.debug.temp.o
 .debug_line    0x0000000000022851      0x3f3 /tmp/ccZN40Fi.debug.temp.o
 .debug_line    0x0000000000022c44      0x404 /tmp/cclgjEMf.debug.temp.o
 .debug_line    0x0000000000023048      0x416 /tmp/ccFszTei.debug.temp.o
 .debug_line    0x000000000002345e      0x3fa /tmp/ccL2BTqh.debug.temp.o
 .debug_line    0x0000000000023858      0x3fc /tmp/ccMNnYdg.debug.temp.o
 .debug_line    0x0000000000023c54      0x3fb /tmp/cc3LAUhh.debug.temp.o
 .debug_line    0x000000000002404f      0x432 /tmp/ccCqlQ5h.debug.temp.o
 .debug_line    0x0000000000024481      0x447 /tmp/ccwXAOFh.debug.temp.o
 .debug_line    0x00000000000248c8      0x40c /tmp/ccgR7nZf.debug.temp.o
 .debug_line    0x0000000000024cd4      0x744 /tmp/ccZQee0h.debug.temp.o
 .debug_line    0x0000000000025418      0x74e /tmp/ccmaB5Cg.debug.temp.o
 .debug_line    0x0000000000025b66      0x79f /tmp/cciSCFlf.debug.temp.o
 .debug_line    0x0000000000026305      0x754 /tmp/ccbF4Yph.debug.temp.o
 .debug_line    0x0000000000026a59      0x771 /tmp/ccsfpDkf.debug.temp.o
 .debug_line    0x00000000000271ca      0x751 /tmp/cc0Sxznj.debug.temp.o
 .debug_line    0x000000000002791b      0x713 /tmp/cciyQK8i.debug.temp.o
 .debug_line    0x000000000002802e      0x798 /tmp/ccXJnc2g.debug.temp.o
 .debug_line    0x00000000000287c6      0x79c /tmp/ccTIRDVe.debug.temp.o

.debug_info     0x0000000000000000    0x73c2d
 .debug_info    0x0000000000000000       0x26 ./build/obj/crt0_v7m.o
 .debug_info    0x0000000000000026       0x26 ./build/obj/vectors.o
 .debug_info    0x000000000000004c       0x26 ./build/obj/chcoreasm_v7m.o
 .debug_info    0x0000000000000072     0xf353 /tmp/ch.elf.nFvnif.ltrans0.ltrans.o
 .debug_info    0x000000000000f3c5      0x35d /tmp/cc0PwJYi.debug.temp.o
                0x000000000000f3c5                crt1.c.7666f0f1
 .debug_info    0x000000000000f722     0x228c /tmp/ccNbRrHf.debug.temp.o
                0x000000000000f722                hal.c.cfe98e0e
 .debug_info    0x00000000000119ae     0x2391 /tmp/ccTSRZ5e.debug.temp.o
                0x00000000000119ae                hal_st.c.40e0e773
 .debug_info    0x0000000000013d3f     0x32ca /tmp/ccamTGth.debug.temp.o
                0x0000000000013d3f                hal_buffers.c.e9c3bb09
 .debug_info    0x0000000000017009     0x30e3 /tmp/cc7WEvFi.debug.temp.o
                0x0000000000017009                hal_queues.c.06e28e3d
 .debug_info    0x000000000001a0ec     0x264f /tmp/cctsaUUh.debug.temp.o
                0x000000000001a0ec                hal_flash.c.fea2510c
 .debug_info    0x000000000001c73b     0x2539 /tmp/ccDYFzlj.debug.temp.o
                0x000000000001c73b                hal_gpt.c.af83d391
 .debug_info    0x000000000001ec74     0x2578 /tmp/cc2VpU3e.debug.temp.o
                0x000000000001ec74                hal_i2c.c.b73a88e4
 .debug_info    0x00000000000211ec     0x23a8 /tmp/ccTOofLi.debug.temp.o
                0x00000000000211ec                hal_pal.c.98c3ab9a
 .debug_info    0x0000000000023594     0x2762 /tmp/cckCd6Vh.debug.temp.o
                0x0000000000023594                hal_serial.c.f80f81b2
 .debug_info    0x0000000000025cf6     0x2b9b /tmp/ccVEtPxg.debug.temp.o
                0x0000000000025cf6                hal_serial_usb.c.1b460e11
 .debug_info    0x0000000000028891     0x276e /tmp/cculSJ5i.debug.temp.o
                0x0000000000028891                hal_spi.c.ed3535c4
 .debug_info    0x000000000002afff     0x303f /tmp/ccoM4Xzi.debug.temp.o
                0x000000000002afff                hal_usb.c.102b6b01
 .debug_info    0x000000000002e03e     0x2684 /tmp/ccATp8df.debug.temp.o
                0x000000000002e03e                nvic.c.10679bd7
 .debug_info    0x00000000000306c2     0x241a /tmp/ccrOZBFi.debug.temp.o
                0x00000000000306c2                stm32_isr.c.673b5192
 .debug_info    0x0000000000032adc     0x2755 /tmp/ccMb7J6f.debug.temp.o
                0x0000000000032adc                hal_lld.c.0c6886de
 .debug_info    0x0000000000035231     0x28c4 /tmp/ccQC03hg.debug.temp.o
                0x0000000000035231                stm32_dma.c.4618c182
 .debug_info    0x0000000000037af5     0x2343 /tmp/ccSkLuXh.debug.temp.o
                0x0000000000037af5                hal_pal_lld.c.ec585d64
 .debug_info    0x0000000000039e38     0x2b91 /tmp/ccQIiTYf.debug.temp.o
                0x0000000000039e38                hal_i2c_lld.c.fcdbe274
 .debug_info    0x000000000003c9c9     0x3465 /tmp/ccrkVIjh.debug.temp.o
                0x000000000003c9c9                hal_usb_lld.c.f90660a7
 .debug_info    0x000000000003fe2e     0x2794 /tmp/ccX3Jxvi.debug.temp.o
                0x000000000003fe2e                hal_spi_lld.c.7eaba49d
 .debug_info    0x00000000000425c2     0x255c /tmp/ccTwhuOh.debug.temp.o
                0x00000000000425c2                hal_st_lld.c.c8f0d93d
 .debug_info    0x0000000000044b1e     0x258c /tmp/ccVgTzwf.debug.temp.o
                0x0000000000044b1e                hal_gpt_lld.c.7ab69545
 .debug_info    0x00000000000470aa     0x270d /tmp/ccpaxkoh.debug.temp.o
                0x00000000000470aa                hal_serial_lld.c.65194e3e
 .debug_info    0x00000000000497b7     0x25a1 /tmp/cclS9K7h.debug.temp.o
                0x00000000000497b7                board.c.1b0b37c8
 .debug_info    0x000000000004bd58      0xfbc /tmp/ccDUPy3f.debug.temp.o
                0x000000000004bd58                chsys.c.4cd81cae
 .debug_info    0x000000000004cd14      0xbb8 /tmp/ccjicRzh.debug.temp.o
                0x000000000004cd14                chvt.c.9a82fe16
 .debug_info    0x000000000004d8cc      0xd3f /tmp/ccuEb5Oi.debug.temp.o
                0x000000000004d8cc                chschd.c.dae51f1b
 .debug_info    0x000000000004e60b     0x12bd /tmp/cciW80ng.debug.temp.o
                0x000000000004e60b                chthreads.c.669a41ff
 .debug_info    0x000000000004f8c8      0xcd9 /tmp/ccYGFcGg.debug.temp.o
                0x000000000004f8c8                chtm.c.b89db133
 .debug_info    0x00000000000505a1     0x1427 /tmp/cctdw5bh.debug.temp.o
                0x00000000000505a1                chregistry.c.4296b1cb
 .debug_info    0x00000000000519c8      0xd74 /tmp/ccZN40Fi.debug.temp.o
                0x00000000000519c8                chmtx.c.a148dd37
 .debug_info    0x000000000005273c      0xf8a /tmp/cclgjEMf.debug.temp.o
                0x000000000005273c                chevents.c.ec97497f
 .debug_info    0x00000000000536c6      0xcf9 /tmp/ccFszTei.debug.temp.o
                0x00000000000536c6                chdynamic.c.05978641
 .debug_info    0x00000000000543bf      0xc20 /tmp/ccL2BTqh.debug.temp.o
                0x00000000000543bf                chmemcore.c.c6b0757c
 .debug_info    0x0000000000054fdf      0xd16 /tmp/ccMNnYdg.debug.temp.o
                0x0000000000054fdf                chmemheaps.c.f08e017a
 .debug_info    0x0000000000055cf5      0xdcb /tmp/cc3LAUhh.debug.temp.o
                0x0000000000055cf5                chmempools.c.c1fd2dec
 .debug_info    0x0000000000056ac0      0xe4b /tmp/ccCqlQ5h.debug.temp.o
                0x0000000000056ac0                chdelegates.c.45d218f6
 .debug_info    0x000000000005790b     0x1cd3 /tmp/ccwXAOFh.debug.temp.o
                0x000000000005790b                chfactory.c.d860c6e4
 .debug_info    0x00000000000595de     0x1aa3 /tmp/ccgR7nZf.debug.temp.o
                0x00000000000595de                chcore_v7m.c.a75d7e66
 .debug_info    0x000000000005b081     0x2669 /tmp/ccZQee0h.debug.temp.o
                0x000000000005b081                chprintf.c.8397917f
 .debug_info    0x000000000005d6ea     0x25f3 /tmp/ccmaB5Cg.debug.temp.o
                0x000000000005d6ea                chscanf.c.7b1ea309
 .debug_info    0x000000000005fcdd     0x3235 /tmp/cciSCFlf.debug.temp.o
                0x000000000005fcdd                shell.c.e4dac2f4
 .debug_info    0x0000000000062f12     0x2c3b /tmp/ccbF4Yph.debug.temp.o
                0x0000000000062f12                shell_cmd.c.65ff7ca0
 .debug_info    0x0000000000065b4d     0x2fb1 /tmp/ccsfpDkf.debug.temp.o
                0x0000000000065b4d                comm.c.4309d767
 .debug_info    0x0000000000068afe     0x2789 /tmp/cc0Sxznj.debug.temp.o
                0x0000000000068afe                usbcfg.c.aef6ecab
 .debug_info    0x000000000006b287     0x26ef /tmp/cciyQK8i.debug.temp.o
                0x000000000006b287                SPI.c.860f8c67
 .debug_info    0x000000000006d976     0x31b2 /tmp/ccXJnc2g.debug.temp.o
                0x000000000006d976                ostrich.c.7908a235
 .debug_info    0x0000000000070b28     0x3105 /tmp/ccTIRDVe.debug.temp.o
                0x0000000000070b28                main.c.9fe96b64

.debug_abbrev   0x0000000000000000     0x87b5
 .debug_abbrev  0x0000000000000000       0x14 ./build/obj/crt0_v7m.o
 .debug_abbrev  0x0000000000000014       0x14 ./build/obj/vectors.o
 .debug_abbrev  0x0000000000000028       0x14 ./build/obj/chcoreasm_v7m.o
 .debug_abbrev  0x000000000000003c      0x39c /tmp/ch.elf.nFvnif.ltrans0.ltrans.o
 .debug_abbrev  0x00000000000003d8       0xff /tmp/cc0PwJYi.debug.temp.o
 .debug_abbrev  0x00000000000004d7      0x227 /tmp/ccNbRrHf.debug.temp.o
 .debug_abbrev  0x00000000000006fe      0x2ad /tmp/ccTSRZ5e.debug.temp.o
 .debug_abbrev  0x00000000000009ab      0x353 /tmp/ccamTGth.debug.temp.o
 .debug_abbrev  0x0000000000000cfe      0x366 /tmp/cc7WEvFi.debug.temp.o
 .debug_abbrev  0x0000000000001064      0x277 /tmp/cctsaUUh.debug.temp.o
 .debug_abbrev  0x00000000000012db      0x283 /tmp/ccDYFzlj.debug.temp.o
 .debug_abbrev  0x000000000000155e      0x2c9 /tmp/cc2VpU3e.debug.temp.o
 .debug_abbrev  0x0000000000001827      0x26c /tmp/ccTOofLi.debug.temp.o
 .debug_abbrev  0x0000000000001a93      0x2f8 /tmp/cckCd6Vh.debug.temp.o
 .debug_abbrev  0x0000000000001d8b      0x32e /tmp/ccVEtPxg.debug.temp.o
 .debug_abbrev  0x00000000000020b9      0x2cc /tmp/cculSJ5i.debug.temp.o
 .debug_abbrev  0x0000000000002385      0x348 /tmp/ccoM4Xzi.debug.temp.o
 .debug_abbrev  0x00000000000026cd      0x299 /tmp/ccATp8df.debug.temp.o
 .debug_abbrev  0x0000000000002966      0x221 /tmp/ccrOZBFi.debug.temp.o
 .debug_abbrev  0x0000000000002b87      0x25b /tmp/ccMb7J6f.debug.temp.o
 .debug_abbrev  0x0000000000002de2      0x2e8 /tmp/ccQC03hg.debug.temp.o
 .debug_abbrev  0x00000000000030ca      0x25d /tmp/ccSkLuXh.debug.temp.o
 .debug_abbrev  0x0000000000003327      0x341 /tmp/ccQIiTYf.debug.temp.o
 .debug_abbrev  0x0000000000003668      0x37c /tmp/ccrkVIjh.debug.temp.o
 .debug_abbrev  0x00000000000039e4      0x2d9 /tmp/ccX3Jxvi.debug.temp.o
 .debug_abbrev  0x0000000000003cbd      0x276 /tmp/ccTwhuOh.debug.temp.o
 .debug_abbrev  0x0000000000003f33      0x261 /tmp/ccVgTzwf.debug.temp.o
 .debug_abbrev  0x0000000000004194      0x2de /tmp/ccpaxkoh.debug.temp.o
 .debug_abbrev  0x0000000000004472      0x267 /tmp/cclS9K7h.debug.temp.o
 .debug_abbrev  0x00000000000046d9      0x314 /tmp/ccDUPy3f.debug.temp.o
 .debug_abbrev  0x00000000000049ed      0x252 /tmp/ccjicRzh.debug.temp.o
 .debug_abbrev  0x0000000000004c3f      0x2ad /tmp/ccuEb5Oi.debug.temp.o
 .debug_abbrev  0x0000000000004eec      0x29c /tmp/cciW80ng.debug.temp.o
 .debug_abbrev  0x0000000000005188      0x1e0 /tmp/ccYGFcGg.debug.temp.o
 .debug_abbrev  0x0000000000005368      0x2ae /tmp/cctdw5bh.debug.temp.o
 .debug_abbrev  0x0000000000005616      0x28f /tmp/ccZN40Fi.debug.temp.o
 .debug_abbrev  0x00000000000058a5      0x284 /tmp/cclgjEMf.debug.temp.o
 .debug_abbrev  0x0000000000005b29      0x20b /tmp/ccFszTei.debug.temp.o
 .debug_abbrev  0x0000000000005d34      0x22d /tmp/ccL2BTqh.debug.temp.o
 .debug_abbrev  0x0000000000005f61      0x270 /tmp/ccMNnYdg.debug.temp.o
 .debug_abbrev  0x00000000000061d1      0x273 /tmp/cc3LAUhh.debug.temp.o
 .debug_abbrev  0x0000000000006444      0x259 /tmp/ccCqlQ5h.debug.temp.o
 .debug_abbrev  0x000000000000669d      0x2f5 /tmp/ccwXAOFh.debug.temp.o
 .debug_abbrev  0x0000000000006992      0x2e9 /tmp/ccgR7nZf.debug.temp.o
 .debug_abbrev  0x0000000000006c7b      0x2fb /tmp/ccZQee0h.debug.temp.o
 .debug_abbrev  0x0000000000006f76      0x2e0 /tmp/ccmaB5Cg.debug.temp.o
 .debug_abbrev  0x0000000000007256      0x389 /tmp/cciSCFlf.debug.temp.o
 .debug_abbrev  0x00000000000075df      0x282 /tmp/ccbF4Yph.debug.temp.o
 .debug_abbrev  0x0000000000007861      0x33c /tmp/ccsfpDkf.debug.temp.o
 .debug_abbrev  0x0000000000007b9d      0x2ba /tmp/cc0Sxznj.debug.temp.o
 .debug_abbrev  0x0000000000007e57      0x346 /tmp/cciyQK8i.debug.temp.o
 .debug_abbrev  0x000000000000819d      0x33b /tmp/ccXJnc2g.debug.temp.o
 .debug_abbrev  0x00000000000084d8      0x2dd /tmp/ccTIRDVe.debug.temp.o

.debug_aranges  0x0000000000000000      0x4c0
 .debug_aranges
                0x0000000000000000       0x20 ./build/obj/crt0_v7m.o
 .debug_aranges
                0x0000000000000020       0x20 ./build/obj/vectors.o
 .debug_aranges
                0x0000000000000040       0x20 ./build/obj/chcoreasm_v7m.o
 .debug_aranges
                0x0000000000000060      0x460 /tmp/ch.elf.nFvnif.ltrans0.ltrans.o

.debug_str      0x0000000000000000     0x5b8d
 .debug_str     0x0000000000000000       0xba ./build/obj/crt0_v7m.o
 .debug_str     0x00000000000000ba       0x45 ./build/obj/vectors.o
                                         0xb9 (size before relaxing)
 .debug_str     0x00000000000000ff       0x49 ./build/obj/chcoreasm_v7m.o
                                         0xbd (size before relaxing)
 .debug_str     0x0000000000000148      0x1b3 /tmp/ch.elf.nFvnif.ltrans0.ltrans.o
                                        0x23b (size before relaxing)
 .debug_str     0x00000000000002fb      0x436 /tmp/cc0PwJYi.debug.temp.o
                                        0x514 (size before relaxing)
 .debug_str     0x0000000000000731      0xf9d /tmp/ccNbRrHf.debug.temp.o
                                       0x12ff (size before relaxing)
 .debug_str     0x00000000000016ce       0xfd /tmp/ccTSRZ5e.debug.temp.o
                                       0x13c6 (size before relaxing)
 .debug_str     0x00000000000017cb      0x6c9 /tmp/ccamTGth.debug.temp.o
                                       0x19fc (size before relaxing)
 .debug_str     0x0000000000001e94       0xd2 /tmp/cc7WEvFi.debug.temp.o
                                       0x1874 (size before relaxing)
 .debug_str     0x0000000000001f66      0x273 /tmp/cctsaUUh.debug.temp.o
                                       0x155d (size before relaxing)
 .debug_str     0x00000000000021d9       0xeb /tmp/ccDYFzlj.debug.temp.o
                                       0x1419 (size before relaxing)
 .debug_str     0x00000000000022c4       0xf1 /tmp/cc2VpU3e.debug.temp.o
                                       0x1427 (size before relaxing)
 .debug_str     0x00000000000023b5       0x76 /tmp/ccTOofLi.debug.temp.o
                                       0x1352 (size before relaxing)
 .debug_str     0x000000000000242b      0x12e /tmp/cckCd6Vh.debug.temp.o
                                       0x1481 (size before relaxing)
 .debug_str     0x0000000000002559      0x258 /tmp/ccVEtPxg.debug.temp.o
                                       0x16d0 (size before relaxing)
 .debug_str     0x00000000000027b1      0x125 /tmp/cculSJ5i.debug.temp.o
                                       0x14a4 (size before relaxing)
 .debug_str     0x00000000000028d6      0x190 /tmp/ccoM4Xzi.debug.temp.o
                                       0x1953 (size before relaxing)
 .debug_str     0x0000000000002a66      0x164 /tmp/ccATp8df.debug.temp.o
                                       0x1447 (size before relaxing)
 .debug_str     0x0000000000002bca      0x3db /tmp/ccrOZBFi.debug.temp.o
                                       0x16a4 (size before relaxing)
 .debug_str     0x0000000000002fa5      0x1a6 /tmp/ccMb7J6f.debug.temp.o
                                       0x14ff (size before relaxing)
 .debug_str     0x000000000000314b      0x17d /tmp/ccQC03hg.debug.temp.o
                                       0x15c6 (size before relaxing)
 .debug_str     0x00000000000032c8       0x8d /tmp/ccSkLuXh.debug.temp.o
                                       0x137b (size before relaxing)
 .debug_str     0x0000000000003355      0x234 /tmp/ccQIiTYf.debug.temp.o
                                       0x1ad5 (size before relaxing)
 .debug_str     0x0000000000003589      0x2ff /tmp/ccrkVIjh.debug.temp.o
                                       0x1ba1 (size before relaxing)
 .debug_str     0x0000000000003888      0x116 /tmp/ccX3Jxvi.debug.temp.o
                                       0x15cf (size before relaxing)
 .debug_str     0x000000000000399e       0x83 /tmp/ccTwhuOh.debug.temp.o
                                       0x151e (size before relaxing)
 .debug_str     0x0000000000003a21       0xc5 /tmp/ccVgTzwf.debug.temp.o
                                       0x14bc (size before relaxing)
 .debug_str     0x0000000000003ae6       0xbf /tmp/ccpaxkoh.debug.temp.o
                                       0x1581 (size before relaxing)
 .debug_str     0x0000000000003ba5       0xbe /tmp/cclS9K7h.debug.temp.o
                                       0x14c7 (size before relaxing)
 .debug_str     0x0000000000003c63      0x2bd /tmp/ccDUPy3f.debug.temp.o
                                        0xaf8 (size before relaxing)
 .debug_str     0x0000000000003f20       0x73 /tmp/ccjicRzh.debug.temp.o
                                        0x82b (size before relaxing)
 .debug_str     0x0000000000003f93      0x14c /tmp/ccuEb5Oi.debug.temp.o
                                        0x90e (size before relaxing)
 .debug_str     0x00000000000040df      0x267 /tmp/cciW80ng.debug.temp.o
                                        0xa81 (size before relaxing)
 .debug_str     0x0000000000004346       0xc4 /tmp/ccYGFcGg.debug.temp.o
                                        0x8b4 (size before relaxing)
 .debug_str     0x000000000000440a       0xac /tmp/cctdw5bh.debug.temp.o
                                        0xc03 (size before relaxing)
 .debug_str     0x00000000000044b6       0xc4 /tmp/ccZN40Fi.debug.temp.o
                                        0x86c (size before relaxing)
 .debug_str     0x000000000000457a      0x1a8 /tmp/cclgjEMf.debug.temp.o
                                        0x976 (size before relaxing)
 .debug_str     0x0000000000004722       0xa0 /tmp/ccFszTei.debug.temp.o
                                        0x84f (size before relaxing)
 .debug_str     0x00000000000047c2       0xa9 /tmp/ccL2BTqh.debug.temp.o
                                        0x81a (size before relaxing)
 .debug_str     0x000000000000486b       0xa7 /tmp/ccMNnYdg.debug.temp.o
                                        0x82f (size before relaxing)
 .debug_str     0x0000000000004912      0x147 /tmp/cc3LAUhh.debug.temp.o
                                        0x8cb (size before relaxing)
 .debug_str     0x0000000000004a59      0x186 /tmp/ccCqlQ5h.debug.temp.o
                                        0x901 (size before relaxing)
 .debug_str     0x0000000000004bdf      0x3e7 /tmp/ccwXAOFh.debug.temp.o
                                        0xfc2 (size before relaxing)
 .debug_str     0x0000000000004fc6      0x13d /tmp/ccgR7nZf.debug.temp.o
                                       0x118f (size before relaxing)
 .debug_str     0x0000000000005103      0x139 /tmp/ccZQee0h.debug.temp.o
                                       0x1437 (size before relaxing)
 .debug_str     0x000000000000523c       0xba /tmp/ccmaB5Cg.debug.temp.o
                                       0x13f0 (size before relaxing)
 .debug_str     0x00000000000052f6      0x253 /tmp/cciSCFlf.debug.temp.o
                                       0x199a (size before relaxing)
 .debug_str     0x0000000000005549       0x3a /tmp/ccbF4Yph.debug.temp.o
                                       0x1768 (size before relaxing)
 .debug_str     0x0000000000005583       0x9a /tmp/ccsfpDkf.debug.temp.o
                                       0x17d2 (size before relaxing)
 .debug_str     0x000000000000561d      0x14f /tmp/cc0Sxznj.debug.temp.o
                                       0x15ec (size before relaxing)
 .debug_str     0x000000000000576c      0x173 /tmp/cciyQK8i.debug.temp.o
                                       0x14ab (size before relaxing)
 .debug_str     0x00000000000058df      0x21f /tmp/ccXJnc2g.debug.temp.o
                                       0x1afc (size before relaxing)
 .debug_str     0x0000000000005afe       0x8f /tmp/ccTIRDVe.debug.temp.o
                                       0x1982 (size before relaxing)

.debug_loc      0x0000000000000000    0x11079
 .debug_loc     0x0000000000000000    0x11079 /tmp/ch.elf.nFvnif.ltrans0.ltrans.o

.debug_ranges   0x0000000000000000    0x12a90
 .debug_ranges  0x0000000000000000    0x12a90 /tmp/ch.elf.nFvnif.ltrans0.ltrans.o

.debug_frame    0x0000000000000000     0x142c
 .debug_frame   0x0000000000000000     0x1170 /tmp/ch.elf.nFvnif.ltrans0.ltrans.o
 .debug_frame   0x0000000000001170       0x80 /home/rob/Data/rob/Projects/ChibiStudio/ChibiStudio_20/tools/GNU Tools ARM Embedded/9.2.1 2019q4/bin/../lib/gcc/arm-none-eabi/9.2.1/../../../../arm-none-eabi/lib/thumb/v7e-m/nofp/libg.a(lib_a-strtol.o)
 .debug_frame   0x00000000000011f0       0x38 /home/rob/Data/rob/Projects/ChibiStudio/ChibiStudio_20/tools/GNU Tools ARM Embedded/9.2.1 2019q4/bin/../lib/gcc/arm-none-eabi/9.2.1/../../../../arm-none-eabi/lib/thumb/v7e-m/nofp/libg.a(lib_a-memset.o)
 .debug_frame   0x0000000000001228       0x40 /home/rob/Data/rob/Projects/ChibiStudio/ChibiStudio_20/tools/GNU Tools ARM Embedded/9.2.1 2019q4/bin/../lib/gcc/arm-none-eabi/9.2.1/../../../../arm-none-eabi/lib/thumb/v7e-m/nofp/libg.a(lib_a-strchr.o)
 .debug_frame   0x0000000000001268       0x68 /home/rob/Data/rob/Projects/ChibiStudio/ChibiStudio_20/tools/GNU Tools ARM Embedded/9.2.1 2019q4/bin/../lib/gcc/arm-none-eabi/9.2.1/../../../../arm-none-eabi/lib/thumb/v7e-m/nofp/libg.a(lib_a-strcmp.o)
 .debug_frame   0x00000000000012d0       0x34 /home/rob/Data/rob/Projects/ChibiStudio/ChibiStudio_20/tools/GNU Tools ARM Embedded/9.2.1 2019q4/bin/../lib/gcc/arm-none-eabi/9.2.1/../../../../arm-none-eabi/lib/thumb/v7e-m/nofp/libg.a(lib_a-strpbrk.o)
 .debug_frame   0x0000000000001304       0x34 /home/rob/Data/rob/Projects/ChibiStudio/ChibiStudio_20/tools/GNU Tools ARM Embedded/9.2.1 2019q4/bin/../lib/gcc/arm-none-eabi/9.2.1/../../../../arm-none-eabi/lib/thumb/v7e-m/nofp/libg.a(lib_a-strspn.o)
 .debug_frame   0x0000000000001338       0x88 /home/rob/Data/rob/Projects/ChibiStudio/ChibiStudio_20/tools/GNU Tools ARM Embedded/9.2.1 2019q4/bin/../lib/gcc/arm-none-eabi/9.2.1/../../../../arm-none-eabi/lib/thumb/v7e-m/nofp/libg.a(lib_a-strstr.o)
 .debug_frame   0x00000000000013c0       0x3c /home/rob/Data/rob/Projects/ChibiStudio/ChibiStudio_20/tools/GNU Tools ARM Embedded/9.2.1 2019q4/bin/../lib/gcc/arm-none-eabi/9.2.1/../../../../arm-none-eabi/lib/thumb/v7e-m/nofp/libg.a(lib_a-memcmp.o)
 .debug_frame   0x00000000000013fc       0x30 /home/rob/Data/rob/Projects/ChibiStudio/ChibiStudio_20/tools/GNU Tools ARM Embedded/9.2.1 2019q4/bin/../lib/gcc/arm-none-eabi/9.2.1/../../../../arm-none-eabi/lib/thumb/v7e-m/nofp/libg.a(lib_a-strnlen.o)

Cross Reference Table

Symbol                                            File
BUS_in_use                                        ./build/obj/SPI.o (symbol from plugin)
BusFault_Handler                                  ./build/obj/vectors.o
DebugMon_Handler                                  ./build/obj/vectors.o
GPTD5                                             ./build/obj/hal_gpt_lld.o (symbol from plugin)
                                                  ./build/obj/SPI.o (symbol from plugin)
HardFault_Handler                                 ./build/obj/vectors.o
I2CD1                                             ./build/obj/hal_i2c_lld.o (symbol from plugin)
MemManage_Handler                                 ./build/obj/vectors.o
NMI_Handler                                       ./build/obj/vectors.o
PendSV_Handler                                    ./build/obj/vectors.o
Reset_Handler                                     ./build/obj/vectors.o