Archive member included to satisfy reference by file (symbol)

/home/rob/Data/rob/Projects/ChibiStudio/ChibiStudio_20/tools/GNU Tools ARM Embedded/9.2.1 2019q4/bin/../lib/gcc/arm-none-eabi/9.2.1/../../../../arm-none-eabi/lib/thumb/v7e-m/nofp/libg.a(lib_a-atoi.o)
                              ./build/obj/mypwm.o (symbol from plugin) (atoi)
/home/rob/Data/rob/Projects/ChibiStudio/ChibiStudio_20/tools/GNU Tools ARM Embedded/9.2.1 2019q4/bin/../lib/gcc/arm-none-eabi/9.2.1/../../../../arm-none-eabi/lib/thumb/v7e-m/nofp/libg.a(lib_a-ctype_.o)
                              ./build/obj/chscanf.o (symbol from plugin) (_ctype_)
/home/rob/Data/rob/Projects/ChibiStudio/ChibiStudio_20/tools/GNU Tools ARM Embedded/9.2.1 2019q4/bin/../lib/gcc/arm-none-eabi/9.2.1/../../../../arm-none-eabi/lib/thumb/v7e-m/nofp/libg.a(lib_a-strtol.o)
                              /home/rob/Data/rob/Projects/ChibiStudio/ChibiStudio_20/tools/GNU Tools ARM Embedded/9.2.1 2019q4/bin/../lib/gcc/arm-none-eabi/9.2.1/../../../../arm-none-eabi/lib/thumb/v7e-m/nofp/libg.a(lib_a-atoi.o) (_strtol_r)
/home/rob/Data/rob/Projects/ChibiStudio/ChibiStudio_20/tools/GNU Tools ARM Embedded/9.2.1 2019q4/bin/../lib/gcc/arm-none-eabi/9.2.1/../../../../arm-none-eabi/lib/thumb/v7e-m/nofp/libg.a(lib_a-impure.o)
                              /home/rob/Data/rob/Projects/ChibiStudio/ChibiStudio_20/tools/GNU Tools ARM Embedded/9.2.1 2019q4/bin/../lib/gcc/arm-none-eabi/9.2.1/../../../../arm-none-eabi/lib/thumb/v7e-m/nofp/libg.a(lib_a-strtol.o) (_impure_ptr)
/home/rob/Data/rob/Projects/ChibiStudio/ChibiStudio_20/tools/GNU Tools ARM Embedded/9.2.1 2019q4/bin/../lib/gcc/arm-none-eabi/9.2.1/thumb/v7e-m/nofp/libgcc.a(_aeabi_ldivmod.o)
                              /tmp/ch.elf.ObbqC9.ltrans0.ltrans.o (__aeabi_ldivmod)
/home/rob/Data/rob/Projects/ChibiStudio/ChibiStudio_20/tools/GNU Tools ARM Embedded/9.2.1 2019q4/bin/../lib/gcc/arm-none-eabi/9.2.1/thumb/v7e-m/nofp/libgcc.a(_aeabi_uldivmod.o)
                              /tmp/ch.elf.ObbqC9.ltrans0.ltrans.o (__aeabi_uldivmod)
/home/rob/Data/rob/Projects/ChibiStudio/ChibiStudio_20/tools/GNU Tools ARM Embedded/9.2.1 2019q4/bin/../lib/gcc/arm-none-eabi/9.2.1/thumb/v7e-m/nofp/libgcc.a(_udivmoddi4.o)
                              /home/rob/Data/rob/Projects/ChibiStudio/ChibiStudio_20/tools/GNU Tools ARM Embedded/9.2.1 2019q4/bin/../lib/gcc/arm-none-eabi/9.2.1/thumb/v7e-m/nofp/libgcc.a(_aeabi_ldivmod.o) (__udivmoddi4)
/home/rob/Data/rob/Projects/ChibiStudio/ChibiStudio_20/tools/GNU Tools ARM Embedded/9.2.1 2019q4/bin/../lib/gcc/arm-none-eabi/9.2.1/thumb/v7e-m/nofp/libgcc.a(_dvmd_tls.o)
                              /home/rob/Data/rob/Projects/ChibiStudio/ChibiStudio_20/tools/GNU Tools ARM Embedded/9.2.1 2019q4/bin/../lib/gcc/arm-none-eabi/9.2.1/thumb/v7e-m/nofp/libgcc.a(_aeabi_ldivmod.o) (__aeabi_ldiv0)
/home/rob/Data/rob/Projects/ChibiStudio/ChibiStudio_20/tools/GNU Tools ARM Embedded/9.2.1 2019q4/bin/../lib/gcc/arm-none-eabi/9.2.1/../../../../arm-none-eabi/lib/thumb/v7e-m/nofp/libg.a(lib_a-memcpy.o)
                              /tmp/ch.elf.ObbqC9.ltrans0.ltrans.o (memcpy)
/home/rob/Data/rob/Projects/ChibiStudio/ChibiStudio_20/tools/GNU Tools ARM Embedded/9.2.1 2019q4/bin/../lib/gcc/arm-none-eabi/9.2.1/../../../../arm-none-eabi/lib/thumb/v7e-m/nofp/libg.a(lib_a-memset.o)
                              /tmp/ch.elf.ObbqC9.ltrans0.ltrans.o (memset)
/home/rob/Data/rob/Projects/ChibiStudio/ChibiStudio_20/tools/GNU Tools ARM Embedded/9.2.1 2019q4/bin/../lib/gcc/arm-none-eabi/9.2.1/../../../../arm-none-eabi/lib/thumb/v7e-m/nofp/libg.a(lib_a-strchr.o)
                              /tmp/ch.elf.ObbqC9.ltrans0.ltrans.o (strchr)
/home/rob/Data/rob/Projects/ChibiStudio/ChibiStudio_20/tools/GNU Tools ARM Embedded/9.2.1 2019q4/bin/../lib/gcc/arm-none-eabi/9.2.1/../../../../arm-none-eabi/lib/thumb/v7e-m/nofp/libg.a(lib_a-strcmp.o)
                              /tmp/ch.elf.ObbqC9.ltrans0.ltrans.o (strcmp)
/home/rob/Data/rob/Projects/ChibiStudio/ChibiStudio_20/tools/GNU Tools ARM Embedded/9.2.1 2019q4/bin/../lib/gcc/arm-none-eabi/9.2.1/../../../../arm-none-eabi/lib/thumb/v7e-m/nofp/libg.a(lib_a-strlen.o)
                              /tmp/ch.elf.ObbqC9.ltrans0.ltrans.o (strlen)
/home/rob/Data/rob/Projects/ChibiStudio/ChibiStudio_20/tools/GNU Tools ARM Embedded/9.2.1 2019q4/bin/../lib/gcc/arm-none-eabi/9.2.1/../../../../arm-none-eabi/lib/thumb/v7e-m/nofp/libg.a(lib_a-strpbrk.o)
                              /tmp/ch.elf.ObbqC9.ltrans0.ltrans.o (strpbrk)
/home/rob/Data/rob/Projects/ChibiStudio/ChibiStudio_20/tools/GNU Tools ARM Embedded/9.2.1 2019q4/bin/../lib/gcc/arm-none-eabi/9.2.1/../../../../arm-none-eabi/lib/thumb/v7e-m/nofp/libg.a(lib_a-strspn.o)
                              /tmp/ch.elf.ObbqC9.ltrans0.ltrans.o (strspn)
/home/rob/Data/rob/Projects/ChibiStudio/ChibiStudio_20/tools/GNU Tools ARM Embedded/9.2.1 2019q4/bin/../lib/gcc/arm-none-eabi/9.2.1/../../../../arm-none-eabi/lib/thumb/v7e-m/nofp/libg.a(lib_a-strstr.o)
[...]
Memory Configuration

Name             Origin             Length             Attributes
flash0           0x0000000008000000 0x0000000000040000 xr
flash1           0x0000000000000000 0x0000000000000000 xr
flash2           0x0000000000000000 0x0000000000000000 xr
flash3           0x0000000000000000 0x0000000000000000 xr
flash4           0x0000000000000000 0x0000000000000000 xr
flash5           0x0000000000000000 0x0000000000000000 xr
flash6           0x0000000000000000 0x0000000000000000 xr
flash7           0x0000000000000000 0x0000000000000000 xr
ram0             0x0000000020000000 0x0000000000010000 xw
ram1             0x0000000000000000 0x0000000000000000 xw
ram2             0x0000000000000000 0x0000000000000000 xw
ram3             0x0000000000000000 0x0000000000000000 xw
ram4             0x0000000000000000 0x0000000000000000 xw
ram5             0x0000000000000000 0x0000000000000000 xw
ram6             0x0000000000000000 0x0000000000000000 xw
ram7             0x0000000000000000 0x0000000000000000 xw
*default*        0x0000000000000000 0xffffffffffffffff

Linker script and memory map

LOAD ./build/obj/crt0_v7m.o
LOAD ./build/obj/vectors.o
LOAD ./build/obj/chcoreasm_v7m.o
LOAD /tmp/ch.elf.ObbqC9.ltrans0.ltrans.o
LOAD /tmp/ccnqw9Od.debug.temp.o
LOAD /tmp/ccNPr3Fd.debug.temp.o
LOAD /tmp/ccCTjMkb.debug.temp.o
LOAD /tmp/ccNQmGCd.debug.temp.o
LOAD /tmp/ccJsjE2a.debug.temp.o
LOAD /tmp/ccD8zqjd.debug.temp.o
LOAD /tmp/cccDJLWc.debug.temp.o
LOAD /tmp/ccT3BYga.debug.temp.o
LOAD /tmp/cchIDWDd.debug.temp.o
LOAD /tmp/ccKVLyMc.debug.temp.o
LOAD /tmp/ccoqlYcb.debug.temp.o
LOAD /tmp/ccML8kU9.debug.temp.o
LOAD /tmp/ccTZVsTc.debug.temp.o
LOAD /tmp/ccdyhj7a.debug.temp.o
LOAD /tmp/ccw8DNG9.debug.temp.o
LOAD /tmp/ccH9kaUb.debug.temp.o
LOAD /tmp/ccGrPPoc.debug.temp.o
LOAD /tmp/ccl0nyOb.debug.temp.o
LOAD /tmp/ccC8icZc.debug.temp.o
LOAD /tmp/ccj9KE2c.debug.temp.o
LOAD /tmp/ccTtsQLa.debug.temp.o
LOAD /tmp/ccg7Paub.debug.temp.o
LOAD /tmp/ccuxpjPa.debug.temp.o
LOAD /tmp/ccCShU7b.debug.temp.o
LOAD /tmp/ccVye5H9.debug.temp.o
LOAD /tmp/cc27o6pc.debug.temp.o
LOAD /tmp/ccLGUdTb.debug.temp.o
LOAD /tmp/ccn44ZSd.debug.temp.o
LOAD /tmp/ccoy28ae.debug.temp.o
LOAD /tmp/cckTfwkc.debug.temp.o
LOAD /tmp/cclJIgJ9.debug.temp.o
LOAD /tmp/ccJ4CZkd.debug.temp.o
LOAD /tmp/cc5E8Phb.debug.temp.o
LOAD /tmp/ccxPNNrd.debug.temp.o
LOAD /tmp/ccqADCBc.debug.temp.o
LOAD /tmp/cc4PiMzd.debug.temp.o
LOAD /tmp/cczIFOTc.debug.temp.o
LOAD /tmp/ccTPV8ma.debug.temp.o
LOAD /tmp/ccrvCkR9.debug.temp.o
LOAD /tmp/ccEYNBHa.debug.temp.o
LOAD /tmp/ccLwSIIa.debug.temp.o
LOAD /tmp/ccf1eE5d.debug.temp.o
LOAD /tmp/ccnqCwmb.debug.temp.o
LOAD /tmp/cc4MApYc.debug.temp.o
LOAD /tmp/ccXj0TM9.debug.temp.o
LOAD /tmp/ccBPro4a.debug.temp.o
LOAD /tmp/cco3La1d.debug.temp.o
LOAD /tmp/ccNa9G19.debug.temp.o
LOAD /tmp/ccHPylGc.debug.temp.o
LOAD /tmp/ccnCFaKd.debug.temp.o
LOAD /tmp/ccAVbrUd.debug.temp.o
LOAD /tmp/ccyPgfFc.debug.temp.o
LOAD /tmp/ccFTyo79.debug.temp.o
LOAD /tmp/ccqkmRQa.debug.temp.o
LOAD /tmp/ccAmFdma.debug.temp.o
LOAD /tmp/ccKK6VZa.debug.temp.o
LOAD /tmp/ccI1yfNc.debug.temp.o
LOAD /tmp/ccK4tcfc.debug.temp.o
LOAD /tmp/ccqnrQEb.debug.temp.o
LOAD /tmp/ccTnIxI9.debug.temp.o
LOAD /tmp/ccZIozA9.debug.temp.o
LOAD /tmp/ccWIpjjb.debug.temp.o
LOAD /tmp/ccsGVnUa.debug.temp.o
LOAD /tmp/cczGW6Yd.debug.temp.o
LOAD /tmp/ccaat71c.debug.temp.o
LOAD /tmp/cc9S96lc.debug.temp.o
LOAD /tmp/ccezLiQb.debug.temp.o
LOAD /tmp/ccvakMub.debug.temp.o
LOAD /tmp/ccc4ouWc.debug.temp.o

.mstack         0x0000000020000000      0x400
                0x0000000020000000                . = ALIGN (0x8)
                0x0000000020000000                __main_stack_base__ = .
                0x0000000020000400                . = (. + __main_stack_size__)
 *fill*         0x0000000020000000      0x400 
                0x0000000020000400                . = ALIGN (0x8)
                0x0000000020000400                __main_stack_end__ = .

.pstack         0x0000000020000400      0x400
                0x0000000020000400                . = ALIGN (0x8)
                0x0000000020000400                __process_stack_base__ = .
                0x0000000020000400                __main_thread_stack_base__ = .
                0x0000000020000800                . = (. + __process_stack_size__)
 *fill*         0x0000000020000400      0x400 
                0x0000000020000800                . = ALIGN (0x8)
                0x0000000020000800                __process_stack_end__ = .
                0x0000000020000800                __main_thread_stack_end__ = .

.vectors        0x0000000008000000      0x1e0
 *(.vectors)
 .vectors       0x0000000008000000      0x1e0 ./build/obj/vectors.o
                0x0000000008000000                _vectors

.xtors          0x00000000080001e0        0x0
                0x00000000080001e0                __init_array_base__ = .
 *(SORT_BY_NAME(.init_array.*))
 *(.init_array)
                0x00000000080001e0                __init_array_end__ = .
                0x00000000080001e0                __fini_array_base__ = .
 *(.fini_array)
 *(SORT_BY_NAME(.fini_array.*))
                0x00000000080001e0                __fini_array_end__ = .

.text           0x0000000008000200     0x7b68
                0x0000000008000200                __text_base__ = .
 *(.text)
 .text          0x0000000008000200       0xd8 ./build/obj/crt0_v7m.o
                0x0000000008000200                _crt0_entry
 .text          0x00000000080002d8        0x8 ./build/obj/vectors.o
                0x00000000080002d8                Reset_Handler
                0x00000000080002da                Vector58
                0x00000000080002da                VectorE8
                0x00000000080002da                Vector9C
                0x00000000080002da                VectorAC
                0x00000000080002da                DebugMon_Handler
                0x00000000080002da                Vector1A0
                0x00000000080002da                Vector5C
                0x00000000080002da                Vector11C
                0x00000000080002da                HardFault_Handler
                0x00000000080002da                Vector1B8
                0x00000000080002da                Vector19C
                0x00000000080002da                Vector8C
                0x00000000080002da                SysTick_Handler
                0x00000000080002da                VectorDC
                0x00000000080002da                PendSV_Handler
                0x00000000080002da                Vector168
                0x00000000080002da                NMI_Handler
                0x00000000080002da                Vector110
                0x00000000080002da                Vector1D8
                0x00000000080002da                VectorC8
                0x00000000080002da                Vector94
                0x00000000080002da                VectorA8
                0x00000000080002da                Vector160
                0x00000000080002da                Vector1B0
                0x00000000080002da                UsageFault_Handler
                0x00000000080002da                VectorEC
                0x00000000080002da                Vector40
                0x00000000080002da                VectorF8
                0x00000000080002da                Vector190
                0x00000000080002da                Vector1C4
                0x00000000080002da                Vector1CC
                0x00000000080002da                Vector148
                0x00000000080002da                Vector188
                0x00000000080002da                Vector198
                0x00000000080002da                Vector118
                0x00000000080002da                Vector64
                0x00000000080002da                VectorCC
                0x00000000080002da                Vector54
                0x00000000080002da                Vector98
                0x00000000080002da                Vector138
                0x00000000080002da                Vector24
                0x00000000080002da                Vector1AC
                0x00000000080002da                Vector178
                0x00000000080002da                SecureFault_Handler
                0x00000000080002da                Vector1A4
                0x00000000080002da                VectorD0
                0x00000000080002da                Vector1B4
                0x00000000080002da                Vector140
                0x00000000080002da                VectorE4
                0x00000000080002da                Vector1C0
                0x00000000080002da                Vector134
                0x00000000080002da                Vector1D0
                0x00000000080002da                VectorF0
                0x00000000080002da                Vector13C
                0x00000000080002da                Vector100
                0x00000000080002da                VectorE0
                0x00000000080002da                VectorF4
                0x00000000080002da                MemManage_Handler
                0x00000000080002da                VectorA0
                0x00000000080002da                VectorC4
                0x00000000080002da                Vector180
                0x00000000080002da                Vector90
                0x00000000080002da                Vector114
                0x00000000080002da                Vector164
                0x00000000080002da                Vector60
                0x00000000080002da                Vector1BC
                0x00000000080002da                Vector1D4
                0x00000000080002da                Vector17C
                0x00000000080002da                Vector48
                0x00000000080002da                Vector1A8
                0x00000000080002da                Vector16C
                0x00000000080002da                Vector4C
                0x00000000080002da                Vector144
                0x00000000080002da                Vector68
                0x00000000080002da                Vector170
                0x00000000080002da                Vector88
                0x00000000080002da                Vector104
                0x00000000080002da                Vector184
                0x00000000080002da                Vector10C
                0x00000000080002da                BusFault_Handler
                0x00000000080002da                Vector50
                0x00000000080002da                Vector1C8
                0x00000000080002da                Vector194
                0x00000000080002da                Vector1DC
                0x00000000080002da                Vector44
                0x00000000080002da                Vector28
                0x00000000080002da                VectorB8
                0x00000000080002da                Vector34
                0x00000000080002da                VectorA4
                0x00000000080002da                Vector20
                0x00000000080002da                Vector18C
                0x00000000080002da                Vector174
                0x00000000080002de                _unhandled_exception
 .text          0x00000000080002e0       0x2a ./build/obj/chcoreasm_v7m.o
                0x00000000080002e0                _port_switch
                0x00000000080002f0                _port_thread_start
                0x0000000008000302                _port_switch_from_isr
                0x0000000008000306                _port_exit_from_isr
 *fill*         0x000000000800030a        0x2 
 .text          0x000000000800030c      0x134 /home/rob/Data/rob/Projects/ChibiStudio/ChibiStudio_20/tools/GNU Tools ARM Embedded/9.2.1 2019q4/bin/../lib/gcc/arm-none-eabi/9.2.1/../../../../arm-none-eabi/lib/thumb/v7e-m/nofp/libg.a(lib_a-memcpy.o)
                0x000000000800030c                memcpy
 .text          0x0000000008000440      0x2dc /home/rob/Data/rob/Projects/ChibiStudio/ChibiStudio_20/tools/GNU Tools ARM Embedded/9.2.1 2019q4/bin/../lib/gcc/arm-none-eabi/9.2.1/../../../../arm-none-eabi/lib/thumb/v7e-m/nofp/libg.a(lib_a-strcmp.o)
                0x0000000008000448                strcmp
 *fill*         0x000000000800071c       0x24 
 .text          0x0000000008000740       0xdc /home/rob/Data/rob/Projects/ChibiStudio/ChibiStudio_20/tools/GNU Tools ARM Embedded/9.2.1 2019q4/bin/../lib/gcc/arm-none-eabi/9.2.1/../../../../arm-none-eabi/lib/thumb/v7e-m/nofp/libg.a(lib_a-strlen.o)
                0x0000000008000740                strlen
 .text          0x000000000800081c       0x30 /home/rob/Data/rob/Projects/ChibiStudio/ChibiStudio_20/tools/GNU Tools ARM Embedded/9.2.1 2019q4/bin/../lib/gcc/arm-none-eabi/9.2.1/thumb/v7e-m/nofp/libgcc.a(_aeabi_uldivmod.o)
                0x000000000800081c                __aeabi_uldivmod
 .text          0x000000000800084c      0x2c0 /home/rob/Data/rob/Projects/ChibiStudio/ChibiStudio_20/tools/GNU Tools ARM Embedded/9.2.1 2019q4/bin/../lib/gcc/arm-none-eabi/9.2.1/thumb/v7e-m/nofp/libgcc.a(_udivmoddi4.o)
                0x000000000800084c                __udivmoddi4
 .text          0x0000000008000b0c        0x4 /home/rob/Data/rob/Projects/ChibiStudio/ChibiStudio_20/tools/GNU Tools ARM Embedded/9.2.1 2019q4/bin/../lib/gcc/arm-none-eabi/9.2.1/thumb/v7e-m/nofp/libgcc.a(_dvmd_tls.o)
                0x0000000008000b0c                __aeabi_ldiv0
                0x0000000008000b0c                __aeabi_idiv0
 *(.text.*)
 .text.sdObjectInit.constprop.0
                0x0000000008000b10       0x58 /tmp/ch.elf.ObbqC9.ltrans0.ltrans.o
 *fill*         0x0000000008000b68        0x8 
 .text.otg_txfifo_handler.constprop.0
                0x0000000008000b70       0x90 /tmp/ch.elf.ObbqC9.ltrans0.ltrans.o
 .text.chCoreAllocFromTop
                0x0000000008000c00       0x3c /tmp/ch.elf.ObbqC9.ltrans0.ltrans.o
 *fill*         0x0000000008000c3c        0x4 
 .text.notify1  0x0000000008000c40       0x10 /tmp/ch.elf.ObbqC9.ltrans0.ltrans.o
 .text.notify2  0x0000000008000c50       0x10 /tmp/ch.elf.ObbqC9.ltrans0.ltrans.o
 .text.notify6  0x0000000008000c60       0x10 /tmp/ch.elf.ObbqC9.ltrans0.ltrans.o
 .text.check_BUS
                0x0000000008000c70       0x80 /tmp/ch.elf.ObbqC9.ltrans0.ltrans.o
 .text.select_chip
                0x0000000008000cf0      0x1f8 /tmp/ch.elf.ObbqC9.ltrans0.ltrans.o
 *fill*         0x0000000008000ee8        0x8 
 .text.gptcb    0x0000000008000ef0       0x18 /tmp/ch.elf.ObbqC9.ltrans0.ltrans.o
 *fill*         0x0000000008000f08        0x8 
 .text.requests_hook
                0x0000000008000f10       0x5c /tmp/ch.elf.ObbqC9.ltrans0.ltrans.o
 *fill*         0x0000000008000f6c        0x4 
 .text.get_descriptor
                0x0000000008000f70       0x34 /tmp/ch.elf.ObbqC9.ltrans0.ltrans.o
 *fill*         0x0000000008000fa4        0xc 
 .text.sym_to_val
                0x0000000008000fb0       0x58 /tmp/ch.elf.ObbqC9.ltrans0.ltrans.o
 *fill*         0x0000000008001008        0x8 
 .text._port_irq_epilogue
                0x0000000008001010       0x4c /tmp/ch.elf.ObbqC9.ltrans0.ltrans.o
 *fill*         0x000000000800105c        0x4 
 .text.chCoreAllocAlignedI
                0x0000000008001060       0x28 /tmp/ch.elf.ObbqC9.ltrans0.ltrans.o
 *fill*         0x0000000008001088        0x8 
 .text.chTMStopMeasurementX
                0x0000000008001090       0x44 /tmp/ch.elf.ObbqC9.ltrans0.ltrans.o
 *fill*         0x00000000080010d4        0xc 
 .text.chTMStartMeasurementX
                0x00000000080010e0        0xc /tmp/ch.elf.ObbqC9.ltrans0.ltrans.o
 *fill*         0x00000000080010ec        0x4 
 .text.chThdCreateSuspendedI
                0x00000000080010f0       0x78 /tmp/ch.elf.ObbqC9.ltrans0.ltrans.o
 *fill*         0x0000000008001168        0x8 
 .text.wakeup   0x0000000008001170       0x6c /tmp/ch.elf.ObbqC9.ltrans0.ltrans.o
 *fill*         0x00000000080011dc        0x4 
 .text.chSchReadyI
                0x00000000080011e0       0x24 /tmp/ch.elf.ObbqC9.ltrans0.ltrans.o
 *fill*         0x0000000008001204        0xc 
 .text.chThdDequeueAllI.constprop.0
                0x0000000008001210       0x24 /tmp/ch.elf.ObbqC9.ltrans0.ltrans.o
 *fill*         0x0000000008001234        0xc 
 .text.chThdDequeueNextI.constprop.0
                0x0000000008001240       0x18 /tmp/ch.elf.ObbqC9.ltrans0.ltrans.o
 *fill*         0x0000000008001258        0x8 
 .text.chEvtBroadcastFlagsI
                0x0000000008001260       0x58 /tmp/ch.elf.ObbqC9.ltrans0.ltrans.o
 *fill*         0x00000000080012b8        0x8 
 .text.chThdResumeI
                0x00000000080012c0       0x14 /tmp/ch.elf.ObbqC9.ltrans0.ltrans.o
 *fill*         0x00000000080012d4        0xc 
 .text.chSysPolledDelayX
                0x00000000080012e0       0x14 /tmp/ch.elf.ObbqC9.ltrans0.ltrans.o
 *fill*         0x00000000080012f4        0xc 
 .text._idle_thread
                0x0000000008001300        0x4 /tmp/ch.elf.ObbqC9.ltrans0.ltrans.o
 *fill*         0x0000000008001304        0xc 
 .text.serve_interrupt
                0x0000000008001310      0x18c /tmp/ch.elf.ObbqC9.ltrans0.ltrans.o
 *fill*         0x000000000800149c        0x4 
 .text.i2c_lld_serve_rx_end_irq
                0x00000000080014a0       0x68 /tmp/ch.elf.ObbqC9.ltrans0.ltrans.o
 *fill*         0x0000000008001508        0x8 
 .text.spi_lld_serve_tx_interrupt
                0x0000000008001510       0x1c /tmp/ch.elf.ObbqC9.ltrans0.ltrans.o
 *fill*         0x000000000800152c        0x4 
 .text.spi_lld_serve_rx_interrupt
                0x0000000008001530       0xbc /tmp/ch.elf.ObbqC9.ltrans0.ltrans.o
 *fill*         0x00000000080015ec        0x4 
 .text.usb_lld_start_in
                0x00000000080015f0       0xa0 /tmp/ch.elf.ObbqC9.ltrans0.ltrans.o
 .text.otg_epin_handler.constprop.0
                0x0000000008001690       0x88 /tmp/ch.elf.ObbqC9.ltrans0.ltrans.o
 *fill*         0x0000000008001718        0x8 
 .text.usb_lld_start_out
                0x0000000008001720       0x80 /tmp/ch.elf.ObbqC9.ltrans0.ltrans.o
 .text.otg_epout_handler.constprop.0
                0x00000000080017a0       0x9c /tmp/ch.elf.ObbqC9.ltrans0.ltrans.o
 *fill*         0x000000000800183c        0x4 
 .text.i2c_lld_serve_tx_end_irq
                0x0000000008001840       0x44 /tmp/ch.elf.ObbqC9.ltrans0.ltrans.o
 *fill*         0x0000000008001884        0xc 
 .text._pal_lld_setgroupmode
                0x0000000008001890       0xd4 /tmp/ch.elf.ObbqC9.ltrans0.ltrans.o
 *fill*         0x0000000008001964        0xc 
 .text.dmaStreamAllocI.part.0
                0x0000000008001970       0xd0 /tmp/ch.elf.ObbqC9.ltrans0.ltrans.o
 .text._usb_ep0out
                0x0000000008001a40       0x94 /tmp/ch.elf.ObbqC9.ltrans0.ltrans.o
 *fill*         0x0000000008001ad4        0xc 
 .text._usb_ep0in
                0x0000000008001ae0       0xd8 /tmp/ch.elf.ObbqC9.ltrans0.ltrans.o
 *fill*         0x0000000008001bb8        0x8 
 .text.usbStartTransmitI
                0x0000000008001bc0       0x28 /tmp/ch.elf.ObbqC9.ltrans0.ltrans.o
 *fill*         0x0000000008001be8        0x8 
 .text.usbDisableEndpointsI
                0x0000000008001bf0       0x70 /tmp/ch.elf.ObbqC9.ltrans0.ltrans.o
 .text.sduInterruptTransmitted
                0x0000000008001c60        0x4 /tmp/ch.elf.ObbqC9.ltrans0.ltrans.o
 *fill*         0x0000000008001c64        0xc 
 .text._ctl.lto_priv.0
                0x0000000008001c70        0x4 /tmp/ch.elf.ObbqC9.ltrans0.ltrans.o
 *fill*         0x0000000008001c74        0xc 
 .text._ctl     0x0000000008001c80        0x4 /tmp/ch.elf.ObbqC9.ltrans0.ltrans.o
 *fill*         0x0000000008001c84        0xc 
 .text.sdu_start_receive
                0x0000000008001c90       0x60 /tmp/ch.elf.ObbqC9.ltrans0.ltrans.o
 .text.ibnotify
                0x0000000008001cf0        0x8 /tmp/ch.elf.ObbqC9.ltrans0.ltrans.o
 *fill*         0x0000000008001cf8        0x8 
 .text.sduDataReceived
                0x0000000008001d00       0x64 /tmp/ch.elf.ObbqC9.ltrans0.ltrans.o
 *fill*         0x0000000008001d64        0xc 
 .text.obqGetFullBufferI
                0x0000000008001d70       0x1c /tmp/ch.elf.ObbqC9.ltrans0.ltrans.o
 *fill*         0x0000000008001d8c        0x4 
 .text.obnotify
                0x0000000008001d90       0x44 /tmp/ch.elf.ObbqC9.ltrans0.ltrans.o
 *fill*         0x0000000008001dd4        0xc 
 .text.sof_handler
                0x0000000008001de0       0x8c /tmp/ch.elf.ObbqC9.ltrans0.ltrans.o
 *fill*         0x0000000008001e6c        0x4 
 .text.sduDataTransmitted
                0x0000000008001e70       0xa8 /tmp/ch.elf.ObbqC9.ltrans0.ltrans.o
 *fill*         0x0000000008001f18        0x8 
 .text.chSchWakeupS.constprop.0
                0x0000000008001f20       0x58 /tmp/ch.elf.ObbqC9.ltrans0.ltrans.o
 *fill*         0x0000000008001f78        0x8 
 .text.chSchGoSleepS
                0x0000000008001f80       0x28 /tmp/ch.elf.ObbqC9.ltrans0.ltrans.o
 *fill*         0x0000000008001fa8        0x8 
 .text.chMtxLock
                0x0000000008001fb0       0xd0 /tmp/ch.elf.ObbqC9.ltrans0.ltrans.o
 .text.chThdExitS
                0x0000000008002080       0x48 /tmp/ch.elf.ObbqC9.ltrans0.ltrans.o
 *fill*         0x00000000080020c8        0x8 
 .text.chSchGoSleepTimeoutS
                0x00000000080020d0      0x110 /tmp/ch.elf.ObbqC9.ltrans0.ltrans.o
 .text.chThdEnqueueTimeoutS
                0x00000000080021e0       0x28 /tmp/ch.elf.ObbqC9.ltrans0.ltrans.o
 *fill*         0x0000000008002208        0x8 
 .text.oqPutTimeout
                0x0000000008002210       0x50 /tmp/ch.elf.ObbqC9.ltrans0.ltrans.o
 .text._putt.lto_priv.0
                0x0000000008002260        0x8 /tmp/ch.elf.ObbqC9.ltrans0.ltrans.o
 *fill*         0x0000000008002268        0x8 
 .text._put.lto_priv.0
                0x0000000008002270        0xc /tmp/ch.elf.ObbqC9.ltrans0.ltrans.o
 *fill*         0x000000000800227c        0x4 
 .text.iqGetTimeout
                0x0000000008002280       0x54 /tmp/ch.elf.ObbqC9.ltrans0.ltrans.o
 *fill*         0x00000000080022d4        0xc 
 .text._gett.lto_priv.0
                0x00000000080022e0        0x8 /tmp/ch.elf.ObbqC9.ltrans0.ltrans.o
 *fill*         0x00000000080022e8        0x8 
 .text._get.lto_priv.0
                0x00000000080022f0        0xc /tmp/ch.elf.ObbqC9.ltrans0.ltrans.o
 *fill*         0x00000000080022fc        0x4 
 .text.obqGetEmptyBufferTimeoutS
                0x0000000008002300       0x34 /tmp/ch.elf.ObbqC9.ltrans0.ltrans.o
 *fill*         0x0000000008002334        0xc 
 .text.obqPutTimeout
                0x0000000008002340       0x64 /tmp/ch.elf.ObbqC9.ltrans0.ltrans.o
 *fill*         0x00000000080023a4        0xc 
 .text._putt.lto_priv.1
                0x00000000080023b0        0x8 /tmp/ch.elf.ObbqC9.ltrans0.ltrans.o
 *fill*         0x00000000080023b8        0x8 
 .text._put.lto_priv.1
                0x00000000080023c0        0xc /tmp/ch.elf.ObbqC9.ltrans0.ltrans.o
 *fill*         0x00000000080023cc        0x4 
 .text.ibqGetFullBufferTimeoutS
                0x00000000080023d0       0x34 /tmp/ch.elf.ObbqC9.ltrans0.ltrans.o
 *fill*         0x0000000008002404        0xc 
 .text.ibqGetTimeout
                0x0000000008002410       0x5c /tmp/ch.elf.ObbqC9.ltrans0.ltrans.o
 *fill*         0x000000000800246c        0x4 
 .text._gett.lto_priv.1
                0x0000000008002470        0x8 /tmp/ch.elf.ObbqC9.ltrans0.ltrans.o
 *fill*         0x0000000008002478        0x8 
 .text._get.lto_priv.1
                0x0000000008002480        0xc /tmp/ch.elf.ObbqC9.ltrans0.ltrans.o
 *fill*         0x000000000800248c        0x4 
 .text.chThdSuspendTimeoutS
                0x0000000008002490       0x14 /tmp/ch.elf.ObbqC9.ltrans0.ltrans.o
 *fill*         0x00000000080024a4        0xc 
 .text.i2c_lld_master_transmit_timeout.constprop.0
                0x00000000080024b0      0x104 /tmp/ch.elf.ObbqC9.ltrans0.ltrans.o
 *fill*         0x00000000080025b4        0xc 
 .text.ReadDev.constprop.0
                0x00000000080025c0       0x70 /tmp/ch.elf.ObbqC9.ltrans0.ltrans.o
 .text.get_two_byte
                0x0000000008002630       0x2c /tmp/ch.elf.ObbqC9.ltrans0.ltrans.o
 *fill*         0x000000000800265c        0x4 
 .text.read_clock
                0x0000000008002660       0x84 /tmp/ch.elf.ObbqC9.ltrans0.ltrans.o
 *fill*         0x00000000080026e4        0xc 
 .text.WriteDev
                0x00000000080026f0       0x64 /tmp/ch.elf.ObbqC9.ltrans0.ltrans.o
 *fill*         0x0000000008002754        0xc 
 .text.spiSend.constprop.0
                0x0000000008002760       0x58 /tmp/ch.elf.ObbqC9.ltrans0.ltrans.o
 *fill*         0x00000000080027b8        0x8 
 .text.write_byte
                0x00000000080027c0       0x64 /tmp/ch.elf.ObbqC9.ltrans0.ltrans.o
 *fill*         0x0000000008002824        0xc 
 .text.write_block.constprop.0
                0x0000000008002830       0x74 /tmp/ch.elf.ObbqC9.ltrans0.ltrans.o
 *fill*         0x00000000080028a4        0xc 
 .text.read_byte
                0x00000000080028b0       0xb4 /tmp/ch.elf.ObbqC9.ltrans0.ltrans.o
 *fill*         0x0000000008002964        0xc 
 .text.read_single_byte.constprop.0
                0x0000000008002970       0x3c /tmp/ch.elf.ObbqC9.ltrans0.ltrans.o
 *fill*         0x00000000080029ac        0x4 
 .text.read_block.constprop.0
                0x00000000080029b0       0x58 /tmp/ch.elf.ObbqC9.ltrans0.ltrans.o
 *fill*         0x0000000008002a08        0x8 
 .text.chThdSleep
                0x0000000008002a10       0x18 /tmp/ch.elf.ObbqC9.ltrans0.ltrans.o
 *fill*         0x0000000008002a28        0x8 
 .text.chscanf.constprop.0
                0x0000000008002a30      0x580 /tmp/ch.elf.ObbqC9.ltrans0.ltrans.o
 .text.chprintf
                0x0000000008002fb0      0x4ac /tmp/ch.elf.ObbqC9.ltrans0.ltrans.o
 *fill*         0x000000000800345c        0x4 
 .text.CharacterInputThread
                0x0000000008003460      0xc64 /tmp/ch.elf.ObbqC9.ltrans0.ltrans.o
 *fill*         0x00000000080040c4        0xc 
 .text.cmd_wc   0x00000000080040d0       0x3c /tmp/ch.elf.ObbqC9.ltrans0.ltrans.o
 *fill*         0x000000000800410c        0x4 
 .text.cmd_echo
                0x0000000008004110       0x20 /tmp/ch.elf.ObbqC9.ltrans0.ltrans.o
 .text.cmd_change_pw4
                0x0000000008004130       0x58 /tmp/ch.elf.ObbqC9.ltrans0.ltrans.o
 *fill*         0x0000000008004188        0x8 
 .text.cmd_change_freq
                0x0000000008004190       0x80 /tmp/ch.elf.ObbqC9.ltrans0.ltrans.o
 .text.cmd_test
                0x0000000008004210       0x60 /tmp/ch.elf.ObbqC9.ltrans0.ltrans.o
 .text.cmd_wb   0x0000000008004270       0x94 /tmp/ch.elf.ObbqC9.ltrans0.ltrans.o
 *fill*         0x0000000008004304        0xc 
 .text.cmd_rb   0x0000000008004310       0x4c /tmp/ch.elf.ObbqC9.ltrans0.ltrans.o
 *fill*         0x000000000800435c        0x4 
 .text.cmd_fill
                0x0000000008004360       0xa0 /tmp/ch.elf.ObbqC9.ltrans0.ltrans.o
 .text.cmd_spi  0x0000000008004400       0x30 /tmp/ch.elf.ObbqC9.ltrans0.ltrans.o
 .text.cmd_br   0x0000000008004430      0x150 /tmp/ch.elf.ObbqC9.ltrans0.ltrans.o
 .text.usbInitEndpointI
                0x0000000008004580      0x174 /tmp/ch.elf.ObbqC9.ltrans0.ltrans.o
 *fill*         0x00000000080046f4        0xc 
 .text.usb_event
                0x0000000008004700       0xf4 /tmp/ch.elf.ObbqC9.ltrans0.ltrans.o
 *fill*         0x00000000080047f4        0xc 
 .text.get_history
                0x0000000008004800       0xf4 /tmp/ch.elf.ObbqC9.ltrans0.ltrans.o
 *fill*         0x00000000080048f4        0xc 
 .text._usb_ep0setup
                0x0000000008004900      0x39c /tmp/ch.elf.ObbqC9.ltrans0.ltrans.o
 *fill*         0x0000000008004c9c        0x4 
 .text.oqWriteTimeout
                0x0000000008004ca0       0xd4 /tmp/ch.elf.ObbqC9.ltrans0.ltrans.o
 *fill*         0x0000000008004d74        0xc 
 .text._writet.lto_priv.0
                0x0000000008004d80        0x8 /tmp/ch.elf.ObbqC9.ltrans0.ltrans.o
 *fill*         0x0000000008004d88        0x8 
 .text._write.lto_priv.0
                0x0000000008004d90        0xc /tmp/ch.elf.ObbqC9.ltrans0.ltrans.o
 *fill*         0x0000000008004d9c        0x4 
 .text.iqReadTimeout
                0x0000000008004da0       0xd4 /tmp/ch.elf.ObbqC9.ltrans0.ltrans.o
 *fill*         0x0000000008004e74        0xc 
 .text._readt.lto_priv.0
                0x0000000008004e80        0x8 /tmp/ch.elf.ObbqC9.ltrans0.ltrans.o
 *fill*         0x0000000008004e88        0x8 
 .text._read.lto_priv.0
                0x0000000008004e90        0xc /tmp/ch.elf.ObbqC9.ltrans0.ltrans.o
 *fill*         0x0000000008004e9c        0x4 
 .text.obqWriteTimeout
                0x0000000008004ea0       0xd8 /tmp/ch.elf.ObbqC9.ltrans0.ltrans.o
 *fill*         0x0000000008004f78        0x8 
 .text._writet.lto_priv.1
                0x0000000008004f80        0x8 /tmp/ch.elf.ObbqC9.ltrans0.ltrans.o
 *fill*         0x0000000008004f88        0x8 
 .text._write.lto_priv.1
                0x0000000008004f90        0xc /tmp/ch.elf.ObbqC9.ltrans0.ltrans.o
 *fill*         0x0000000008004f9c        0x4 
 .text.ibqReadTimeout
                0x0000000008004fa0       0xcc /tmp/ch.elf.ObbqC9.ltrans0.ltrans.o
 *fill*         0x000000000800506c        0x4 
 .text._readt.lto_priv.1
                0x0000000008005070        0x8 /tmp/ch.elf.ObbqC9.ltrans0.ltrans.o
 *fill*         0x0000000008005078        0x8 
 .text._read.lto_priv.1
                0x0000000008005080        0xc /tmp/ch.elf.ObbqC9.ltrans0.ltrans.o
 *fill*         0x000000000800508c        0x4 
 .text.parse_arguments
                0x0000000008005090       0x58 /tmp/ch.elf.ObbqC9.ltrans0.ltrans.o
 *fill*         0x00000000080050e8        0x8 
 .text.shellThread
                0x00000000080050f0      0x600 /tmp/ch.elf.ObbqC9.ltrans0.ltrans.o
 .text.SVC_Handler
                0x00000000080056f0       0x14 /tmp/ch.elf.ObbqC9.ltrans0.ltrans.o
                0x00000000080056f0                SVC_Handler
 *fill*         0x0000000008005704        0xc 
 .text.chThdExit
                0x0000000008005710        0xc /tmp/ch.elf.ObbqC9.ltrans0.ltrans.o
                0x0000000008005710                chThdExit
 *fill*         0x000000000800571c        0x4 
 .text.chSchDoRescheduleAhead
                0x0000000008005720       0x3c /tmp/ch.elf.ObbqC9.ltrans0.ltrans.o
                0x0000000008005720                chSchDoReschedule
 *fill*         0x000000000800575c        0x4 
 .text.chMtxUnlock
                0x0000000008005760       0x74 /tmp/ch.elf.ObbqC9.ltrans0.ltrans.o
 *fill*         0x00000000080057d4        0xc 
 .text.chThdRelease
                0x00000000080057e0       0xdc /tmp/ch.elf.ObbqC9.ltrans0.ltrans.o
 *fill*         0x00000000080058bc        0x4 
 .text.startup.main
                0x00000000080058c0      0xf58 /tmp/ch.elf.ObbqC9.ltrans0.ltrans.o
                0x00000000080058c0                main
 *fill*         0x0000000008006818        0x8 
 .text.__early_init
                0x0000000008006820      0x1f0 /tmp/ch.elf.ObbqC9.ltrans0.ltrans.o
                0x0000000008006820                __early_init
 .text.Vector15C
                0x0000000008006a10       0x14 /tmp/ch.elf.ObbqC9.ltrans0.ltrans.o
                0x0000000008006a10                Vector15C
 *fill*         0x0000000008006a24        0xc 
 .text.VectorD8
                0x0000000008006a30       0x14 /tmp/ch.elf.ObbqC9.ltrans0.ltrans.o
                0x0000000008006a30                VectorD8
 *fill*         0x0000000008006a44        0xc 
 .text.VectorD4
                0x0000000008006a50       0x14 /tmp/ch.elf.ObbqC9.ltrans0.ltrans.o
                0x0000000008006a50                VectorD4
 *fill*         0x0000000008006a64        0xc 
 .text.VectorB4
                0x0000000008006a70       0x64 /tmp/ch.elf.ObbqC9.ltrans0.ltrans.o
                0x0000000008006a70                VectorB4
 *fill*         0x0000000008006ad4        0xc 
 .text.Vector108
                0x0000000008006ae0       0x50 /tmp/ch.elf.ObbqC9.ltrans0.ltrans.o
                0x0000000008006ae0                Vector108
 .text.VectorB0
                0x0000000008006b30       0xb8 /tmp/ch.elf.ObbqC9.ltrans0.ltrans.o
                0x0000000008006b30                VectorB0
 *fill*         0x0000000008006be8        0x8 
 .text.Vector14C
                0x0000000008006bf0      0x428 /tmp/ch.elf.ObbqC9.ltrans0.ltrans.o
                0x0000000008006bf0                Vector14C
 *fill*         0x0000000008007018        0x8 
 .text.VectorC0
                0x0000000008007020       0xe4 /tmp/ch.elf.ObbqC9.ltrans0.ltrans.o
                0x0000000008007020                VectorC0
 *fill*         0x0000000008007104        0xc 
 .text.VectorBC
                0x0000000008007110      0x11c /tmp/ch.elf.ObbqC9.ltrans0.ltrans.o
                0x0000000008007110                VectorBC
 *fill*         0x000000000800722c        0x4 
 .text.Vector158
                0x0000000008007230       0x2c /tmp/ch.elf.ObbqC9.ltrans0.ltrans.o
                0x0000000008007230                Vector158
 *fill*         0x000000000800725c        0x4 
 .text.Vector154
                0x0000000008007260       0x2c /tmp/ch.elf.ObbqC9.ltrans0.ltrans.o
                0x0000000008007260                Vector154
 *fill*         0x000000000800728c        0x4 
 .text.Vector150
                0x0000000008007290       0x2c /tmp/ch.elf.ObbqC9.ltrans0.ltrans.o
                0x0000000008007290                Vector150
 *fill*         0x00000000080072bc        0x4 
 .text.Vector130
                0x00000000080072c0       0x28 /tmp/ch.elf.ObbqC9.ltrans0.ltrans.o
                0x00000000080072c0                Vector130
 *fill*         0x00000000080072e8        0x8 
 .text.Vector12C
                0x00000000080072f0       0x2c /tmp/ch.elf.ObbqC9.ltrans0.ltrans.o
                0x00000000080072f0                Vector12C
 *fill*         0x000000000800731c        0x4 
 .text.Vector128
                0x0000000008007320       0x2c /tmp/ch.elf.ObbqC9.ltrans0.ltrans.o
                0x0000000008007320                Vector128
 *fill*         0x000000000800734c        0x4 
 .text.Vector124
                0x0000000008007350       0x2c /tmp/ch.elf.ObbqC9.ltrans0.ltrans.o
                0x0000000008007350                Vector124
 *fill*         0x000000000800737c        0x4 
 .text.Vector120
                0x0000000008007380       0x28 /tmp/ch.elf.ObbqC9.ltrans0.ltrans.o
                0x0000000008007380                Vector120
 *fill*         0x00000000080073a8        0x8 
 .text.VectorFC
                0x00000000080073b0       0x2c /tmp/ch.elf.ObbqC9.ltrans0.ltrans.o
                0x00000000080073b0                VectorFC
 *fill*         0x00000000080073dc        0x4 
 .text.Vector84
                0x00000000080073e0       0x2c /tmp/ch.elf.ObbqC9.ltrans0.ltrans.o
                0x00000000080073e0                Vector84
 *fill*         0x000000000800740c        0x4 
 .text.Vector80
                0x0000000008007410       0x2c /tmp/ch.elf.ObbqC9.ltrans0.ltrans.o
                0x0000000008007410                Vector80
 *fill*         0x000000000800743c        0x4 
 .text.Vector7C
                0x0000000008007440       0x28 /tmp/ch.elf.ObbqC9.ltrans0.ltrans.o
                0x0000000008007440                Vector7C
 *fill*         0x0000000008007468        0x8 
 .text.Vector78
                0x0000000008007470       0x2c /tmp/ch.elf.ObbqC9.ltrans0.ltrans.o
                0x0000000008007470                Vector78
 *fill*         0x000000000800749c        0x4 
 .text.Vector74
                0x00000000080074a0       0x2c /tmp/ch.elf.ObbqC9.ltrans0.ltrans.o
                0x00000000080074a0                Vector74
 *fill*         0x00000000080074cc        0x4 
 .text.Vector70
                0x00000000080074d0       0x2c /tmp/ch.elf.ObbqC9.ltrans0.ltrans.o
                0x00000000080074d0                Vector70
 *fill*         0x00000000080074fc        0x4 
 .text.Vector6C
                0x0000000008007500       0x28 /tmp/ch.elf.ObbqC9.ltrans0.ltrans.o
                0x0000000008007500                Vector6C
 *fill*         0x0000000008007528        0x8 
 .text.__init_ram_areas
                0x0000000008007530       0x68 /tmp/ch.elf.ObbqC9.ltrans0.ltrans.o
                0x0000000008007530                __init_ram_areas
 *fill*         0x0000000008007598        0x8 
 .text.__default_exit
                0x00000000080075a0        0x4 /tmp/ch.elf.ObbqC9.ltrans0.ltrans.o
                0x00000000080075a0                __default_exit
 *fill*         0x00000000080075a4        0xc 
 .text.__late_init
                0x00000000080075b0        0x4 /tmp/ch.elf.ObbqC9.ltrans0.ltrans.o
                0x00000000080075b0                __late_init
 *fill*         0x00000000080075b4        0xc 
 .text.__core_init
                0x00000000080075c0        0x4 /tmp/ch.elf.ObbqC9.ltrans0.ltrans.o
                0x00000000080075c0                __core_init
 .text.atoi     0x00000000080075c4        0x8 /home/rob/Data/rob/Projects/ChibiStudio/ChibiStudio_20/tools/GNU Tools ARM Embedded/9.2.1 2019q4/bin/../lib/gcc/arm-none-eabi/9.2.1/../../../../arm-none-eabi/lib/thumb/v7e-m/nofp/libg.a(lib_a-atoi.o)
                0x00000000080075c4                atoi
 .text._strtol_l.isra.0
                0x00000000080075cc      0x10c /home/rob/Data/rob/Projects/ChibiStudio/ChibiStudio_20/tools/GNU Tools ARM Embedded/9.2.1 2019q4/bin/../lib/gcc/arm-none-eabi/9.2.1/../../../../arm-none-eabi/lib/thumb/v7e-m/nofp/libg.a(lib_a-strtol.o)
 .text.strtol   0x00000000080076d8       0x18 /home/rob/Data/rob/Projects/ChibiStudio/ChibiStudio_20/tools/GNU Tools ARM Embedded/9.2.1 2019q4/bin/../lib/gcc/arm-none-eabi/9.2.1/../../../../arm-none-eabi/lib/thumb/v7e-m/nofp/libg.a(lib_a-strtol.o)
                0x00000000080076d8                strtol
 .text.memset   0x00000000080076f0       0xa0 /home/rob/Data/rob/Projects/ChibiStudio/ChibiStudio_20/tools/GNU Tools ARM Embedded/9.2.1 2019q4/bin/../lib/gcc/arm-none-eabi/9.2.1/../../../../arm-none-eabi/lib/thumb/v7e-m/nofp/libg.a(lib_a-memset.o)
                0x00000000080076f0                memset
 .text.strchr   0x0000000008007790       0xd0 /home/rob/Data/rob/Projects/ChibiStudio/ChibiStudio_20/tools/GNU Tools ARM Embedded/9.2.1 2019q4/bin/../lib/gcc/arm-none-eabi/9.2.1/../../../../arm-none-eabi/lib/thumb/v7e-m/nofp/libg.a(lib_a-strchr.o)
                0x0000000008007790                strchr
 .text.strpbrk  0x0000000008007860       0x38 /home/rob/Data/rob/Projects/ChibiStudio/ChibiStudio_20/tools/GNU Tools ARM Embedded/9.2.1 2019q4/bin/../lib/gcc/arm-none-eabi/9.2.1/../../../../arm-none-eabi/lib/thumb/v7e-m/nofp/libg.a(lib_a-strpbrk.o)
                0x0000000008007860                strpbrk
 .text.strspn   0x0000000008007898       0x30 /home/rob/Data/rob/Projects/ChibiStudio/ChibiStudio_20/tools/GNU Tools ARM Embedded/9.2.1 2019q4/bin/../lib/gcc/arm-none-eabi/9.2.1/../../../../arm-none-eabi/lib/thumb/v7e-m/nofp/libg.a(lib_a-strspn.o)
                0x0000000008007898                strspn
 .text.two_way_long_needle
                0x00000000080078c8      0x2b4 /home/rob/Data/rob/Projects/ChibiStudio/ChibiStudio_20/tools/GNU Tools ARM Embedded/9.2.1 2019q4/bin/../lib/gcc/arm-none-eabi/9.2.1/../../../../arm-none-eabi/lib/thumb/v7e-m/nofp/libg.a(lib_a-strstr.o)
 .text.strstr   0x0000000008007b7c      0x164 /home/rob/Data/rob/Projects/ChibiStudio/ChibiStudio_20/tools/GNU Tools ARM Embedded/9.2.1 2019q4/bin/../lib/gcc/arm-none-eabi/9.2.1/../../../../arm-none-eabi/lib/thumb/v7e-m/nofp/libg.a(lib_a-strstr.o)
                0x0000000008007b7c                strstr
 .text.memcmp   0x0000000008007ce0       0x60 /home/rob/Data/rob/Projects/ChibiStudio/ChibiStudio_20/tools/GNU Tools ARM Embedded/9.2.1 2019q4/bin/../lib/gcc/arm-none-eabi/9.2.1/../../../../arm-none-eabi/lib/thumb/v7e-m/nofp/libg.a(lib_a-memcmp.o)
                0x0000000008007ce0                memcmp
 .text.strnlen  0x0000000008007d40       0x28 /home/rob/Data/rob/Projects/ChibiStudio/ChibiStudio_20/tools/GNU Tools ARM Embedded/9.2.1 2019q4/bin/../lib/gcc/arm-none-eabi/9.2.1/../../../../arm-none-eabi/lib/thumb/v7e-m/nofp/libg.a(lib_a-strnlen.o)
                0x0000000008007d40                strnlen
 *(.glue_7t)
 .glue_7t       0x0000000008007d68        0x0 linker stubs
 *(.glue_7)
 .glue_7        0x0000000008007d68        0x0 linker stubs
 *(.gcc*)
                0x0000000008007d68                __text_end__ = .

.vfp11_veneer   0x0000000008007d68        0x0
 .vfp11_veneer  0x0000000008007d68        0x0 linker stubs

.v4_bx          0x0000000008007d68        0x0
 .v4_bx         0x0000000008007d68        0x0 linker stubs

.iplt           0x0000000008007d68        0x0
 .iplt          0x0000000008007d68        0x0 ./build/obj/crt0_v7m.o

.rodata         0x0000000008007d68      0x9fc
                0x0000000008007d68                __rodata_base__ = .
 *(.rodata)
 *(.rodata.*)
 .rodata.i2c_lld_serve_rx_end_irq.str1.4
                0x0000000008007d68        0xc /tmp/ch.elf.ObbqC9.ltrans0.ltrans.o
 .rodata.chscanf.constprop.0.str1.4
                0x0000000008007d74        0x5 /tmp/ch.elf.ObbqC9.ltrans0.ltrans.o
 *fill*         0x0000000008007d79        0x3 
 .rodata.chprintf.str1.4
                0x0000000008007d7c        0x7 /tmp/ch.elf.ObbqC9.ltrans0.ltrans.o
 *fill*         0x0000000008007d83        0x1 
 .rodata.CharacterInputThread.str1.4
                0x0000000008007d84       0xfe /tmp/ch.elf.ObbqC9.ltrans0.ltrans.o
 *fill*         0x0000000008007e82        0x2 
 .rodata.cmd_wc.str1.4
                0x0000000008007e84       0x2c /tmp/ch.elf.ObbqC9.ltrans0.ltrans.o
 .rodata.cmd_echo.str1.4
                0x0000000008007eb0       0x21 /tmp/ch.elf.ObbqC9.ltrans0.ltrans.o
 *fill*         0x0000000008007ed1        0x3 
 .rodata.cmd_change_pw4.str1.4
                0x0000000008007ed4       0x38 /tmp/ch.elf.ObbqC9.ltrans0.ltrans.o
 .rodata.cmd_change_freq.str1.4
                0x0000000008007f0c       0x3b /tmp/ch.elf.ObbqC9.ltrans0.ltrans.o
 *fill*         0x0000000008007f47        0x1 
 .rodata.cmd_test.str1.4
                0x0000000008007f48       0x61 /tmp/ch.elf.ObbqC9.ltrans0.ltrans.o
 *fill*         0x0000000008007fa9        0x3 
 .rodata.cmd_wb.str1.4
                0x0000000008007fac       0x54 /tmp/ch.elf.ObbqC9.ltrans0.ltrans.o
 .rodata.cmd_rb.str1.4
                0x0000000008008000       0x4b /tmp/ch.elf.ObbqC9.ltrans0.ltrans.o
 *fill*         0x000000000800804b        0x1 
 .rodata.cmd_fill.str1.4
                0x000000000800804c       0x92 /tmp/ch.elf.ObbqC9.ltrans0.ltrans.o
 *fill*         0x00000000080080de        0x2 
 .rodata.cmd_spi.str1.4
                0x00000000080080e0       0x29 /tmp/ch.elf.ObbqC9.ltrans0.ltrans.o
 *fill*         0x0000000008008109        0x3 
 .rodata.cmd_br.str1.4
                0x000000000800810c       0x7c /tmp/ch.elf.ObbqC9.ltrans0.ltrans.o
                                         0x80 (size before relaxing)
 .rodata.parse_arguments.str1.4
                0x0000000008008188        0x3 /tmp/ch.elf.ObbqC9.ltrans0.ltrans.o
 *fill*         0x000000000800818b        0x1 
 .rodata.shellThread.str1.4
                0x000000000800818c       0x7d /tmp/ch.elf.ObbqC9.ltrans0.ltrans.o
 *fill*         0x0000000008008209        0x3 
 .rodata.main.str1.4
                0x000000000800820c       0x3f /tmp/ch.elf.ObbqC9.ltrans0.ltrans.o
 *fill*         0x000000000800824b        0x1 
 .rodata.str1.4
                0x000000000800824c       0x35 /tmp/ch.elf.ObbqC9.ltrans0.ltrans.o
 *fill*         0x0000000008008281        0x3 
 .rodata._stm32_dma_streams
                0x0000000008008284       0xc0 /tmp/ch.elf.ObbqC9.ltrans0.ltrans.o
 .rodata.active_status
                0x0000000008008344        0x2 /tmp/ch.elf.ObbqC9.ltrans0.ltrans.o
 *fill*         0x0000000008008346        0x2 
 .rodata.ch_debug
                0x0000000008008348       0x16 /tmp/ch.elf.ObbqC9.ltrans0.ltrans.o
 *fill*         0x000000000800835e        0x2 
 .rodata.commands
                0x0000000008008360       0x50 /tmp/ch.elf.ObbqC9.ltrans0.ltrans.o
 .rodata.dummytx
                0x00000000080083b0        0x2 /tmp/ch.elf.ObbqC9.ltrans0.ltrans.o
 *fill*         0x00000000080083b2        0x2 
 .rodata.ep0config
                0x00000000080083b4       0x24 /tmp/ch.elf.ObbqC9.ltrans0.ltrans.o
 .rodata.ep1config
                0x00000000080083d8       0x24 /tmp/ch.elf.ObbqC9.ltrans0.ltrans.o
 .rodata.ep2config
                0x00000000080083fc       0x24 /tmp/ch.elf.ObbqC9.ltrans0.ltrans.o
 .rodata.fsparams
                0x0000000008008420        0xc /tmp/ch.elf.ObbqC9.ltrans0.ltrans.o
 .rodata.gpt5cfg1
                0x000000000800842c       0x10 /tmp/ch.elf.ObbqC9.ltrans0.ltrans.o
 .rodata.halted_status
                0x000000000800843c        0x2 /tmp/ch.elf.ObbqC9.ltrans0.ltrans.o
 *fill*         0x000000000800843e        0x2 
 .rodata.i2cfg1
                0x0000000008008440        0xc /tmp/ch.elf.ObbqC9.ltrans0.ltrans.o
 .rodata.idle_descriptor.7052
                0x000000000800844c       0x18 /tmp/ch.elf.ObbqC9.ltrans0.ltrans.o
 .rodata.ram_areas
                0x0000000008008464       0x80 /tmp/ch.elf.ObbqC9.ltrans0.ltrans.o
 .rodata.serusbcfg1
                0x00000000080084e4        0x8 /tmp/ch.elf.ObbqC9.ltrans0.ltrans.o
 .rodata.shell_cfg1
                0x00000000080084ec       0x14 /tmp/ch.elf.ObbqC9.ltrans0.ltrans.o
 .rodata.usbcfg
                0x0000000008008500       0x10 /tmp/ch.elf.ObbqC9.ltrans0.ltrans.o
 .rodata.vcom_configuration_descriptor
                0x0000000008008510        0x8 /tmp/ch.elf.ObbqC9.ltrans0.ltrans.o
 .rodata.vcom_configuration_descriptor_data
                0x0000000008008518       0x4b /tmp/ch.elf.ObbqC9.ltrans0.ltrans.o
 *fill*         0x0000000008008563        0x1 
 .rodata.vcom_device_descriptor
                0x0000000008008564        0x8 /tmp/ch.elf.ObbqC9.ltrans0.ltrans.o
 .rodata.vcom_device_descriptor_data
                0x000000000800856c       0x12 /tmp/ch.elf.ObbqC9.ltrans0.ltrans.o
 *fill*         0x000000000800857e        0x2 
 .rodata.vcom_string0
                0x0000000008008580        0x4 /tmp/ch.elf.ObbqC9.ltrans0.ltrans.o
 .rodata.vcom_string1
                0x0000000008008584       0x26 /tmp/ch.elf.ObbqC9.ltrans0.ltrans.o
 *fill*         0x00000000080085aa        0x2 
 .rodata.vcom_string2
                0x00000000080085ac       0x38 /tmp/ch.elf.ObbqC9.ltrans0.ltrans.o
 .rodata.vcom_string3
                0x00000000080085e4        0x8 /tmp/ch.elf.ObbqC9.ltrans0.ltrans.o
 .rodata.vcom_strings
                0x00000000080085ec       0x20 /tmp/ch.elf.ObbqC9.ltrans0.ltrans.o
 .rodata.vmt.lto_priv.0
                0x000000000800860c       0x28 /tmp/ch.elf.ObbqC9.ltrans0.ltrans.o
 .rodata.vmt.lto_priv.1
                0x0000000008008634       0x28 /tmp/ch.elf.ObbqC9.ltrans0.ltrans.o
 .rodata.zero_status
                0x000000000800865c        0x2 /tmp/ch.elf.ObbqC9.ltrans0.ltrans.o
 *fill*         0x000000000800865e        0x2 
 .rodata._ctype_
                0x0000000008008660      0x101 /home/rob/Data/rob/Projects/ChibiStudio/ChibiStudio_20/tools/GNU Tools ARM Embedded/9.2.1 2019q4/bin/../lib/gcc/arm-none-eabi/9.2.1/../../../../arm-none-eabi/lib/thumb/v7e-m/nofp/libg.a(lib_a-ctype_.o)
                0x0000000008008660                _ctype_
                0x0000000008008764                . = ALIGN (0x4)
 *fill*         0x0000000008008761        0x3 
                0x0000000008008764                __rodata_end__ = .

.ARM.extab
 *(.ARM.extab* .gnu.linkonce.armextab.*)

.ARM.exidx      0x0000000008008764        0x8
                0x0000000008008764                __exidx_base__ = .
                0x0000000008008764                __exidx_start = .
 *(.ARM.exidx* .gnu.linkonce.armexidx.*)
 .ARM.exidx     0x0000000008008764        0x8 /home/rob/Data/rob/Projects/ChibiStudio/ChibiStudio_20/tools/GNU Tools ARM Embedded/9.2.1 2019q4/bin/../lib/gcc/arm-none-eabi/9.2.1/thumb/v7e-m/nofp/libgcc.a(_udivmoddi4.o)
                0x000000000800876c                __exidx_end__ = .
                0x000000000800876c                __exidx_end = .

.rel.dyn        0x000000000800876c        0x0
 .rel.iplt      0x000000000800876c        0x0 ./build/obj/crt0_v7m.o

.eh_frame_hdr
 *(.eh_frame_hdr)

.eh_frame
 *(.eh_frame)

.data           0x0000000020000800      0x488 load address 0x000000000800876c
                [!provide]                        PROVIDE (_textdata = LOADADDR (.data))
                [!provide]                        PROVIDE (_data = .)
                0x000000000800876c                __textdata_base__ = LOADADDR (.data)
                0x0000000020000800                __data_base__ = .
 *(.data)
 *(.data.*)
 .data.freq     0x0000000020000800        0x2 /tmp/ch.elf.ObbqC9.ltrans0.ltrans.o
 *fill*         0x0000000020000802        0x2 
 .data.linecoding
                0x0000000020000804        0x7 /tmp/ch.elf.ObbqC9.ltrans0.ltrans.o
 *fill*         0x000000002000080b        0x1 
 .data.pw4      0x000000002000080c        0x2 /tmp/ch.elf.ObbqC9.ltrans0.ltrans.o
 *fill*         0x000000002000080e        0x2 
 .data.pwmcfg   0x0000000020000810       0x34 /tmp/ch.elf.ObbqC9.ltrans0.ltrans.o
 .data.spi_cfg_8
                0x0000000020000844       0x14 /tmp/ch.elf.ObbqC9.ltrans0.ltrans.o
 .data._impure_ptr
                0x0000000020000858        0x4 /home/rob/Data/rob/Projects/ChibiStudio/ChibiStudio_20/tools/GNU Tools ARM Embedded/9.2.1 2019q4/bin/../lib/gcc/arm-none-eabi/9.2.1/../../../../arm-none-eabi/lib/thumb/v7e-m/nofp/libg.a(lib_a-impure.o)
                0x0000000020000858                _impure_ptr
 *fill*         0x000000002000085c        0x4 
 .data.impure_data
                0x0000000020000860      0x428 /home/rob/Data/rob/Projects/ChibiStudio/ChibiStudio_20/tools/GNU Tools ARM Embedded/9.2.1 2019q4/bin/../lib/gcc/arm-none-eabi/9.2.1/../../../../arm-none-eabi/lib/thumb/v7e-m/nofp/libg.a(lib_a-impure.o)
 *(.ramtext)
                0x0000000020000c88                . = ALIGN (0x4)
                [!provide]                        PROVIDE (_edata = .)
                0x0000000020000c88                __data_end__ = .

.igot.plt       0x0000000020000c88        0x0 load address 0x0000000008008bf4
 .igot.plt      0x0000000020000c88        0x0 ./build/obj/crt0_v7m.o

.bss            0x0000000020000c88     0x1624 load address 0x0000000008008bf4
                0x0000000020000c88                __bss_base__ = .
 *(.bss)
 *(.bss.*)
 .bss.BUS_in_use
                0x0000000020000c88        0x1 /tmp/ch.elf.ObbqC9.ltrans0.ltrans.o
 *fill*         0x0000000020000c89        0x3 
 .bss.GPTD5     0x0000000020000c8c       0x10 /tmp/ch.elf.ObbqC9.ltrans0.ltrans.o
 .bss.I2CD1     0x0000000020000c9c       0x38 /tmp/ch.elf.ObbqC9.ltrans0.ltrans.o
 .bss.PWMD3     0x0000000020000cd4       0x1c /tmp/ch.elf.ObbqC9.ltrans0.ltrans.o
 .bss.SD1       0x0000000020000cf0      0x25c /tmp/ch.elf.ObbqC9.ltrans0.ltrans.o
 .bss.SD2       0x0000000020000f4c      0x25c /tmp/ch.elf.ObbqC9.ltrans0.ltrans.o
 .bss.SD6       0x00000000200011a8      0x25c /tmp/ch.elf.ObbqC9.ltrans0.ltrans.o
 .bss.SDU1      0x0000000020001404      0x490 /tmp/ch.elf.ObbqC9.ltrans0.ltrans.o
 .bss.SPID1     0x0000000020001894       0x30 /tmp/ch.elf.ObbqC9.ltrans0.ltrans.o
 .bss.USBD1     0x00000000200018c4       0x60 /tmp/ch.elf.ObbqC9.ltrans0.ltrans.o
 .bss.bank.10033
                0x0000000020001924        0x1 /tmp/ch.elf.ObbqC9.ltrans0.ltrans.o
 .bss.bankemp.10031
                0x0000000020001925        0x1 /tmp/ch.elf.ObbqC9.ltrans0.ltrans.o
 .bss.bankemv.10030
                0x0000000020001926        0x1 /tmp/ch.elf.ObbqC9.ltrans0.ltrans.o
 .bss.bankrw.10032
                0x0000000020001927        0x1 /tmp/ch.elf.ObbqC9.ltrans0.ltrans.o
 .bss.btemp.10034
                0x0000000020001928        0x1 /tmp/ch.elf.ObbqC9.ltrans0.ltrans.o
 .bss.c.10023   0x0000000020001929        0x1 /tmp/ch.elf.ObbqC9.ltrans0.ltrans.o
 *fill*         0x000000002000192a        0x2 
 .bss.cbuf.10025
                0x000000002000192c      0x100 /tmp/ch.elf.ObbqC9.ltrans0.ltrans.o
 .bss.ch        0x0000000020001a2c       0x74 /tmp/ch.elf.ObbqC9.ltrans0.ltrans.o
 .bss.ch_factory
                0x0000000020001aa0       0x48 /tmp/ch.elf.ObbqC9.ltrans0.ltrans.o
 .bss.ch_idle_thread_wa
                0x0000000020001ae8       0xd8 /tmp/ch.elf.ObbqC9.ltrans0.ltrans.o
 .bss.ch_memcore
                0x0000000020001bc0        0x8 /tmp/ch.elf.ObbqC9.ltrans0.ltrans.o
 .bss.clkbuf.10026
                0x0000000020001bc8        0xa /tmp/ch.elf.ObbqC9.ltrans0.ltrans.o
 *fill*         0x0000000020001bd2        0x2 
 .bss.completion_buffer
                0x0000000020001bd4       0x10 /tmp/ch.elf.ObbqC9.ltrans0.ltrans.o
 .bss.count.10042
                0x0000000020001be4        0x2 /tmp/ch.elf.ObbqC9.ltrans0.ltrans.o
 .bss.cs.10039  0x0000000020001be6        0x1 /tmp/ch.elf.ObbqC9.ltrans0.ltrans.o
 *fill*         0x0000000020001be7        0x1 
 .bss.default_heap
                0x0000000020001be8       0x1c /tmp/ch.elf.ObbqC9.ltrans0.ltrans.o
 .bss.dma       0x0000000020001c04       0x84 /tmp/ch.elf.ObbqC9.ltrans0.ltrans.o
 .bss.dummyrx   0x0000000020001c88        0x2 /tmp/ch.elf.ObbqC9.ltrans0.ltrans.o
 *fill*         0x0000000020001c8a        0x2 
 .bss.ep0_state
                0x0000000020001c8c       0x10 /tmp/ch.elf.ObbqC9.ltrans0.ltrans.o
 .bss.ep0setup_buffer
                0x0000000020001c9c        0x8 /tmp/ch.elf.ObbqC9.ltrans0.ltrans.o
 .bss.ep1instate
                0x0000000020001ca4       0x10 /tmp/ch.elf.ObbqC9.ltrans0.ltrans.o
 .bss.ep2instate
                0x0000000020001cb4       0x10 /tmp/ch.elf.ObbqC9.ltrans0.ltrans.o
 .bss.ep2outstate
                0x0000000020001cc4       0x10 /tmp/ch.elf.ObbqC9.ltrans0.ltrans.o
 .bss.history_buffer
                0x0000000020001cd4      0x200 /tmp/ch.elf.ObbqC9.ltrans0.ltrans.o
 .bss.i.10041   0x0000000020001ed4        0x2 /tmp/ch.elf.ObbqC9.ltrans0.ltrans.o
 *fill*         0x0000000020001ed6        0x2 
 .bss.shell_terminated
                0x0000000020001ed8        0x4 /tmp/ch.elf.ObbqC9.ltrans0.ltrans.o
 .bss.tbuf.10024
                0x0000000020001edc      0x100 /tmp/ch.elf.ObbqC9.ltrans0.ltrans.o
 .bss.temp.10040
                0x0000000020001fdc        0x1 /tmp/ch.elf.ObbqC9.ltrans0.ltrans.o
 *fill*         0x0000000020001fdd        0x3 
 .bss.waCharacterInputThread
                0x0000000020001fe0      0x2c8 /tmp/ch.elf.ObbqC9.ltrans0.ltrans.o
 .bss.zoff.10043
                0x00000000200022a8        0x2 /tmp/ch.elf.ObbqC9.ltrans0.ltrans.o
 *(COMMON)
                0x00000000200022ac                . = ALIGN (0x4)
 *fill*         0x00000000200022aa        0x2 
                0x00000000200022ac                __bss_end__ = .
                [!provide]                        PROVIDE (end = .)
                0x0000000020000000                __ram0_base__ = ORIGIN (ram0)
                0x0000000000010000                __ram0_size__ = LENGTH (ram0)
                0x0000000020010000                __ram0_end__ = (__ram0_base__ + __ram0_size__)
                0x0000000000000000                __ram1_base__ = ORIGIN (ram1)
                0x0000000000000000                __ram1_size__ = LENGTH (ram1)
                0x0000000000000000                __ram1_end__ = (__ram1_base__ + __ram1_size__)
                0x0000000000000000                __ram2_base__ = ORIGIN (ram2)
                0x0000000000000000                __ram2_size__ = LENGTH (ram2)
                0x0000000000000000                __ram2_end__ = (__ram2_base__ + __ram2_size__)
                0x0000000000000000                __ram3_base__ = ORIGIN (ram3)
                0x0000000000000000                __ram3_size__ = LENGTH (ram3)
                0x0000000000000000                __ram3_end__ = (__ram3_base__ + __ram3_size__)
                0x0000000000000000                __ram4_base__ = ORIGIN (ram4)
                0x0000000000000000                __ram4_size__ = LENGTH (ram4)
                0x0000000000000000                __ram4_end__ = (__ram4_base__ + __ram4_size__)
                0x0000000000000000                __ram5_base__ = ORIGIN (ram5)
                0x0000000000000000                __ram5_size__ = LENGTH (ram5)
                0x0000000000000000                __ram5_end__ = (__ram5_base__ + __ram5_size__)
                0x0000000000000000                __ram6_base__ = ORIGIN (ram6)
                0x0000000000000000                __ram6_size__ = LENGTH (ram6)
                0x0000000000000000                __ram6_end__ = (__ram6_base__ + __ram6_size__)
                0x0000000000000000                __ram7_base__ = ORIGIN (ram7)
                0x0000000000000000                __ram7_size__ = LENGTH (ram7)
                0x0000000000000000                __ram7_end__ = (__ram7_base__ + __ram7_size__)
                0x0000000008000000                __flash0_base__ = ORIGIN (flash0)
                0x0000000000040000                __flash0_size__ = LENGTH (flash0)
                0x0000000008040000                __flash0_end__ = (__flash0_base__ + __flash0_size__)
                0x0000000000000000                __flash1_base__ = ORIGIN (flash1)
                0x0000000000000000                __flash1_size__ = LENGTH (flash1)
                0x0000000000000000                __flash1_end__ = (__flash1_base__ + __flash1_size__)
                0x0000000000000000                __flash2_base__ = ORIGIN (flash2)
                0x0000000000000000                __flash2_size__ = LENGTH (flash2)
                0x0000000000000000                __flash2_end__ = (__flash2_base__ + __flash2_size__)
                0x0000000000000000                __flash3_base__ = ORIGIN (flash3)
                0x0000000000000000                __flash3_size__ = LENGTH (flash3)
                0x0000000000000000                __flash3_end__ = (__flash3_base__ + __flash3_size__)
                0x0000000000000000                __flash4_base__ = ORIGIN (flash4)
                0x0000000000000000                __flash4_size__ = LENGTH (flash4)
                0x0000000000000000                __flash4_end__ = (__flash4_base__ + __flash4_size__)
                0x0000000000000000                __flash5_base__ = ORIGIN (flash5)
                0x0000000000000000                __flash5_size__ = LENGTH (flash5)
                0x0000000000000000                __flash5_end__ = (__flash5_base__ + __flash5_size__)
                0x0000000000000000                __flash6_base__ = ORIGIN (flash6)
                0x0000000000000000                __flash6_size__ = LENGTH (flash6)
                0x0000000000000000                __flash6_end__ = (__flash6_base__ + __flash6_size__)
                0x0000000000000000                __flash7_base__ = ORIGIN (flash7)
                0x0000000000000000                __flash7_size__ = LENGTH (flash7)
                0x0000000000000000                __flash7_end__ = (__flash7_base__ + __flash7_size__)

.ram0_init      0x00000000200022ac        0x0 load address 0x0000000008008bf4
                0x0000000008008bf4                __ram0_init_text__ = LOADADDR (.ram0_init)
                0x00000000200022ac                __ram0_init__ = .
 *(.ram0_init)
 *(.ram0_init.*)
                0x00000000200022ac                . = ALIGN (0x4)

.ram0           0x00000000200022ac        0x0 load address 0x0000000008008bf4
                0x00000000200022ac                __ram0_clear__ = .
 *(.ram0_clear)
 *(.ram0_clear.*)
                0x00000000200022ac                . = ALIGN (0x4)
                0x00000000200022ac                __ram0_noinit__ = .
 *(.ram0)
 *(.ram0.*)
                0x00000000200022ac                . = ALIGN (0x4)
                0x00000000200022ac                __ram0_free__ = .

.ram1_init      0x0000000000000000        0x0 load address 0x0000000008008bf4
                0x0000000008008bf4                __ram1_init_text__ = LOADADDR (.ram1_init)
                0x0000000000000000                __ram1_init__ = .
 *(.ram1_init)
 *(.ram1_init.*)
                0x0000000000000000                . = ALIGN (0x4)

.ram1           0x0000000000000000        0x0 load address 0x0000000008008bf4
                0x0000000000000000                __ram1_clear__ = .
 *(.ram1_clear)
 *(.ram1_clear.*)
                0x0000000000000000                . = ALIGN (0x4)
                0x0000000000000000                __ram1_noinit__ = .
 *(.ram1)
 *(.ram1.*)
                0x0000000000000000                . = ALIGN (0x4)
                0x0000000000000000                __ram1_free__ = .

.ram2_init      0x0000000000000000        0x0 load address 0x0000000008008bf4
                0x0000000008008bf4                __ram2_init_text__ = LOADADDR (.ram2_init)
                0x0000000000000000                __ram2_init__ = .
 *(.ram2_init)
 *(.ram2_init.*)
                0x0000000000000000                . = ALIGN (0x4)

.ram2           0x0000000000000000        0x0 load address 0x0000000008008bf4
                0x0000000000000000                __ram2_clear__ = .
 *(.ram2_clear)
 *(.ram2_clear.*)
                0x0000000000000000                . = ALIGN (0x4)
                0x0000000000000000                __ram2_noinit__ = .
 *(.ram2)
 *(.ram2.*)
                0x0000000000000000                . = ALIGN (0x4)
                0x0000000000000000                __ram2_free__ = .

.ram3_init      0x0000000000000000        0x0 load address 0x0000000008008bf4
                0x0000000008008bf4                __ram3_init_text__ = LOADADDR (.ram3_init)
                0x0000000000000000                __ram3_init__ = .
 *(.ram3_init)
 *(.ram3_init.*)
                0x0000000000000000                . = ALIGN (0x4)

.ram3           0x0000000000000000        0x0 load address 0x0000000008008bf4
                0x0000000000000000                __ram3_clear__ = .
 *(.ram3_clear)
 *(.ram3_clear.*)
                0x0000000000000000                . = ALIGN (0x4)
                0x0000000000000000                __ram3_noinit__ = .
 *(.ram3)
 *(.ram3.*)
                0x0000000000000000                . = ALIGN (0x4)
                0x0000000000000000                __ram3_free__ = .

.ram4_init      0x0000000000000000        0x0 load address 0x0000000008008bf4
                0x0000000008008bf4                __ram4_init_text__ = LOADADDR (.ram4_init)
                0x0000000000000000                __ram4_init__ = .
 *(.ram4_init)
 *(.ram4_init.*)
                0x0000000000000000                . = ALIGN (0x4)

.ram4           0x0000000000000000        0x0 load address 0x0000000008008bf4
                0x0000000000000000                __ram4_clear__ = .
 *(.ram4_clear)
 *(.ram4_clear.*)
                0x0000000000000000                . = ALIGN (0x4)
                0x0000000000000000                __ram4_noinit__ = .
 *(.ram4)
 *(.ram4.*)
                0x0000000000000000                . = ALIGN (0x4)
                0x0000000000000000                __ram4_free__ = .

.ram5_init      0x0000000000000000        0x0 load address 0x0000000008008bf4
                0x0000000008008bf4                __ram5_init_text__ = LOADADDR (.ram5_init)
                0x0000000000000000                __ram5_init__ = .
 *(.ram5_init)
 *(.ram5_init.*)
                0x0000000000000000                . = ALIGN (0x4)

.ram5           0x0000000000000000        0x0 load address 0x0000000008008bf4
                0x0000000000000000                __ram5_clear__ = .
 *(.ram5_clear)
 *(.ram5_clear.*)
                0x0000000000000000                . = ALIGN (0x4)
                0x0000000000000000                __ram5_noinit__ = .
 *(.ram5)
 *(.ram5.*)
                0x0000000000000000                . = ALIGN (0x4)
                0x0000000000000000                __ram5_free__ = .

.ram6_init      0x0000000000000000        0x0 load address 0x0000000008008bf4
                0x0000000008008bf4                __ram6_init_text__ = LOADADDR (.ram6_init)
                0x0000000000000000                __ram6_init__ = .
 *(.ram6_init)
 *(.ram6_init.*)
                0x0000000000000000                . = ALIGN (0x4)

.ram6           0x0000000000000000        0x0 load address 0x0000000008008bf4
                0x0000000000000000                __ram6_clear__ = .
 *(.ram6_clear)
 *(.ram6_clear.*)
                0x0000000000000000                . = ALIGN (0x4)
                0x0000000000000000                __ram6_noinit__ = .
 *(.ram6)
 *(.ram6.*)
                0x0000000000000000                . = ALIGN (0x4)
                0x0000000000000000                __ram6_free__ = .

.ram7_init      0x0000000000000000        0x0 load address 0x0000000008008bf4
                0x0000000008008bf4                __ram7_init_text__ = LOADADDR (.ram7_init)
                0x0000000000000000                __ram7_init__ = .
 *(.ram7_init)
 *(.ram7_init.*)
                0x0000000000000000                . = ALIGN (0x4)

.ram7           0x0000000000000000        0x0 load address 0x0000000008008bf4
                0x0000000000000000                __ram7_clear__ = .
 *(.ram7_clear)
 *(.ram7_clear.*)
                0x0000000000000000                . = ALIGN (0x4)
                0x0000000000000000                __ram7_noinit__ = .
 *(.ram7)
 *(.ram7.*)
                0x0000000000000000                . = ALIGN (0x4)
                0x0000000000000000                __ram7_free__ = .

.flash0         0x0000000008008bf4        0x0
                0x0000000008008bf4                __flash0_init__ = .
 *(.flash0_init)
 *(.flash0_init.*)
                0x0000000008008bf4                __flash0_free__ = .

.flash1         0x0000000000000000        0x0
                0x0000000000000000                __flash1_init__ = .
 *(.flash1_init)
 *(.flash1_init.*)
                0x0000000000000000                __flash1_free__ = .

.flash2         0x0000000000000000        0x0
                0x0000000000000000                __flash2_init__ = .
 *(.flash2_init)
 *(.flash2_init.*)
                0x0000000000000000                __flash2_free__ = .

.flash3         0x0000000000000000        0x0
                0x0000000000000000                __flash3_init__ = .
 *(.flash3_init)
 *(.flash3_init.*)
                0x0000000000000000                __flash3_free__ = .

.flash4         0x0000000000000000        0x0
                0x0000000000000000                __flash4_init__ = .
 *(.flash4_init)
 *(.flash4_init.*)
                0x0000000000000000                __flash4_free__ = .

.flash5         0x0000000000000000        0x0
                0x0000000000000000                __flash5_init__ = .
 *(.flash5_init)
 *(.flash5_init.*)
                0x0000000000000000                __flash5_free__ = .

.flash6         0x0000000000000000        0x0
                0x0000000000000000                __flash6_init__ = .
 *(.flash6_init)
 *(.flash6_init.*)
                0x0000000000000000                __flash6_free__ = .

.flash7         0x0000000000000000        0x0
                0x0000000000000000                __flash7_init__ = .
 *(.flash7_init)
 *(.flash7_init.*)
                0x0000000000000000                __flash7_free__ = .

.heap           0x00000000200022ac     0xdd54
                0x00000000200022b0                . = ALIGN (0x8)
 *fill*         0x00000000200022ac        0x4 
                0x00000000200022b0                __heap_base__ = .
                0x0000000020010000                . = (ORIGIN (HEAP_RAM) + LENGTH (HEAP_RAM))
 *fill*         0x00000000200022b0     0xdd50 
                0x0000000020010000                __heap_end__ = .
                0x0000000000000400                __process_stack_size__ = 0x400
                0x0000000000000400                __main_stack_size__ = 0x400
START GROUP
LOAD /home/rob/Data/rob/Projects/ChibiStudio/ChibiStudio_20/tools/GNU Tools ARM Embedded/9.2.1 2019q4/bin/../lib/gcc/arm-none-eabi/9.2.1/thumb/v7e-m/nofp/libgcc.a
LOAD /home/rob/Data/rob/Projects/ChibiStudio/ChibiStudio_20/tools/GNU Tools ARM Embedded/9.2.1 2019q4/bin/../lib/gcc/arm-none-eabi/9.2.1/../../../../arm-none-eabi/lib/thumb/v7e-m/nofp/libg.a
LOAD /home/rob/Data/rob/Projects/ChibiStudio/ChibiStudio_20/tools/GNU Tools ARM Embedded/9.2.1 2019q4/bin/../lib/gcc/arm-none-eabi/9.2.1/../../../../arm-none-eabi/lib/thumb/v7e-m/nofp/libc.a
END GROUP
OUTPUT(build/ch.elf elf32-littlearm)

.ARM.attributes
                0x0000000000000000       0x2f
 .ARM.attributes
                0x0000000000000000       0x21 ./build/obj/crt0_v7m.o
 .ARM.attributes
                0x0000000000000021       0x21 ./build/obj/vectors.o
 .ARM.attributes
                0x0000000000000042       0x21 ./build/obj/chcoreasm_v7m.o
 .ARM.attributes
                0x0000000000000063       0x2c /tmp/ch.elf.ObbqC9.ltrans0.ltrans.o
 .ARM.attributes
                0x000000000000008f       0x2e /home/rob/Data/rob/Projects/ChibiStudio/ChibiStudio_20/tools/GNU Tools ARM Embedded/9.2.1 2019q4/bin/../lib/gcc/arm-none-eabi/9.2.1/../../../../arm-none-eabi/lib/thumb/v7e-m/nofp/libg.a(lib_a-atoi.o)
 .ARM.attributes
                0x00000000000000bd       0x2e /home/rob/Data/rob/Projects/ChibiStudio/ChibiStudio_20/tools/GNU Tools ARM Embedded/9.2.1 2019q4/bin/../lib/gcc/arm-none-eabi/9.2.1/../../../../arm-none-eabi/lib/thumb/v7e-m/nofp/libg.a(lib_a-ctype_.o)
 .ARM.attributes
                0x00000000000000eb       0x2e /home/rob/Data/rob/Projects/ChibiStudio/ChibiStudio_20/tools/GNU Tools ARM Embedded/9.2.1 2019q4/bin/../lib/gcc/arm-none-eabi/9.2.1/../../../../arm-none-eabi/lib/thumb/v7e-m/nofp/libg.a(lib_a-strtol.o)
 .ARM.attributes
                0x0000000000000119       0x2e /home/rob/Data/rob/Projects/ChibiStudio/ChibiStudio_20/tools/GNU Tools ARM Embedded/9.2.1 2019q4/bin/../lib/gcc/arm-none-eabi/9.2.1/../../../../arm-none-eabi/lib/thumb/v7e-m/nofp/libg.a(lib_a-impure.o)
 .ARM.attributes
                0x0000000000000147       0x1c /home/rob/Data/rob/Projects/ChibiStudio/ChibiStudio_20/tools/GNU Tools ARM Embedded/9.2.1 2019q4/bin/../lib/gcc/arm-none-eabi/9.2.1/../../../../arm-none-eabi/lib/thumb/v7e-m/nofp/libg.a(lib_a-memcpy.o)
 .ARM.attributes
                0x0000000000000163       0x2e /home/rob/Data/rob/Projects/ChibiStudio/ChibiStudio_20/tools/GNU Tools ARM Embedded/9.2.1 2019q4/bin/../lib/gcc/arm-none-eabi/9.2.1/../../../../arm-none-eabi/lib/thumb/v7e-m/nofp/libg.a(lib_a-memset.o)
 .ARM.attributes
                0x0000000000000191       0x2e /home/rob/Data/rob/Projects/ChibiStudio/ChibiStudio_20/tools/GNU Tools ARM Embedded/9.2.1 2019q4/bin/../lib/gcc/arm-none-eabi/9.2.1/../../../../arm-none-eabi/lib/thumb/v7e-m/nofp/libg.a(lib_a-strchr.o)
 .ARM.attributes
                0x00000000000001bf       0x1c /home/rob/Data/rob/Projects/ChibiStudio/ChibiStudio_20/tools/GNU Tools ARM Embedded/9.2.1 2019q4/bin/../lib/gcc/arm-none-eabi/9.2.1/../../../../arm-none-eabi/lib/thumb/v7e-m/nofp/libg.a(lib_a-strcmp.o)
 .ARM.attributes
                0x00000000000001db       0x1c /home/rob/Data/rob/Projects/ChibiStudio/ChibiStudio_20/tools/GNU Tools ARM Embedded/9.2.1 2019q4/bin/../lib/gcc/arm-none-eabi/9.2.1/../../../../arm-none-eabi/lib/thumb/v7e-m/nofp/libg.a(lib_a-strlen.o)
 .ARM.attributes
                0x00000000000001f7       0x2e /home/rob/Data/rob/Projects/ChibiStudio/ChibiStudio_20/tools/GNU Tools ARM Embedded/9.2.1 2019q4/bin/../lib/gcc/arm-none-eabi/9.2.1/../../../../arm-none-eabi/lib/thumb/v7e-m/nofp/libg.a(lib_a-strpbrk.o)
 .ARM.attributes
                0x0000000000000225       0x2e /home/rob/Data/rob/Projects/ChibiStudio/ChibiStudio_20/tools/GNU Tools ARM Embedded/9.2.1 2019q4/bin/../lib/gcc/arm-none-eabi/9.2.1/../../../../arm-none-eabi/lib/thumb/v7e-m/nofp/libg.a(lib_a-strspn.o)
 .ARM.attributes
                0x0000000000000253       0x2e /home/rob/Data/rob/Projects/ChibiStudio/ChibiStudio_20/tools/GNU Tools ARM Embedded/9.2.1 2019q4/bin/../lib/gcc/arm-none-eabi/9.2.1/../../../../arm-none-eabi/lib/thumb/v7e-m/nofp/libg.a(lib_a-strstr.o)
 .ARM.attributes
                0x0000000000000281       0x2e /home/rob/Data/rob/Projects/ChibiStudio/ChibiStudio_20/tools/GNU Tools ARM Embedded/9.2.1 2019q4/bin/../lib/gcc/arm-none-eabi/9.2.1/../../../../arm-none-eabi/lib/thumb/v7e-m/nofp/libg.a(lib_a-memcmp.o)
 .ARM.attributes
                0x00000000000002af       0x2e /home/rob/Data/rob/Projects/ChibiStudio/ChibiStudio_20/tools/GNU Tools ARM Embedded/9.2.1 2019q4/bin/../lib/gcc/arm-none-eabi/9.2.1/../../../../arm-none-eabi/lib/thumb/v7e-m/nofp/libg.a(lib_a-strnlen.o)
 .ARM.attributes
                0x00000000000002dd       0x1e /home/rob/Data/rob/Projects/ChibiStudio/ChibiStudio_20/tools/GNU Tools ARM Embedded/9.2.1 2019q4/bin/../lib/gcc/arm-none-eabi/9.2.1/thumb/v7e-m/nofp/libgcc.a(_aeabi_uldivmod.o)
 .ARM.attributes
                0x00000000000002fb       0x2e /home/rob/Data/rob/Projects/ChibiStudio/ChibiStudio_20/tools/GNU Tools ARM Embedded/9.2.1 2019q4/bin/../lib/gcc/arm-none-eabi/9.2.1/thumb/v7e-m/nofp/libgcc.a(_udivmoddi4.o)
 .ARM.attributes
                0x0000000000000329       0x1e /home/rob/Data/rob/Projects/ChibiStudio/ChibiStudio_20/tools/GNU Tools ARM Embedded/9.2.1 2019q4/bin/../lib/gcc/arm-none-eabi/9.2.1/thumb/v7e-m/nofp/libgcc.a(_dvmd_tls.o)

.comment        0x0000000000000000       0x79
 .comment       0x0000000000000000       0x79 /tmp/ch.elf.ObbqC9.ltrans0.ltrans.o
                                         0x7a (size before relaxing)

.debug_line     0x0000000000000000    0x21156
 .debug_line    0x0000000000000000       0xd0 ./build/obj/crt0_v7m.o
 .debug_line    0x00000000000000d0       0x7a ./build/obj/vectors.o
 .debug_line    0x000000000000014a       0x91 ./build/obj/chcoreasm_v7m.o
 .debug_line    0x00000000000001db     0xc081 /tmp/ch.elf.ObbqC9.ltrans0.ltrans.o
 .debug_line    0x000000000000c25c      0x20a /tmp/ccnqw9Od.debug.temp.o
 .debug_line    0x000000000000c466      0x74b /tmp/ccNPr3Fd.debug.temp.o
 .debug_line    0x000000000000cbb1      0x72d /tmp/ccCTjMkb.debug.temp.o
 .debug_line    0x000000000000d2de      0x7a3 /tmp/ccNQmGCd.debug.temp.o
 .debug_line    0x000000000000da81      0x791 /tmp/ccJsjE2a.debug.temp.o
 .debug_line    0x000000000000e212      0x760 /tmp/ccD8zqjd.debug.temp.o
 .debug_line    0x000000000000e972      0x75e /tmp/ccT3BYga.debug.temp.o
 .debug_line    0x000000000000f0d0      0x75e /tmp/cchIDWDd.debug.temp.o
 .debug_line    0x000000000000f82e      0x72b /tmp/ccKVLyMc.debug.temp.o
 .debug_line    0x000000000000ff59      0x75e /tmp/ccoqlYcb.debug.temp.o
 .debug_line    0x00000000000106b7      0x761 /tmp/ccML8kU9.debug.temp.o
 .debug_line    0x0000000000010e18      0x79b /tmp/ccTZVsTc.debug.temp.o
 .debug_line    0x00000000000115b3      0x75e /tmp/ccdyhj7a.debug.temp.o
 .debug_line    0x0000000000011d11      0x77f /tmp/ccw8DNG9.debug.temp.o
 .debug_line    0x0000000000012490      0x72b /tmp/ccH9kaUb.debug.temp.o
 .debug_line    0x0000000000012bbb      0x732 /tmp/ccGrPPoc.debug.temp.o
 .debug_line    0x00000000000132ed      0x730 /tmp/ccl0nyOb.debug.temp.o
 .debug_line    0x0000000000013a1d      0x741 /tmp/ccj9KE2c.debug.temp.o
 .debug_line    0x000000000001415e      0x703 /tmp/ccg7Paub.debug.temp.o
 .debug_line    0x0000000000014861      0x75f /tmp/ccuxpjPa.debug.temp.o
 .debug_line    0x0000000000014fc0      0x764 /tmp/ccCShU7b.debug.temp.o
 .debug_line    0x0000000000015724      0x743 /tmp/ccVye5H9.debug.temp.o
 .debug_line    0x0000000000015e67      0x742 /tmp/cc27o6pc.debug.temp.o
 .debug_line    0x00000000000165a9      0x703 /tmp/ccLGUdTb.debug.temp.o
 .debug_line    0x0000000000016cac      0x703 /tmp/ccn44ZSd.debug.temp.o
 .debug_line    0x00000000000173af      0x746 /tmp/ccoy28ae.debug.temp.o
 .debug_line    0x0000000000017af5      0x730 /tmp/cckTfwkc.debug.temp.o
 .debug_line    0x0000000000018225      0x429 /tmp/ccJ4CZkd.debug.temp.o
 .debug_line    0x000000000001864e      0x3ff /tmp/ccqADCBc.debug.temp.o
 .debug_line    0x0000000000018a4d      0x3fe /tmp/cc4PiMzd.debug.temp.o
 .debug_line    0x0000000000018e4b      0x422 /tmp/cczIFOTc.debug.temp.o
 .debug_line    0x000000000001926d      0x3e3 /tmp/ccTPV8ma.debug.temp.o
 .debug_line    0x0000000000019650      0x428 /tmp/ccrvCkR9.debug.temp.o
 .debug_line    0x0000000000019a78      0x3f3 /tmp/ccLwSIIa.debug.temp.o
 .debug_line    0x0000000000019e6b      0x404 /tmp/ccnqCwmb.debug.temp.o
 .debug_line    0x000000000001a26f      0x416 /tmp/ccXj0TM9.debug.temp.o
 .debug_line    0x000000000001a685      0x3fa /tmp/cco3La1d.debug.temp.o
 .debug_line    0x000000000001aa7f      0x3fc /tmp/ccNa9G19.debug.temp.o
 .debug_line    0x000000000001ae7b      0x3fb /tmp/ccHPylGc.debug.temp.o
 .debug_line    0x000000000001b276      0x432 /tmp/ccyPgfFc.debug.temp.o
 .debug_line    0x000000000001b6a8      0x447 /tmp/ccFTyo79.debug.temp.o
 .debug_line    0x000000000001baef      0x40c /tmp/ccAmFdma.debug.temp.o
 .debug_line    0x000000000001befb      0x762 /tmp/ccKK6VZa.debug.temp.o
 .debug_line    0x000000000001c65d      0x76c /tmp/ccI1yfNc.debug.temp.o
 .debug_line    0x000000000001cdc9      0x7bd /tmp/ccZIozA9.debug.temp.o
 .debug_line    0x000000000001d586      0x772 /tmp/ccWIpjjb.debug.temp.o
 .debug_line    0x000000000001dcf8      0x78f /tmp/ccsGVnUa.debug.temp.o
 .debug_line    0x000000000001e487      0x777 /tmp/cczGW6Yd.debug.temp.o
 .debug_line    0x000000000001ebfe      0x76f /tmp/ccaat71c.debug.temp.o
 .debug_line    0x000000000001f36d      0x740 /tmp/cc9S96lc.debug.temp.o
 .debug_line    0x000000000001faad      0x739 /tmp/ccezLiQb.debug.temp.o
 .debug_line    0x00000000000201e6      0x7b6 /tmp/ccvakMub.debug.temp.o
 .debug_line    0x000000000002099c      0x7ba /tmp/ccc4ouWc.debug.temp.o

.debug_info     0x0000000000000000    0x8146e
 .debug_info    0x0000000000000000       0x26 ./build/obj/crt0_v7m.o
 .debug_info    0x0000000000000026       0x26 ./build/obj/vectors.o
 .debug_info    0x000000000000004c       0x26 ./build/obj/chcoreasm_v7m.o
 .debug_info    0x0000000000000072     0xe238 /tmp/ch.elf.ObbqC9.ltrans0.ltrans.o
 .debug_info    0x000000000000e2aa      0x35d /tmp/ccnqw9Od.debug.temp.o
                0x000000000000e2aa                crt1.c.7666f0f1
 .debug_info    0x000000000000e607     0x2455 /tmp/ccNPr3Fd.debug.temp.o
                0x000000000000e607                hal.c.fa68127d
 .debug_info    0x0000000000010a5c     0x255a /tmp/ccCTjMkb.debug.temp.o
                0x0000000000010a5c                hal_st.c.b6c9a008
 .debug_info    0x0000000000012fb6     0x3493 /tmp/ccNQmGCd.debug.temp.o
                0x0000000000012fb6                hal_buffers.c.7d053044
 .debug_info    0x0000000000016449     0x32ac /tmp/ccJsjE2a.debug.temp.o
                0x0000000000016449                hal_queues.c.14bc6404
 .debug_info    0x00000000000196f5     0x2818 /tmp/ccD8zqjd.debug.temp.o
                0x00000000000196f5                hal_flash.c.0aa77b55
 .debug_info    0x000000000001bf0d     0x2702 /tmp/ccT3BYga.debug.temp.o
                0x000000000001bf0d                hal_gpt.c.fe32f842
 .debug_info    0x000000000001e60f     0x2741 /tmp/cchIDWDd.debug.temp.o
                0x000000000001e60f                hal_i2c.c.1be957b4
 .debug_info    0x0000000000020d50     0x2571 /tmp/ccKVLyMc.debug.temp.o
                0x0000000000020d50                hal_pal.c.49fccaa1
 .debug_info    0x00000000000232c1     0x2709 /tmp/ccoqlYcb.debug.temp.o
                0x00000000000232c1                hal_pwm.c.97522f7a
 .debug_info    0x00000000000259ca     0x292b /tmp/ccML8kU9.debug.temp.o
                0x00000000000259ca                hal_serial.c.bc6da5ee
 .debug_info    0x00000000000282f5     0x2d64 /tmp/ccTZVsTc.debug.temp.o
                0x00000000000282f5                hal_serial_usb.c.8e1d9ecc
 .debug_info    0x000000000002b059     0x2937 /tmp/ccdyhj7a.debug.temp.o
                0x000000000002b059                hal_spi.c.c16aae9f
 .debug_info    0x000000000002d990     0x3208 /tmp/ccw8DNG9.debug.temp.o
                0x000000000002d990                hal_usb.c.0a0fc49b
 .debug_info    0x0000000000030b98     0x284d /tmp/ccH9kaUb.debug.temp.o
                0x0000000000030b98                nvic.c.e482dd7e
 .debug_info    0x00000000000333e5     0x25e3 /tmp/ccGrPPoc.debug.temp.o
                0x00000000000333e5                stm32_isr.c.f8bb7c7b
 .debug_info    0x00000000000359c8     0x291e /tmp/ccl0nyOb.debug.temp.o
                0x00000000000359c8                hal_lld.c.605c4cdb
 .debug_info    0x00000000000382e6     0x2a8d /tmp/ccj9KE2c.debug.temp.o
                0x00000000000382e6                stm32_dma.c.e7195ec8
 .debug_info    0x000000000003ad73     0x250c /tmp/ccg7Paub.debug.temp.o
                0x000000000003ad73                hal_pal_lld.c.d38be8cc
 .debug_info    0x000000000003d27f     0x2d5a /tmp/ccuxpjPa.debug.temp.o
                0x000000000003d27f                hal_i2c_lld.c.0cc0fc43
 .debug_info    0x000000000003ffd9     0x362e /tmp/ccCShU7b.debug.temp.o
                0x000000000003ffd9                hal_usb_lld.c.d87ce18e
 .debug_info    0x0000000000043607     0x295d /tmp/ccVye5H9.debug.temp.o
                0x0000000000043607                hal_spi_lld.c.16cbd2ee
 .debug_info    0x0000000000045f64     0x2725 /tmp/cc27o6pc.debug.temp.o
                0x0000000000045f64                hal_st_lld.c.e676b2c2
 .debug_info    0x0000000000048689     0x2755 /tmp/ccLGUdTb.debug.temp.o
                0x0000000000048689                hal_gpt_lld.c.35028fd0
 .debug_info    0x000000000004adde     0x27e7 /tmp/ccn44ZSd.debug.temp.o
                0x000000000004adde                hal_pwm_lld.c.33b00eb8
 .debug_info    0x000000000004d5c5     0x28d6 /tmp/ccoy28ae.debug.temp.o
                0x000000000004d5c5                hal_serial_lld.c.76c5e497
 .debug_info    0x000000000004fe9b     0x276a /tmp/cckTfwkc.debug.temp.o
                0x000000000004fe9b                board.c.2b59a6fb
 .debug_info    0x0000000000052605      0xfbc /tmp/ccJ4CZkd.debug.temp.o
                0x0000000000052605                chsys.c.4cd81cae
 .debug_info    0x00000000000535c1      0xbb8 /tmp/ccqADCBc.debug.temp.o
                0x00000000000535c1                chvt.c.9a82fe16
 .debug_info    0x0000000000054179      0xd3f /tmp/cc4PiMzd.debug.temp.o
                0x0000000000054179                chschd.c.dae51f1b
 .debug_info    0x0000000000054eb8     0x12bd /tmp/cczIFOTc.debug.temp.o
                0x0000000000054eb8                chthreads.c.669a41ff
 .debug_info    0x0000000000056175      0xcd9 /tmp/ccTPV8ma.debug.temp.o
                0x0000000000056175                chtm.c.b89db133
 .debug_info    0x0000000000056e4e     0x1427 /tmp/ccrvCkR9.debug.temp.o
                0x0000000000056e4e                chregistry.c.4296b1cb
 .debug_info    0x0000000000058275      0xd74 /tmp/ccLwSIIa.debug.temp.o
                0x0000000000058275                chmtx.c.a148dd37
 .debug_info    0x0000000000058fe9      0xf8a /tmp/ccnqCwmb.debug.temp.o
                0x0000000000058fe9                chevents.c.ec97497f
 .debug_info    0x0000000000059f73      0xcf9 /tmp/ccXj0TM9.debug.temp.o
                0x0000000000059f73                chdynamic.c.05978641
 .debug_info    0x000000000005ac6c      0xc20 /tmp/cco3La1d.debug.temp.o
                0x000000000005ac6c                chmemcore.c.c6b0757c
 .debug_info    0x000000000005b88c      0xd16 /tmp/ccNa9G19.debug.temp.o
                0x000000000005b88c                chmemheaps.c.f08e017a
 .debug_info    0x000000000005c5a2      0xdcb /tmp/ccHPylGc.debug.temp.o
                0x000000000005c5a2                chmempools.c.c1fd2dec
 .debug_info    0x000000000005d36d      0xe4b /tmp/ccyPgfFc.debug.temp.o
                0x000000000005d36d                chdelegates.c.45d218f6
 .debug_info    0x000000000005e1b8     0x1cd3 /tmp/ccFTyo79.debug.temp.o
                0x000000000005e1b8                chfactory.c.d860c6e4
 .debug_info    0x000000000005fe8b     0x1aa3 /tmp/ccAmFdma.debug.temp.o
                0x000000000005fe8b                chcore_v7m.c.a75d7e66
 .debug_info    0x000000000006192e     0x2832 /tmp/ccKK6VZa.debug.temp.o
                0x000000000006192e                chprintf.c.9b169545
 .debug_info    0x0000000000064160     0x27bc /tmp/ccI1yfNc.debug.temp.o
                0x0000000000064160                chscanf.c.da208469
 .debug_info    0x000000000006691c     0x33fe /tmp/ccZIozA9.debug.temp.o
                0x000000000006691c                shell.c.62370a92
 .debug_info    0x0000000000069d1a     0x2e04 /tmp/ccWIpjjb.debug.temp.o
                0x0000000000069d1a                shell_cmd.c.af48be4b
 .debug_info    0x000000000006cb1e     0x3194 /tmp/ccsGVnUa.debug.temp.o
                0x000000000006cb1e                comm.c.84990893
 .debug_info    0x000000000006fcb2     0x2e05 /tmp/cczGW6Yd.debug.temp.o
                0x000000000006fcb2                mypwm.c.b89cd804
 .debug_info    0x0000000000072ab7     0x2952 /tmp/ccaat71c.debug.temp.o
                0x0000000000072ab7                usbcfg.c.1ba99515
 .debug_info    0x0000000000075409     0x291e /tmp/cc9S96lc.debug.temp.o
                0x0000000000075409                SPI.c.c5f30df9
 .debug_info    0x0000000000077d27     0x30a6 /tmp/ccezLiQb.debug.temp.o
                0x0000000000077d27                i2c.c.dc2a3dc4
 .debug_info    0x000000000007adcd     0x33d3 /tmp/ccvakMub.debug.temp.o
                0x000000000007adcd                ostrich.c.12efdeac
 .debug_info    0x000000000007e1a0     0x32ce /tmp/ccc4ouWc.debug.temp.o
                0x000000000007e1a0                main.c.21774894

.debug_abbrev   0x0000000000000000     0x9251
 .debug_abbrev  0x0000000000000000       0x14 ./build/obj/crt0_v7m.o
 .debug_abbrev  0x0000000000000014       0x14 ./build/obj/vectors.o
 .debug_abbrev  0x0000000000000028       0x14 ./build/obj/chcoreasm_v7m.o
 .debug_abbrev  0x000000000000003c      0x39c /tmp/ch.elf.ObbqC9.ltrans0.ltrans.o
 .debug_abbrev  0x00000000000003d8       0xff /tmp/ccnqw9Od.debug.temp.o
 .debug_abbrev  0x00000000000004d7      0x227 /tmp/ccNPr3Fd.debug.temp.o
 .debug_abbrev  0x00000000000006fe      0x2ad /tmp/ccCTjMkb.debug.temp.o
 .debug_abbrev  0x00000000000009ab      0x353 /tmp/ccNQmGCd.debug.temp.o
 .debug_abbrev  0x0000000000000cfe      0x366 /tmp/ccJsjE2a.debug.temp.o
 .debug_abbrev  0x0000000000001064      0x277 /tmp/ccD8zqjd.debug.temp.o
 .debug_abbrev  0x00000000000012db      0x283 /tmp/ccT3BYga.debug.temp.o
 .debug_abbrev  0x000000000000155e      0x2c9 /tmp/cchIDWDd.debug.temp.o
 .debug_abbrev  0x0000000000001827      0x26c /tmp/ccKVLyMc.debug.temp.o
 .debug_abbrev  0x0000000000001a93      0x296 /tmp/ccoqlYcb.debug.temp.o
 .debug_abbrev  0x0000000000001d29      0x2f8 /tmp/ccML8kU9.debug.temp.o
 .debug_abbrev  0x0000000000002021      0x32e /tmp/ccTZVsTc.debug.temp.o
 .debug_abbrev  0x000000000000234f      0x2cc /tmp/ccdyhj7a.debug.temp.o
 .debug_abbrev  0x000000000000261b      0x348 /tmp/ccw8DNG9.debug.temp.o
 .debug_abbrev  0x0000000000002963      0x299 /tmp/ccH9kaUb.debug.temp.o
 .debug_abbrev  0x0000000000002bfc      0x221 /tmp/ccGrPPoc.debug.temp.o
 .debug_abbrev  0x0000000000002e1d      0x25b /tmp/ccl0nyOb.debug.temp.o
 .debug_abbrev  0x0000000000003078      0x2e8 /tmp/ccj9KE2c.debug.temp.o
 .debug_abbrev  0x0000000000003360      0x25d /tmp/ccg7Paub.debug.temp.o
 .debug_abbrev  0x00000000000035bd      0x341 /tmp/ccuxpjPa.debug.temp.o
 .debug_abbrev  0x00000000000038fe      0x37c /tmp/ccCShU7b.debug.temp.o
 .debug_abbrev  0x0000000000003c7a      0x2d9 /tmp/ccVye5H9.debug.temp.o
 .debug_abbrev  0x0000000000003f53      0x276 /tmp/cc27o6pc.debug.temp.o
 .debug_abbrev  0x00000000000041c9      0x261 /tmp/ccLGUdTb.debug.temp.o
 .debug_abbrev  0x000000000000442a      0x270 /tmp/ccn44ZSd.debug.temp.o
 .debug_abbrev  0x000000000000469a      0x2de /tmp/ccoy28ae.debug.temp.o
 .debug_abbrev  0x0000000000004978      0x267 /tmp/cckTfwkc.debug.temp.o
 .debug_abbrev  0x0000000000004bdf      0x314 /tmp/ccJ4CZkd.debug.temp.o
 .debug_abbrev  0x0000000000004ef3      0x252 /tmp/ccqADCBc.debug.temp.o
 .debug_abbrev  0x0000000000005145      0x2ad /tmp/cc4PiMzd.debug.temp.o
 .debug_abbrev  0x00000000000053f2      0x29c /tmp/cczIFOTc.debug.temp.o
 .debug_abbrev  0x000000000000568e      0x1e0 /tmp/ccTPV8ma.debug.temp.o
 .debug_abbrev  0x000000000000586e      0x2ae /tmp/ccrvCkR9.debug.temp.o
 .debug_abbrev  0x0000000000005b1c      0x28f /tmp/ccLwSIIa.debug.temp.o
 .debug_abbrev  0x0000000000005dab      0x284 /tmp/ccnqCwmb.debug.temp.o
 .debug_abbrev  0x000000000000602f      0x20b /tmp/ccXj0TM9.debug.temp.o
 .debug_abbrev  0x000000000000623a      0x22d /tmp/cco3La1d.debug.temp.o
 .debug_abbrev  0x0000000000006467      0x270 /tmp/ccNa9G19.debug.temp.o
 .debug_abbrev  0x00000000000066d7      0x273 /tmp/ccHPylGc.debug.temp.o
 .debug_abbrev  0x000000000000694a      0x259 /tmp/ccyPgfFc.debug.temp.o
 .debug_abbrev  0x0000000000006ba3      0x2f5 /tmp/ccFTyo79.debug.temp.o
 .debug_abbrev  0x0000000000006e98      0x2e9 /tmp/ccAmFdma.debug.temp.o
 .debug_abbrev  0x0000000000007181      0x2fb /tmp/ccKK6VZa.debug.temp.o
 .debug_abbrev  0x000000000000747c      0x2e0 /tmp/ccI1yfNc.debug.temp.o
 .debug_abbrev  0x000000000000775c      0x389 /tmp/ccZIozA9.debug.temp.o
 .debug_abbrev  0x0000000000007ae5      0x282 /tmp/ccWIpjjb.debug.temp.o
 .debug_abbrev  0x0000000000007d67      0x2ed /tmp/ccsGVnUa.debug.temp.o
 .debug_abbrev  0x0000000000008054      0x2cc /tmp/cczGW6Yd.debug.temp.o
 .debug_abbrev  0x0000000000008320      0x2ba /tmp/ccaat71c.debug.temp.o
 .debug_abbrev  0x00000000000085da      0x371 /tmp/cc9S96lc.debug.temp.o
 .debug_abbrev  0x000000000000894b      0x2ee /tmp/ccezLiQb.debug.temp.o
 .debug_abbrev  0x0000000000008c39      0x33b /tmp/ccvakMub.debug.temp.o
 .debug_abbrev  0x0000000000008f74      0x2dd /tmp/ccc4ouWc.debug.temp.o

.debug_aranges  0x0000000000000000      0x518
 .debug_aranges
                0x0000000000000000       0x20 ./build/obj/crt0_v7m.o
 .debug_aranges
                0x0000000000000020       0x20 ./build/obj/vectors.o
 .debug_aranges
                0x0000000000000040       0x20 ./build/obj/chcoreasm_v7m.o
 .debug_aranges
                0x0000000000000060      0x4b8 /tmp/ch.elf.ObbqC9.ltrans0.ltrans.o

.debug_str      0x0000000000000000     0x5fcb
 .debug_str     0x0000000000000000       0xba ./build/obj/crt0_v7m.o
 .debug_str     0x00000000000000ba       0x45 ./build/obj/vectors.o
                                         0xb9 (size before relaxing)
 .debug_str     0x00000000000000ff       0x49 ./build/obj/chcoreasm_v7m.o
                                         0xbd (size before relaxing)
 .debug_str     0x0000000000000148      0x1b8 /tmp/ch.elf.ObbqC9.ltrans0.ltrans.o
                                        0x240 (size before relaxing)
 .debug_str     0x0000000000000300      0x436 /tmp/ccnqw9Od.debug.temp.o
                                        0x514 (size before relaxing)
 .debug_str     0x0000000000000736     0x1036 /tmp/ccNPr3Fd.debug.temp.o
                                       0x13aa (size before relaxing)
 .debug_str     0x000000000000176c       0xfd /tmp/ccCTjMkb.debug.temp.o
                                       0x1471 (size before relaxing)
 .debug_str     0x0000000000001869      0x6c9 /tmp/ccNQmGCd.debug.temp.o
                                       0x1aa7 (size before relaxing)
 .debug_str     0x0000000000001f32       0xd2 /tmp/ccJsjE2a.debug.temp.o
                                       0x191f (size before relaxing)
 .debug_str     0x0000000000002004      0x273 /tmp/ccD8zqjd.debug.temp.o
                                       0x1608 (size before relaxing)
 .debug_str     0x0000000000002277       0xeb /tmp/ccT3BYga.debug.temp.o
                                       0x14c4 (size before relaxing)
 .debug_str     0x0000000000002362       0xf1 /tmp/cchIDWDd.debug.temp.o
                                       0x14d2 (size before relaxing)
 .debug_str     0x0000000000002453       0x76 /tmp/ccKVLyMc.debug.temp.o
                                       0x13f8 (size before relaxing)
 .debug_str     0x00000000000024c9       0xfe /tmp/ccoqlYcb.debug.temp.o
                                       0x14e7 (size before relaxing)
 .debug_str     0x00000000000025c7      0x12e /tmp/ccML8kU9.debug.temp.o
                                       0x152c (size before relaxing)
 .debug_str     0x00000000000026f5      0x258 /tmp/ccTZVsTc.debug.temp.o
                                       0x177b (size before relaxing)
 .debug_str     0x000000000000294d      0x125 /tmp/ccdyhj7a.debug.temp.o
                                       0x154f (size before relaxing)
 .debug_str     0x0000000000002a72      0x190 /tmp/ccw8DNG9.debug.temp.o
                                       0x19fe (size before relaxing)
 .debug_str     0x0000000000002c02      0x164 /tmp/ccH9kaUb.debug.temp.o
                                       0x14f2 (size before relaxing)
 .debug_str     0x0000000000002d66      0x3db /tmp/ccGrPPoc.debug.temp.o
                                       0x174f (size before relaxing)
 .debug_str     0x0000000000003141      0x1a6 /tmp/ccl0nyOb.debug.temp.o
                                       0x15aa (size before relaxing)
 .debug_str     0x00000000000032e7      0x17d /tmp/ccj9KE2c.debug.temp.o
                                       0x1671 (size before relaxing)
 .debug_str     0x0000000000003464       0x8d /tmp/ccg7Paub.debug.temp.o
                                       0x1421 (size before relaxing)
 .debug_str     0x00000000000034f1      0x234 /tmp/ccuxpjPa.debug.temp.o
                                       0x1b80 (size before relaxing)
 .debug_str     0x0000000000003725      0x2ff /tmp/ccCShU7b.debug.temp.o
                                       0x1c4c (size before relaxing)
 .debug_str     0x0000000000003a24      0x116 /tmp/ccVye5H9.debug.temp.o
                                       0x167a (size before relaxing)
 .debug_str     0x0000000000003b3a       0x83 /tmp/cc27o6pc.debug.temp.o
                                       0x15c9 (size before relaxing)
 .debug_str     0x0000000000003bbd       0xc5 /tmp/ccLGUdTb.debug.temp.o
                                       0x1567 (size before relaxing)
 .debug_str     0x0000000000003c82      0x150 /tmp/ccn44ZSd.debug.temp.o
                                       0x15ee (size before relaxing)
 .debug_str     0x0000000000003dd2       0xbf /tmp/ccoy28ae.debug.temp.o
                                       0x162c (size before relaxing)
 .debug_str     0x0000000000003e91       0xbe /tmp/cckTfwkc.debug.temp.o
                                       0x1572 (size before relaxing)
 .debug_str     0x0000000000003f4f      0x2bd /tmp/ccJ4CZkd.debug.temp.o
                                        0xaf8 (size before relaxing)
 .debug_str     0x000000000000420c       0x73 /tmp/ccqADCBc.debug.temp.o
                                        0x82b (size before relaxing)
 .debug_str     0x000000000000427f      0x14c /tmp/cc4PiMzd.debug.temp.o
                                        0x90e (size before relaxing)