TimeQuest Timing Analyzer report for dream6800_max2
Sun Aug 27 13:40:30 2023
Quartus II 64-Bit Version 13.0.1 Build 232 06/12/2013 Service Pack 1 SJ Web Edition


---------------------
; Table of Contents ;
---------------------
  1. Legal Notice
  2. TimeQuest Timing Analyzer Summary
  3. Parallel Compilation
  4. Clocks
  5. Fmax Summary
  6. Setup Summary
  7. Hold Summary
  8. Recovery Summary
  9. Removal Summary
 10. Minimum Pulse Width Summary
 11. Setup: 'clk4'
 12. Setup: 'hDiv[0]'
 13. Hold: 'clk4'
 14. Hold: 'hDiv[0]'
 15. Minimum Pulse Width: 'clk4'
 16. Minimum Pulse Width: 'hDiv[0]'
 17. Setup Times
 18. Hold Times
 19. Clock to Output Times
 20. Minimum Clock to Output Times
 21. Propagation Delay
 22. Minimum Propagation Delay
 23. Setup Transfers
 24. Hold Transfers
 25. Report TCCS
 26. Report RSKM
 27. Unconstrained Paths
 28. TimeQuest Timing Analyzer Messages



----------------
; Legal Notice ;
----------------
Copyright (C) 1991-2013 Altera Corporation
Your use of Altera Corporation's design tools, logic functions 
and other software and tools, and its AMPP partner logic 
functions, and any output files from any of the foregoing 
(including device programming or simulation files), and any 
associated documentation or information are expressly subject 
to the terms and conditions of the Altera Program License 
Subscription Agreement, Altera MegaCore Function License 
Agreement, or other applicable license agreement, including, 
without limitation, that your use is for the sole purpose of 
programming logic devices manufactured by Altera and sold by 
Altera or its authorized distributors.  Please refer to the 
applicable agreement for further details.



+----------------------------------------------------------------------------------------+
; TimeQuest Timing Analyzer Summary                                                      ;
+--------------------+-------------------------------------------------------------------+
; Quartus II Version ; Version 13.0.1 Build 232 06/12/2013 Service Pack 1 SJ Web Edition ;
; Revision Name      ; dream6800_max2                                                    ;
; Device Family      ; MAX II                                                            ;
; Device Name        ; EPM240T100C5                                                      ;
; Timing Models      ; Final                                                             ;
; Delay Model        ; Slow Model                                                        ;
; Rise/Fall Delays   ; Unavailable                                                       ;
+--------------------+-------------------------------------------------------------------+


Parallel compilation was disabled, but you have multiple processors available. Enable parallel compilation to reduce compilation time.
+-------------------------------------+
; Parallel Compilation                ;
+----------------------------+--------+
; Processors                 ; Number ;
+----------------------------+--------+
; Number detected on machine ; 8      ;
; Maximum allowed            ; 1      ;
+----------------------------+--------+


+-------------------------------------------------------------------------------------------------------------------------------------------------------------------------------------+
; Clocks                                                                                                                                                                              ;
+------------+------+--------+------------+-------+-------+------------+-----------+-------------+-------+--------+-----------+------------+----------+--------+--------+-------------+
; Clock Name ; Type ; Period ; Frequency  ; Rise  ; Fall  ; Duty Cycle ; Divide by ; Multiply by ; Phase ; Offset ; Edge List ; Edge Shift ; Inverted ; Master ; Source ; Targets     ;
+------------+------+--------+------------+-------+-------+------------+-----------+-------------+-------+--------+-----------+------------+----------+--------+--------+-------------+
; clk4       ; Base ; 1.000  ; 1000.0 MHz ; 0.000 ; 0.500 ;            ;           ;             ;       ;        ;           ;            ;          ;        ;        ; { clk4 }    ;
; hDiv[0]    ; Base ; 1.000  ; 1000.0 MHz ; 0.000 ; 0.500 ;            ;           ;             ;       ;        ;           ;            ;          ;        ;        ; { hDiv[0] } ;
+------------+------+--------+------------+-------+-------+------------+-----------+-------------+-------+--------+-----------+------------+----------+--------+--------+-------------+


+--------------------------------------------------+
; Fmax Summary                                     ;
+------------+-----------------+------------+------+
; Fmax       ; Restricted Fmax ; Clock Name ; Note ;
+------------+-----------------+------------+------+
; 82.59 MHz  ; 82.59 MHz       ; clk4       ;      ;
; 373.41 MHz ; 373.41 MHz      ; hDiv[0]    ;      ;
+------------+-----------------+------------+------+
This panel reports FMAX for every clock in the design, regardless of the user-specified clock periods.  FMAX is only computed for paths where the source and destination registers or ports are driven by the same clock.  Paths of different clocks, including generated clocks, are ignored.  For paths between a clock and its inversion, FMAX is computed as if the rising and falling edges are scaled along with FMAX, such that the duty cycle (in terms of a percentage) is maintained. Altera recommends that you always use clock constraints and other slack reports for sign-off analysis.


+----------------------------------+
; Setup Summary                    ;
+---------+--------+---------------+
; Clock   ; Slack  ; End Point TNS ;
+---------+--------+---------------+
; clk4    ; -6.519 ; -136.633      ;
; hDiv[0] ; -1.678 ; -10.701       ;
+---------+--------+---------------+


+----------------------------------+
; Hold Summary                     ;
+---------+--------+---------------+
; Clock   ; Slack  ; End Point TNS ;
+---------+--------+---------------+
; clk4    ; -1.658 ; -5.502        ;
; hDiv[0] ; 0.280  ; 0.000         ;
+---------+--------+---------------+


--------------------
; Recovery Summary ;
--------------------
No paths to report.


-------------------
; Removal Summary ;
-------------------
No paths to report.


+----------------------------------+
; Minimum Pulse Width Summary      ;
+---------+--------+---------------+
; Clock   ; Slack  ; End Point TNS ;
+---------+--------+---------------+
; clk4    ; -2.289 ; -2.289        ;
; hDiv[0] ; 0.234  ; 0.000         ;
+---------+--------+---------------+


+-----------------------------------------------------------------------------------------------------+
; Setup: 'clk4'                                                                                       ;
+--------+-----------+----------+--------------+-------------+--------------+------------+------------+
; Slack  ; From Node ; To Node  ; Launch Clock ; Latch Clock ; Relationship ; Clock Skew ; Data Delay ;
+--------+-----------+----------+--------------+-------------+--------------+------------+------------+
; -6.519 ; vDiv[1]   ; vDiv[2]  ; clk4         ; clk4        ; 1.000        ; 0.000      ; 7.186      ;
; -6.519 ; vDiv[1]   ; vDiv[3]  ; clk4         ; clk4        ; 1.000        ; 0.000      ; 7.186      ;
; -6.519 ; vDiv[1]   ; vDiv[4]  ; clk4         ; clk4        ; 1.000        ; 0.000      ; 7.186      ;
; -6.519 ; vDiv[1]   ; vDiv[1]  ; clk4         ; clk4        ; 1.000        ; 0.000      ; 7.186      ;
; -6.519 ; vDiv[1]   ; vDiv[0]  ; clk4         ; clk4        ; 1.000        ; 0.000      ; 7.186      ;
; -6.501 ; vDiv[0]   ; vDiv[2]  ; clk4         ; clk4        ; 1.000        ; 0.000      ; 7.168      ;
; -6.501 ; vDiv[0]   ; vDiv[3]  ; clk4         ; clk4        ; 1.000        ; 0.000      ; 7.168      ;
; -6.501 ; vDiv[0]   ; vDiv[4]  ; clk4         ; clk4        ; 1.000        ; 0.000      ; 7.168      ;
; -6.501 ; vDiv[0]   ; vDiv[1]  ; clk4         ; clk4        ; 1.000        ; 0.000      ; 7.168      ;
; -6.501 ; vDiv[0]   ; vDiv[0]  ; clk4         ; clk4        ; 1.000        ; 0.000      ; 7.168      ;
; -6.428 ; vDiv[5]   ; vDiv[2]  ; clk4         ; clk4        ; 1.000        ; 0.000      ; 7.095      ;
; -6.428 ; vDiv[5]   ; vDiv[3]  ; clk4         ; clk4        ; 1.000        ; 0.000      ; 7.095      ;
; -6.428 ; vDiv[5]   ; vDiv[4]  ; clk4         ; clk4        ; 1.000        ; 0.000      ; 7.095      ;
; -6.428 ; vDiv[5]   ; vDiv[1]  ; clk4         ; clk4        ; 1.000        ; 0.000      ; 7.095      ;
; -6.428 ; vDiv[5]   ; vDiv[0]  ; clk4         ; clk4        ; 1.000        ; 0.000      ; 7.095      ;
; -6.341 ; vDiv[3]   ; vDiv[2]  ; clk4         ; clk4        ; 1.000        ; 0.000      ; 7.008      ;
; -6.341 ; vDiv[3]   ; vDiv[3]  ; clk4         ; clk4        ; 1.000        ; 0.000      ; 7.008      ;
; -6.341 ; vDiv[3]   ; vDiv[4]  ; clk4         ; clk4        ; 1.000        ; 0.000      ; 7.008      ;
; -6.341 ; vDiv[3]   ; vDiv[1]  ; clk4         ; clk4        ; 1.000        ; 0.000      ; 7.008      ;
; -6.341 ; vDiv[3]   ; vDiv[0]  ; clk4         ; clk4        ; 1.000        ; 0.000      ; 7.008      ;
; -6.213 ; vDiv[6]   ; vDiv[2]  ; clk4         ; clk4        ; 1.000        ; 0.000      ; 6.880      ;
; -6.213 ; vDiv[6]   ; vDiv[3]  ; clk4         ; clk4        ; 1.000        ; 0.000      ; 6.880      ;
; -6.213 ; vDiv[6]   ; vDiv[4]  ; clk4         ; clk4        ; 1.000        ; 0.000      ; 6.880      ;
; -6.213 ; vDiv[6]   ; vDiv[1]  ; clk4         ; clk4        ; 1.000        ; 0.000      ; 6.880      ;
; -6.213 ; vDiv[6]   ; vDiv[0]  ; clk4         ; clk4        ; 1.000        ; 0.000      ; 6.880      ;
; -6.168 ; vDiv[1]   ; vDiv[7]  ; clk4         ; clk4        ; 1.000        ; 0.000      ; 6.835      ;
; -6.168 ; vDiv[1]   ; vDiv[8]  ; clk4         ; clk4        ; 1.000        ; 0.000      ; 6.835      ;
; -6.168 ; vDiv[1]   ; vDiv[5]  ; clk4         ; clk4        ; 1.000        ; 0.000      ; 6.835      ;
; -6.168 ; vDiv[1]   ; vDiv[6]  ; clk4         ; clk4        ; 1.000        ; 0.000      ; 6.835      ;
; -6.168 ; vDiv[1]   ; vDiv[9]  ; clk4         ; clk4        ; 1.000        ; 0.000      ; 6.835      ;
; -6.168 ; vDiv[1]   ; vDiv[10] ; clk4         ; clk4        ; 1.000        ; 0.000      ; 6.835      ;
; -6.163 ; vDiv[2]   ; vDiv[2]  ; clk4         ; clk4        ; 1.000        ; 0.000      ; 6.830      ;
; -6.163 ; vDiv[2]   ; vDiv[3]  ; clk4         ; clk4        ; 1.000        ; 0.000      ; 6.830      ;
; -6.163 ; vDiv[2]   ; vDiv[4]  ; clk4         ; clk4        ; 1.000        ; 0.000      ; 6.830      ;
; -6.163 ; vDiv[2]   ; vDiv[1]  ; clk4         ; clk4        ; 1.000        ; 0.000      ; 6.830      ;
; -6.163 ; vDiv[2]   ; vDiv[0]  ; clk4         ; clk4        ; 1.000        ; 0.000      ; 6.830      ;
; -6.150 ; vDiv[0]   ; vDiv[7]  ; clk4         ; clk4        ; 1.000        ; 0.000      ; 6.817      ;
; -6.150 ; vDiv[0]   ; vDiv[8]  ; clk4         ; clk4        ; 1.000        ; 0.000      ; 6.817      ;
; -6.150 ; vDiv[0]   ; vDiv[5]  ; clk4         ; clk4        ; 1.000        ; 0.000      ; 6.817      ;
; -6.150 ; vDiv[0]   ; vDiv[6]  ; clk4         ; clk4        ; 1.000        ; 0.000      ; 6.817      ;
; -6.150 ; vDiv[0]   ; vDiv[9]  ; clk4         ; clk4        ; 1.000        ; 0.000      ; 6.817      ;
; -6.150 ; vDiv[0]   ; vDiv[10] ; clk4         ; clk4        ; 1.000        ; 0.000      ; 6.817      ;
; -6.077 ; vDiv[5]   ; vDiv[7]  ; clk4         ; clk4        ; 1.000        ; 0.000      ; 6.744      ;
; -6.077 ; vDiv[5]   ; vDiv[8]  ; clk4         ; clk4        ; 1.000        ; 0.000      ; 6.744      ;
; -6.077 ; vDiv[5]   ; vDiv[5]  ; clk4         ; clk4        ; 1.000        ; 0.000      ; 6.744      ;
; -6.077 ; vDiv[5]   ; vDiv[6]  ; clk4         ; clk4        ; 1.000        ; 0.000      ; 6.744      ;
; -6.077 ; vDiv[5]   ; vDiv[9]  ; clk4         ; clk4        ; 1.000        ; 0.000      ; 6.744      ;
; -6.077 ; vDiv[5]   ; vDiv[10] ; clk4         ; clk4        ; 1.000        ; 0.000      ; 6.744      ;
; -5.990 ; vDiv[3]   ; vDiv[7]  ; clk4         ; clk4        ; 1.000        ; 0.000      ; 6.657      ;
; -5.990 ; vDiv[3]   ; vDiv[8]  ; clk4         ; clk4        ; 1.000        ; 0.000      ; 6.657      ;
; -5.990 ; vDiv[3]   ; vDiv[5]  ; clk4         ; clk4        ; 1.000        ; 0.000      ; 6.657      ;
; -5.990 ; vDiv[3]   ; vDiv[6]  ; clk4         ; clk4        ; 1.000        ; 0.000      ; 6.657      ;
; -5.990 ; vDiv[3]   ; vDiv[9]  ; clk4         ; clk4        ; 1.000        ; 0.000      ; 6.657      ;
; -5.990 ; vDiv[3]   ; vDiv[10] ; clk4         ; clk4        ; 1.000        ; 0.000      ; 6.657      ;
; -5.879 ; vDiv[7]   ; vDiv[2]  ; clk4         ; clk4        ; 1.000        ; 0.000      ; 6.546      ;
; -5.879 ; vDiv[7]   ; vDiv[3]  ; clk4         ; clk4        ; 1.000        ; 0.000      ; 6.546      ;
; -5.879 ; vDiv[7]   ; vDiv[4]  ; clk4         ; clk4        ; 1.000        ; 0.000      ; 6.546      ;
; -5.879 ; vDiv[7]   ; vDiv[1]  ; clk4         ; clk4        ; 1.000        ; 0.000      ; 6.546      ;
; -5.879 ; vDiv[7]   ; vDiv[0]  ; clk4         ; clk4        ; 1.000        ; 0.000      ; 6.546      ;
; -5.862 ; vDiv[6]   ; vDiv[7]  ; clk4         ; clk4        ; 1.000        ; 0.000      ; 6.529      ;
; -5.862 ; vDiv[6]   ; vDiv[8]  ; clk4         ; clk4        ; 1.000        ; 0.000      ; 6.529      ;
; -5.862 ; vDiv[6]   ; vDiv[5]  ; clk4         ; clk4        ; 1.000        ; 0.000      ; 6.529      ;
; -5.862 ; vDiv[6]   ; vDiv[6]  ; clk4         ; clk4        ; 1.000        ; 0.000      ; 6.529      ;
; -5.862 ; vDiv[6]   ; vDiv[9]  ; clk4         ; clk4        ; 1.000        ; 0.000      ; 6.529      ;
; -5.862 ; vDiv[6]   ; vDiv[10] ; clk4         ; clk4        ; 1.000        ; 0.000      ; 6.529      ;
; -5.812 ; vDiv[2]   ; vDiv[7]  ; clk4         ; clk4        ; 1.000        ; 0.000      ; 6.479      ;
; -5.812 ; vDiv[2]   ; vDiv[8]  ; clk4         ; clk4        ; 1.000        ; 0.000      ; 6.479      ;
; -5.812 ; vDiv[2]   ; vDiv[5]  ; clk4         ; clk4        ; 1.000        ; 0.000      ; 6.479      ;
; -5.812 ; vDiv[2]   ; vDiv[6]  ; clk4         ; clk4        ; 1.000        ; 0.000      ; 6.479      ;
; -5.812 ; vDiv[2]   ; vDiv[9]  ; clk4         ; clk4        ; 1.000        ; 0.000      ; 6.479      ;
; -5.812 ; vDiv[2]   ; vDiv[10] ; clk4         ; clk4        ; 1.000        ; 0.000      ; 6.479      ;
; -5.674 ; vDiv[4]   ; vDiv[2]  ; clk4         ; clk4        ; 1.000        ; 0.000      ; 6.341      ;
; -5.674 ; vDiv[4]   ; vDiv[3]  ; clk4         ; clk4        ; 1.000        ; 0.000      ; 6.341      ;
; -5.674 ; vDiv[4]   ; vDiv[4]  ; clk4         ; clk4        ; 1.000        ; 0.000      ; 6.341      ;
; -5.674 ; vDiv[4]   ; vDiv[1]  ; clk4         ; clk4        ; 1.000        ; 0.000      ; 6.341      ;
; -5.674 ; vDiv[4]   ; vDiv[0]  ; clk4         ; clk4        ; 1.000        ; 0.000      ; 6.341      ;
; -5.554 ; hDiv[5]   ; vDiv[2]  ; clk4         ; clk4        ; 0.500        ; 0.000      ; 5.721      ;
; -5.554 ; hDiv[5]   ; vDiv[3]  ; clk4         ; clk4        ; 0.500        ; 0.000      ; 5.721      ;
; -5.554 ; hDiv[5]   ; vDiv[4]  ; clk4         ; clk4        ; 0.500        ; 0.000      ; 5.721      ;
; -5.554 ; hDiv[5]   ; vDiv[1]  ; clk4         ; clk4        ; 0.500        ; 0.000      ; 5.721      ;
; -5.554 ; hDiv[5]   ; vDiv[0]  ; clk4         ; clk4        ; 0.500        ; 0.000      ; 5.721      ;
; -5.528 ; vDiv[7]   ; vDiv[7]  ; clk4         ; clk4        ; 1.000        ; 0.000      ; 6.195      ;
; -5.528 ; vDiv[7]   ; vDiv[8]  ; clk4         ; clk4        ; 1.000        ; 0.000      ; 6.195      ;
; -5.528 ; vDiv[7]   ; vDiv[5]  ; clk4         ; clk4        ; 1.000        ; 0.000      ; 6.195      ;
; -5.528 ; vDiv[7]   ; vDiv[6]  ; clk4         ; clk4        ; 1.000        ; 0.000      ; 6.195      ;
; -5.528 ; vDiv[7]   ; vDiv[9]  ; clk4         ; clk4        ; 1.000        ; 0.000      ; 6.195      ;
; -5.528 ; vDiv[7]   ; vDiv[10] ; clk4         ; clk4        ; 1.000        ; 0.000      ; 6.195      ;
; -5.467 ; vDiv[1]   ; vSyncOut ; clk4         ; clk4        ; 1.000        ; 0.000      ; 6.134      ;
; -5.449 ; vDiv[0]   ; vSyncOut ; clk4         ; clk4        ; 1.000        ; 0.000      ; 6.116      ;
; -5.377 ; hDiv[7]   ; vDiv[2]  ; clk4         ; clk4        ; 0.500        ; 0.000      ; 5.544      ;
; -5.377 ; hDiv[7]   ; vDiv[3]  ; clk4         ; clk4        ; 0.500        ; 0.000      ; 5.544      ;
; -5.377 ; hDiv[7]   ; vDiv[4]  ; clk4         ; clk4        ; 0.500        ; 0.000      ; 5.544      ;
; -5.377 ; hDiv[7]   ; vDiv[1]  ; clk4         ; clk4        ; 0.500        ; 0.000      ; 5.544      ;
; -5.377 ; hDiv[7]   ; vDiv[0]  ; clk4         ; clk4        ; 0.500        ; 0.000      ; 5.544      ;
; -5.376 ; vDiv[5]   ; vSyncOut ; clk4         ; clk4        ; 1.000        ; 0.000      ; 6.043      ;
; -5.323 ; vDiv[4]   ; vDiv[7]  ; clk4         ; clk4        ; 1.000        ; 0.000      ; 5.990      ;
; -5.323 ; vDiv[4]   ; vDiv[8]  ; clk4         ; clk4        ; 1.000        ; 0.000      ; 5.990      ;
; -5.323 ; vDiv[4]   ; vDiv[5]  ; clk4         ; clk4        ; 1.000        ; 0.000      ; 5.990      ;
; -5.323 ; vDiv[4]   ; vDiv[6]  ; clk4         ; clk4        ; 1.000        ; 0.000      ; 5.990      ;
; -5.323 ; vDiv[4]   ; vDiv[9]  ; clk4         ; clk4        ; 1.000        ; 0.000      ; 5.990      ;
+--------+-----------+----------+--------------+-------------+--------------+------------+------------+


+--------------------------------------------------------------------------------------------------------------------------------------+
; Setup: 'hDiv[0]'                                                                                                                     ;
+--------+---------------------------+---------------------------+--------------+-------------+--------------+------------+------------+
; Slack  ; From Node                 ; To Node                   ; Launch Clock ; Latch Clock ; Relationship ; Clock Skew ; Data Delay ;
+--------+---------------------------+---------------------------+--------------+-------------+--------------+------------+------------+
; -1.678 ; CD4014:SR|dff1:FF2|Q~reg0 ; CD4014:SR|dff1:FF3|Q~reg0 ; hDiv[0]      ; hDiv[0]     ; 1.000        ; 0.000      ; 2.345      ;
; -1.672 ; CD4014:SR|dff1:FF0|Q~reg0 ; CD4014:SR|dff1:FF1|Q~reg0 ; hDiv[0]      ; hDiv[0]     ; 1.000        ; 0.000      ; 2.339      ;
; -1.477 ; CD4014:SR|dff1:FF5|Q~reg0 ; CD4014:SR|dff1:FF6|Q~reg0 ; hDiv[0]      ; hDiv[0]     ; 1.000        ; 0.000      ; 2.144      ;
; -1.475 ; CD4014:SR|dff1:FF6|Q~reg0 ; CD4014:SR|dff1:FF7|Q~reg0 ; hDiv[0]      ; hDiv[0]     ; 1.000        ; 0.000      ; 2.142      ;
; -1.473 ; CD4014:SR|dff1:FF3|Q~reg0 ; CD4014:SR|dff1:FF4|Q~reg0 ; hDiv[0]      ; hDiv[0]     ; 1.000        ; 0.000      ; 2.140      ;
; -1.463 ; CD4014:SR|dff1:FF1|Q~reg0 ; CD4014:SR|dff1:FF2|Q~reg0 ; hDiv[0]      ; hDiv[0]     ; 1.000        ; 0.000      ; 2.130      ;
; -1.463 ; CD4014:SR|dff1:FF4|Q~reg0 ; CD4014:SR|dff1:FF5|Q~reg0 ; hDiv[0]      ; hDiv[0]     ; 1.000        ; 0.000      ; 2.130      ;
; 0.156  ; SRLoad                    ; CD4014:SR|dff1:FF1|Q~reg0 ; clk4         ; hDiv[0]     ; 1.000        ; 1.496      ; 2.007      ;
; 0.157  ; SRLoad                    ; CD4014:SR|dff1:FF2|Q~reg0 ; clk4         ; hDiv[0]     ; 1.000        ; 1.496      ; 2.006      ;
; 0.158  ; SRLoad                    ; CD4014:SR|dff1:FF0|Q~reg0 ; clk4         ; hDiv[0]     ; 1.000        ; 1.496      ; 2.005      ;
; 0.160  ; SRLoad                    ; CD4014:SR|dff1:FF6|Q~reg0 ; clk4         ; hDiv[0]     ; 1.000        ; 1.496      ; 2.003      ;
; 0.165  ; SRLoad                    ; CD4014:SR|dff1:FF3|Q~reg0 ; clk4         ; hDiv[0]     ; 1.000        ; 1.496      ; 1.998      ;
; 0.165  ; SRLoad                    ; CD4014:SR|dff1:FF5|Q~reg0 ; clk4         ; hDiv[0]     ; 1.000        ; 1.496      ; 1.998      ;
; 0.165  ; SRLoad                    ; CD4014:SR|dff1:FF7|Q~reg0 ; clk4         ; hDiv[0]     ; 1.000        ; 1.496      ; 1.998      ;
; 0.166  ; SRLoad                    ; CD4014:SR|dff1:FF4|Q~reg0 ; clk4         ; hDiv[0]     ; 1.000        ; 1.496      ; 1.997      ;
+--------+---------------------------+---------------------------+--------------+-------------+--------------+------------+------------+


+--------------------------------------------------------------------------------------------------------------+
; Hold: 'clk4'                                                                                                 ;
+--------+---------------+---------------+--------------+-------------+--------------+------------+------------+
; Slack  ; From Node     ; To Node       ; Launch Clock ; Latch Clock ; Relationship ; Clock Skew ; Data Delay ;
+--------+---------------+---------------+--------------+-------------+--------------+------------+------------+
; -1.658 ; hDiv[0]       ; hDiv[0]       ; hDiv[0]      ; clk4        ; 0.000        ; 3.348      ; 2.287      ;
; -1.606 ; hDiv[0]       ; hDiv[1]       ; hDiv[0]      ; clk4        ; 0.000        ; 3.348      ; 2.339      ;
; -1.158 ; hDiv[0]       ; hDiv[0]       ; hDiv[0]      ; clk4        ; -0.500       ; 3.348      ; 2.287      ;
; -1.106 ; hDiv[0]       ; hDiv[1]       ; hDiv[0]      ; clk4        ; -0.500       ; 3.348      ; 2.339      ;
; -0.774 ; hDiv[0]       ; hDiv[2]       ; hDiv[0]      ; clk4        ; 0.000        ; 3.348      ; 3.171      ;
; -0.663 ; hDiv[0]       ; hDiv[3]       ; hDiv[0]      ; clk4        ; 0.000        ; 3.348      ; 3.282      ;
; -0.552 ; hDiv[0]       ; hDiv[4]       ; hDiv[0]      ; clk4        ; 0.000        ; 3.348      ; 3.393      ;
; -0.274 ; hDiv[0]       ; hDiv[2]       ; hDiv[0]      ; clk4        ; -0.500       ; 3.348      ; 3.171      ;
; -0.163 ; hDiv[0]       ; hDiv[3]       ; hDiv[0]      ; clk4        ; -0.500       ; 3.348      ; 3.282      ;
; -0.083 ; hDiv[0]       ; hDiv[5]       ; hDiv[0]      ; clk4        ; 0.000        ; 3.348      ; 3.862      ;
; -0.083 ; hDiv[0]       ; hDiv[7]       ; hDiv[0]      ; clk4        ; 0.000        ; 3.348      ; 3.862      ;
; -0.083 ; hDiv[0]       ; hDiv[6]       ; hDiv[0]      ; clk4        ; 0.000        ; 3.348      ; 3.862      ;
; -0.052 ; hDiv[0]       ; hDiv[4]       ; hDiv[0]      ; clk4        ; -0.500       ; 3.348      ; 3.393      ;
; 0.417  ; hDiv[0]       ; hDiv[5]       ; hDiv[0]      ; clk4        ; -0.500       ; 3.348      ; 3.862      ;
; 0.417  ; hDiv[0]       ; hDiv[7]       ; hDiv[0]      ; clk4        ; -0.500       ; 3.348      ; 3.862      ;
; 0.417  ; hDiv[0]       ; hDiv[6]       ; hDiv[0]      ; clk4        ; -0.500       ; 3.348      ; 3.862      ;
; 2.107  ; hDiv[2]       ; hDiv[2]       ; clk4         ; clk4        ; 0.000        ; 0.000      ; 2.328      ;
; 2.125  ; vDiv[5]       ; vDiv[5]       ; clk4         ; clk4        ; 0.000        ; 0.000      ; 2.346      ;
; 2.126  ; vSyncOut      ; vSyncOut      ; clk4         ; clk4        ; 0.000        ; 0.000      ; 2.347      ;
; 2.126  ; vDiv[2]       ; vDiv[2]       ; clk4         ; clk4        ; 0.000        ; 0.000      ; 2.347      ;
; 2.126  ; loaddlytim[0] ; loaddlytim[0] ; clk4         ; clk4        ; 0.000        ; 0.000      ; 2.347      ;
; 2.127  ; loaddlytim[6] ; loaddlytim[6] ; clk4         ; clk4        ; 0.000        ; 0.000      ; 2.348      ;
; 2.135  ; loaddlytim[1] ; loaddlytim[1] ; clk4         ; clk4        ; 0.000        ; 0.000      ; 2.356      ;
; 2.144  ; vDiv[4]       ; vDiv[4]       ; clk4         ; clk4        ; 0.000        ; 0.000      ; 2.365      ;
; 2.151  ; vDiv[7]       ; vDiv[7]       ; clk4         ; clk4        ; 0.000        ; 0.000      ; 2.372      ;
; 2.152  ; vDiv[6]       ; vDiv[6]       ; clk4         ; clk4        ; 0.000        ; 0.000      ; 2.373      ;
; 2.221  ; hDiv[3]       ; hDiv[3]       ; clk4         ; clk4        ; 0.000        ; 0.000      ; 2.442      ;
; 2.230  ; vDiv[1]       ; vDiv[1]       ; clk4         ; clk4        ; 0.000        ; 0.000      ; 2.451      ;
; 2.231  ; vDiv[9]       ; vDiv[9]       ; clk4         ; clk4        ; 0.000        ; 0.000      ; 2.452      ;
; 2.233  ; loaddlytim[2] ; loaddlytim[2] ; clk4         ; clk4        ; 0.000        ; 0.000      ; 2.454      ;
; 2.239  ; vDiv[0]       ; vDiv[0]       ; clk4         ; clk4        ; 0.000        ; 0.000      ; 2.460      ;
; 2.239  ; vDiv[10]      ; vDiv[10]      ; clk4         ; clk4        ; 0.000        ; 0.000      ; 2.460      ;
; 2.239  ; hDiv[6]       ; hDiv[6]       ; clk4         ; clk4        ; 0.000        ; 0.000      ; 2.460      ;
; 2.250  ; hDiv[4]       ; hDiv[4]       ; clk4         ; clk4        ; 0.000        ; 0.000      ; 2.471      ;
; 2.253  ; vDiv[3]       ; vDiv[3]       ; clk4         ; clk4        ; 0.000        ; 0.000      ; 2.474      ;
; 2.271  ; loaddlytim[4] ; loaddlytim[4] ; clk4         ; clk4        ; 0.000        ; 0.000      ; 2.492      ;
; 2.272  ; loaddlytim[3] ; loaddlytim[3] ; clk4         ; clk4        ; 0.000        ; 0.000      ; 2.493      ;
; 2.273  ; loaddlytim[5] ; loaddlytim[5] ; clk4         ; clk4        ; 0.000        ; 0.000      ; 2.494      ;
; 2.284  ; vDiv[8]       ; vDiv[8]       ; clk4         ; clk4        ; 0.000        ; 0.000      ; 2.505      ;
; 2.443  ; hDiv[4]       ; vCntEn        ; clk4         ; clk4        ; -0.500       ; 0.000      ; 2.164      ;
; 2.531  ; SRLoad        ; SRLoad        ; clk4         ; clk4        ; 0.000        ; 0.000      ; 2.752      ;
; 2.549  ; hDiv[6]       ; vCntEn        ; clk4         ; clk4        ; -0.500       ; 0.000      ; 2.270      ;
; 2.618  ; hDiv[7]       ; vCntEn        ; clk4         ; clk4        ; -0.500       ; 0.000      ; 2.339      ;
; 2.639  ; hDiv[5]       ; hDiv[5]       ; clk4         ; clk4        ; 0.000        ; 0.000      ; 2.860      ;
; 2.639  ; hDiv[7]       ; hDiv[7]       ; clk4         ; clk4        ; 0.000        ; 0.000      ; 2.860      ;
; 2.736  ; vDiv[7]       ; vSyncOut      ; clk4         ; clk4        ; 0.000        ; 0.000      ; 2.957      ;
; 2.743  ; hDiv[5]       ; vCntEn        ; clk4         ; clk4        ; -0.500       ; 0.000      ; 2.464      ;
; 2.919  ; vDiv[8]       ; vSyncOut      ; clk4         ; clk4        ; 0.000        ; 0.000      ; 3.140      ;
; 2.939  ; hDiv[2]       ; hDiv[3]       ; clk4         ; clk4        ; 0.000        ; 0.000      ; 3.160      ;
; 2.957  ; vDiv[5]       ; vDiv[6]       ; clk4         ; clk4        ; 0.000        ; 0.000      ; 3.178      ;
; 2.958  ; vDiv[2]       ; vDiv[3]       ; clk4         ; clk4        ; 0.000        ; 0.000      ; 3.179      ;
; 2.958  ; loaddlytim[0] ; loaddlytim[1] ; clk4         ; clk4        ; 0.000        ; 0.000      ; 3.179      ;
; 2.967  ; loaddlytim[1] ; loaddlytim[2] ; clk4         ; clk4        ; 0.000        ; 0.000      ; 3.188      ;
; 2.983  ; vDiv[7]       ; vDiv[8]       ; clk4         ; clk4        ; 0.000        ; 0.000      ; 3.204      ;
; 2.984  ; vDiv[6]       ; vDiv[7]       ; clk4         ; clk4        ; 0.000        ; 0.000      ; 3.205      ;
; 3.050  ; hDiv[2]       ; hDiv[4]       ; clk4         ; clk4        ; 0.000        ; 0.000      ; 3.271      ;
; 3.056  ; hDiv[1]       ; hDiv[1]       ; clk4         ; clk4        ; 0.000        ; 0.000      ; 3.277      ;
; 3.068  ; vDiv[5]       ; vDiv[7]       ; clk4         ; clk4        ; 0.000        ; 0.000      ; 3.289      ;
; 3.069  ; vDiv[2]       ; vDiv[4]       ; clk4         ; clk4        ; 0.000        ; 0.000      ; 3.290      ;
; 3.069  ; loaddlytim[0] ; loaddlytim[2] ; clk4         ; clk4        ; 0.000        ; 0.000      ; 3.290      ;
; 3.078  ; loaddlytim[1] ; loaddlytim[3] ; clk4         ; clk4        ; 0.000        ; 0.000      ; 3.299      ;
; 3.094  ; vDiv[7]       ; vDiv[9]       ; clk4         ; clk4        ; 0.000        ; 0.000      ; 3.315      ;
; 3.095  ; vDiv[6]       ; vDiv[8]       ; clk4         ; clk4        ; 0.000        ; 0.000      ; 3.316      ;
; 3.145  ; vDiv[6]       ; vSyncOut      ; clk4         ; clk4        ; 0.000        ; 0.000      ; 3.366      ;
; 3.161  ; hDiv[3]       ; hDiv[4]       ; clk4         ; clk4        ; 0.000        ; 0.000      ; 3.382      ;
; 3.170  ; vDiv[1]       ; vDiv[2]       ; clk4         ; clk4        ; 0.000        ; 0.000      ; 3.391      ;
; 3.173  ; loaddlytim[2] ; loaddlytim[3] ; clk4         ; clk4        ; 0.000        ; 0.000      ; 3.394      ;
; 3.179  ; vDiv[0]       ; vDiv[1]       ; clk4         ; clk4        ; 0.000        ; 0.000      ; 3.400      ;
; 3.179  ; vDiv[5]       ; vDiv[8]       ; clk4         ; clk4        ; 0.000        ; 0.000      ; 3.400      ;
; 3.179  ; hDiv[6]       ; hDiv[7]       ; clk4         ; clk4        ; 0.000        ; 0.000      ; 3.400      ;
; 3.180  ; loaddlytim[0] ; loaddlytim[3] ; clk4         ; clk4        ; 0.000        ; 0.000      ; 3.401      ;
; 3.193  ; vDiv[3]       ; vDiv[4]       ; clk4         ; clk4        ; 0.000        ; 0.000      ; 3.414      ;
; 3.206  ; vDiv[6]       ; vDiv[9]       ; clk4         ; clk4        ; 0.000        ; 0.000      ; 3.427      ;
; 3.211  ; loaddlytim[4] ; loaddlytim[5] ; clk4         ; clk4        ; 0.000        ; 0.000      ; 3.432      ;
; 3.213  ; loaddlytim[5] ; loaddlytim[6] ; clk4         ; clk4        ; 0.000        ; 0.000      ; 3.434      ;
; 3.224  ; vDiv[8]       ; vDiv[9]       ; clk4         ; clk4        ; 0.000        ; 0.000      ; 3.445      ;
; 3.281  ; vDiv[1]       ; vDiv[3]       ; clk4         ; clk4        ; 0.000        ; 0.000      ; 3.502      ;
; 3.290  ; vDiv[0]       ; vDiv[2]       ; clk4         ; clk4        ; 0.000        ; 0.000      ; 3.511      ;
; 3.290  ; vDiv[5]       ; vDiv[9]       ; clk4         ; clk4        ; 0.000        ; 0.000      ; 3.511      ;
; 3.322  ; loaddlytim[4] ; loaddlytim[6] ; clk4         ; clk4        ; 0.000        ; 0.000      ; 3.543      ;
; 3.392  ; vDiv[1]       ; vDiv[4]       ; clk4         ; clk4        ; 0.000        ; 0.000      ; 3.613      ;
; 3.401  ; vDiv[0]       ; vDiv[3]       ; clk4         ; clk4        ; 0.000        ; 0.000      ; 3.622      ;
; 3.408  ; loaddlytim[3] ; SRLoad        ; clk4         ; clk4        ; 0.000        ; 0.000      ; 3.629      ;
; 3.492  ; vDiv[9]       ; vDiv[10]      ; clk4         ; clk4        ; 0.000        ; 0.000      ; 3.713      ;
; 3.511  ; hDiv[4]       ; hDiv[5]       ; clk4         ; clk4        ; 0.000        ; 0.000      ; 3.732      ;
; 3.511  ; hDiv[4]       ; hDiv[7]       ; clk4         ; clk4        ; 0.000        ; 0.000      ; 3.732      ;
; 3.511  ; hDiv[4]       ; hDiv[6]       ; clk4         ; clk4        ; 0.000        ; 0.000      ; 3.732      ;
; 3.512  ; vDiv[0]       ; vDiv[4]       ; clk4         ; clk4        ; 0.000        ; 0.000      ; 3.733      ;
; 3.519  ; hDiv[2]       ; hDiv[5]       ; clk4         ; clk4        ; 0.000        ; 0.000      ; 3.740      ;
; 3.519  ; hDiv[2]       ; hDiv[7]       ; clk4         ; clk4        ; 0.000        ; 0.000      ; 3.740      ;
; 3.519  ; hDiv[2]       ; hDiv[6]       ; clk4         ; clk4        ; 0.000        ; 0.000      ; 3.740      ;
; 3.533  ; loaddlytim[3] ; loaddlytim[4] ; clk4         ; clk4        ; 0.000        ; 0.000      ; 3.754      ;
; 3.533  ; loaddlytim[3] ; loaddlytim[5] ; clk4         ; clk4        ; 0.000        ; 0.000      ; 3.754      ;
; 3.533  ; loaddlytim[3] ; loaddlytim[6] ; clk4         ; clk4        ; 0.000        ; 0.000      ; 3.754      ;
; 3.547  ; loaddlytim[1] ; loaddlytim[4] ; clk4         ; clk4        ; 0.000        ; 0.000      ; 3.768      ;
; 3.547  ; loaddlytim[1] ; loaddlytim[5] ; clk4         ; clk4        ; 0.000        ; 0.000      ; 3.768      ;
; 3.547  ; loaddlytim[1] ; loaddlytim[6] ; clk4         ; clk4        ; 0.000        ; 0.000      ; 3.768      ;
; 3.561  ; loaddlytim[1] ; SRLoad        ; clk4         ; clk4        ; 0.000        ; 0.000      ; 3.782      ;
; 3.563  ; vDiv[7]       ; vDiv[10]      ; clk4         ; clk4        ; 0.000        ; 0.000      ; 3.784      ;
; 3.567  ; vDiv[10]      ; vSyncOut      ; clk4         ; clk4        ; 0.000        ; 0.000      ; 3.788      ;
+--------+---------------+---------------+--------------+-------------+--------------+------------+------------+


+-------------------------------------------------------------------------------------------------------------------------------------+
; Hold: 'hDiv[0]'                                                                                                                     ;
+-------+---------------------------+---------------------------+--------------+-------------+--------------+------------+------------+
; Slack ; From Node                 ; To Node                   ; Launch Clock ; Latch Clock ; Relationship ; Clock Skew ; Data Delay ;
+-------+---------------------------+---------------------------+--------------+-------------+--------------+------------+------------+
; 0.280 ; SRLoad                    ; CD4014:SR|dff1:FF4|Q~reg0 ; clk4         ; hDiv[0]     ; 0.000        ; 1.496      ; 1.997      ;
; 0.281 ; SRLoad                    ; CD4014:SR|dff1:FF3|Q~reg0 ; clk4         ; hDiv[0]     ; 0.000        ; 1.496      ; 1.998      ;
; 0.281 ; SRLoad                    ; CD4014:SR|dff1:FF5|Q~reg0 ; clk4         ; hDiv[0]     ; 0.000        ; 1.496      ; 1.998      ;
; 0.281 ; SRLoad                    ; CD4014:SR|dff1:FF7|Q~reg0 ; clk4         ; hDiv[0]     ; 0.000        ; 1.496      ; 1.998      ;
; 0.286 ; SRLoad                    ; CD4014:SR|dff1:FF6|Q~reg0 ; clk4         ; hDiv[0]     ; 0.000        ; 1.496      ; 2.003      ;
; 0.288 ; SRLoad                    ; CD4014:SR|dff1:FF0|Q~reg0 ; clk4         ; hDiv[0]     ; 0.000        ; 1.496      ; 2.005      ;
; 0.289 ; SRLoad                    ; CD4014:SR|dff1:FF2|Q~reg0 ; clk4         ; hDiv[0]     ; 0.000        ; 1.496      ; 2.006      ;
; 0.290 ; SRLoad                    ; CD4014:SR|dff1:FF1|Q~reg0 ; clk4         ; hDiv[0]     ; 0.000        ; 1.496      ; 2.007      ;
; 1.909 ; CD4014:SR|dff1:FF1|Q~reg0 ; CD4014:SR|dff1:FF2|Q~reg0 ; hDiv[0]      ; hDiv[0]     ; 0.000        ; 0.000      ; 2.130      ;
; 1.909 ; CD4014:SR|dff1:FF4|Q~reg0 ; CD4014:SR|dff1:FF5|Q~reg0 ; hDiv[0]      ; hDiv[0]     ; 0.000        ; 0.000      ; 2.130      ;
; 1.919 ; CD4014:SR|dff1:FF3|Q~reg0 ; CD4014:SR|dff1:FF4|Q~reg0 ; hDiv[0]      ; hDiv[0]     ; 0.000        ; 0.000      ; 2.140      ;
; 1.921 ; CD4014:SR|dff1:FF6|Q~reg0 ; CD4014:SR|dff1:FF7|Q~reg0 ; hDiv[0]      ; hDiv[0]     ; 0.000        ; 0.000      ; 2.142      ;
; 1.923 ; CD4014:SR|dff1:FF5|Q~reg0 ; CD4014:SR|dff1:FF6|Q~reg0 ; hDiv[0]      ; hDiv[0]     ; 0.000        ; 0.000      ; 2.144      ;
; 2.118 ; CD4014:SR|dff1:FF0|Q~reg0 ; CD4014:SR|dff1:FF1|Q~reg0 ; hDiv[0]      ; hDiv[0]     ; 0.000        ; 0.000      ; 2.339      ;
; 2.124 ; CD4014:SR|dff1:FF2|Q~reg0 ; CD4014:SR|dff1:FF3|Q~reg0 ; hDiv[0]      ; hDiv[0]     ; 0.000        ; 0.000      ; 2.345      ;
+-------+---------------------------+---------------------------+--------------+-------------+--------------+------------+------------+


+----------------------------------------------------------------------------------------------------+
; Minimum Pulse Width: 'clk4'                                                                        ;
+--------+--------------+----------------+------------------+-------+------------+-------------------+
; Slack  ; Actual Width ; Required Width ; Type             ; Clock ; Clock Edge ; Target            ;
+--------+--------------+----------------+------------------+-------+------------+-------------------+
; -2.289 ; 1.000        ; 3.289          ; Port Rate        ; clk4  ; Rise       ; clk4              ;
; 0.234  ; 0.500        ; 0.266          ; High Pulse Width ; clk4  ; Fall       ; SRLoad            ;
; 0.234  ; 0.500        ; 0.266          ; Low Pulse Width  ; clk4  ; Fall       ; SRLoad            ;
; 0.234  ; 0.500        ; 0.266          ; High Pulse Width ; clk4  ; Fall       ; hDiv[0]           ;
; 0.234  ; 0.500        ; 0.266          ; Low Pulse Width  ; clk4  ; Fall       ; hDiv[0]           ;
; 0.234  ; 0.500        ; 0.266          ; High Pulse Width ; clk4  ; Fall       ; hDiv[1]           ;
; 0.234  ; 0.500        ; 0.266          ; Low Pulse Width  ; clk4  ; Fall       ; hDiv[1]           ;
; 0.234  ; 0.500        ; 0.266          ; High Pulse Width ; clk4  ; Fall       ; hDiv[2]           ;
; 0.234  ; 0.500        ; 0.266          ; Low Pulse Width  ; clk4  ; Fall       ; hDiv[2]           ;
; 0.234  ; 0.500        ; 0.266          ; High Pulse Width ; clk4  ; Fall       ; hDiv[3]           ;
; 0.234  ; 0.500        ; 0.266          ; Low Pulse Width  ; clk4  ; Fall       ; hDiv[3]           ;
; 0.234  ; 0.500        ; 0.266          ; High Pulse Width ; clk4  ; Fall       ; hDiv[4]           ;
; 0.234  ; 0.500        ; 0.266          ; Low Pulse Width  ; clk4  ; Fall       ; hDiv[4]           ;
; 0.234  ; 0.500        ; 0.266          ; High Pulse Width ; clk4  ; Fall       ; hDiv[5]           ;
; 0.234  ; 0.500        ; 0.266          ; Low Pulse Width  ; clk4  ; Fall       ; hDiv[5]           ;
; 0.234  ; 0.500        ; 0.266          ; High Pulse Width ; clk4  ; Fall       ; hDiv[6]           ;
; 0.234  ; 0.500        ; 0.266          ; Low Pulse Width  ; clk4  ; Fall       ; hDiv[6]           ;
; 0.234  ; 0.500        ; 0.266          ; High Pulse Width ; clk4  ; Fall       ; hDiv[7]           ;
; 0.234  ; 0.500        ; 0.266          ; Low Pulse Width  ; clk4  ; Fall       ; hDiv[7]           ;
; 0.234  ; 0.500        ; 0.266          ; High Pulse Width ; clk4  ; Fall       ; loaddlytim[0]     ;
; 0.234  ; 0.500        ; 0.266          ; Low Pulse Width  ; clk4  ; Fall       ; loaddlytim[0]     ;
; 0.234  ; 0.500        ; 0.266          ; High Pulse Width ; clk4  ; Fall       ; loaddlytim[1]     ;
; 0.234  ; 0.500        ; 0.266          ; Low Pulse Width  ; clk4  ; Fall       ; loaddlytim[1]     ;
; 0.234  ; 0.500        ; 0.266          ; High Pulse Width ; clk4  ; Fall       ; loaddlytim[2]     ;
; 0.234  ; 0.500        ; 0.266          ; Low Pulse Width  ; clk4  ; Fall       ; loaddlytim[2]     ;
; 0.234  ; 0.500        ; 0.266          ; High Pulse Width ; clk4  ; Fall       ; loaddlytim[3]     ;
; 0.234  ; 0.500        ; 0.266          ; Low Pulse Width  ; clk4  ; Fall       ; loaddlytim[3]     ;
; 0.234  ; 0.500        ; 0.266          ; High Pulse Width ; clk4  ; Fall       ; loaddlytim[4]     ;
; 0.234  ; 0.500        ; 0.266          ; Low Pulse Width  ; clk4  ; Fall       ; loaddlytim[4]     ;
; 0.234  ; 0.500        ; 0.266          ; High Pulse Width ; clk4  ; Fall       ; loaddlytim[5]     ;
; 0.234  ; 0.500        ; 0.266          ; Low Pulse Width  ; clk4  ; Fall       ; loaddlytim[5]     ;
; 0.234  ; 0.500        ; 0.266          ; High Pulse Width ; clk4  ; Fall       ; loaddlytim[6]     ;
; 0.234  ; 0.500        ; 0.266          ; Low Pulse Width  ; clk4  ; Fall       ; loaddlytim[6]     ;
; 0.234  ; 0.500        ; 0.266          ; High Pulse Width ; clk4  ; Rise       ; vCntEn            ;
; 0.234  ; 0.500        ; 0.266          ; Low Pulse Width  ; clk4  ; Rise       ; vCntEn            ;
; 0.234  ; 0.500        ; 0.266          ; High Pulse Width ; clk4  ; Rise       ; vDiv[0]           ;
; 0.234  ; 0.500        ; 0.266          ; Low Pulse Width  ; clk4  ; Rise       ; vDiv[0]           ;
; 0.234  ; 0.500        ; 0.266          ; High Pulse Width ; clk4  ; Rise       ; vDiv[10]          ;
; 0.234  ; 0.500        ; 0.266          ; Low Pulse Width  ; clk4  ; Rise       ; vDiv[10]          ;
; 0.234  ; 0.500        ; 0.266          ; High Pulse Width ; clk4  ; Rise       ; vDiv[1]           ;
; 0.234  ; 0.500        ; 0.266          ; Low Pulse Width  ; clk4  ; Rise       ; vDiv[1]           ;
; 0.234  ; 0.500        ; 0.266          ; High Pulse Width ; clk4  ; Rise       ; vDiv[2]           ;
; 0.234  ; 0.500        ; 0.266          ; Low Pulse Width  ; clk4  ; Rise       ; vDiv[2]           ;
; 0.234  ; 0.500        ; 0.266          ; High Pulse Width ; clk4  ; Rise       ; vDiv[3]           ;
; 0.234  ; 0.500        ; 0.266          ; Low Pulse Width  ; clk4  ; Rise       ; vDiv[3]           ;
; 0.234  ; 0.500        ; 0.266          ; High Pulse Width ; clk4  ; Rise       ; vDiv[4]           ;
; 0.234  ; 0.500        ; 0.266          ; Low Pulse Width  ; clk4  ; Rise       ; vDiv[4]           ;
; 0.234  ; 0.500        ; 0.266          ; High Pulse Width ; clk4  ; Rise       ; vDiv[5]           ;
; 0.234  ; 0.500        ; 0.266          ; Low Pulse Width  ; clk4  ; Rise       ; vDiv[5]           ;
; 0.234  ; 0.500        ; 0.266          ; High Pulse Width ; clk4  ; Rise       ; vDiv[6]           ;
; 0.234  ; 0.500        ; 0.266          ; Low Pulse Width  ; clk4  ; Rise       ; vDiv[6]           ;
; 0.234  ; 0.500        ; 0.266          ; High Pulse Width ; clk4  ; Rise       ; vDiv[7]           ;
; 0.234  ; 0.500        ; 0.266          ; Low Pulse Width  ; clk4  ; Rise       ; vDiv[7]           ;
; 0.234  ; 0.500        ; 0.266          ; High Pulse Width ; clk4  ; Rise       ; vDiv[8]           ;
; 0.234  ; 0.500        ; 0.266          ; Low Pulse Width  ; clk4  ; Rise       ; vDiv[8]           ;
; 0.234  ; 0.500        ; 0.266          ; High Pulse Width ; clk4  ; Rise       ; vDiv[9]           ;
; 0.234  ; 0.500        ; 0.266          ; Low Pulse Width  ; clk4  ; Rise       ; vDiv[9]           ;
; 0.234  ; 0.500        ; 0.266          ; High Pulse Width ; clk4  ; Rise       ; vSyncOut          ;
; 0.234  ; 0.500        ; 0.266          ; Low Pulse Width  ; clk4  ; Rise       ; vSyncOut          ;
; 0.500  ; 0.500        ; 0.000          ; High Pulse Width ; clk4  ; Rise       ; SRLoad|clk        ;
; 0.500  ; 0.500        ; 0.000          ; Low Pulse Width  ; clk4  ; Rise       ; SRLoad|clk        ;
; 0.500  ; 0.500        ; 0.000          ; High Pulse Width ; clk4  ; Rise       ; clk4|combout      ;
; 0.500  ; 0.500        ; 0.000          ; Low Pulse Width  ; clk4  ; Rise       ; clk4|combout      ;
; 0.500  ; 0.500        ; 0.000          ; High Pulse Width ; clk4  ; Rise       ; hDiv[0]|clk       ;
; 0.500  ; 0.500        ; 0.000          ; Low Pulse Width  ; clk4  ; Rise       ; hDiv[0]|clk       ;
; 0.500  ; 0.500        ; 0.000          ; High Pulse Width ; clk4  ; Rise       ; hDiv[1]|clk       ;
; 0.500  ; 0.500        ; 0.000          ; Low Pulse Width  ; clk4  ; Rise       ; hDiv[1]|clk       ;
; 0.500  ; 0.500        ; 0.000          ; High Pulse Width ; clk4  ; Rise       ; hDiv[2]|clk       ;
; 0.500  ; 0.500        ; 0.000          ; Low Pulse Width  ; clk4  ; Rise       ; hDiv[2]|clk       ;
; 0.500  ; 0.500        ; 0.000          ; High Pulse Width ; clk4  ; Rise       ; hDiv[3]|clk       ;
; 0.500  ; 0.500        ; 0.000          ; Low Pulse Width  ; clk4  ; Rise       ; hDiv[3]|clk       ;
; 0.500  ; 0.500        ; 0.000          ; High Pulse Width ; clk4  ; Rise       ; hDiv[4]|clk       ;
; 0.500  ; 0.500        ; 0.000          ; Low Pulse Width  ; clk4  ; Rise       ; hDiv[4]|clk       ;
; 0.500  ; 0.500        ; 0.000          ; High Pulse Width ; clk4  ; Rise       ; hDiv[5]|clk       ;
; 0.500  ; 0.500        ; 0.000          ; Low Pulse Width  ; clk4  ; Rise       ; hDiv[5]|clk       ;
; 0.500  ; 0.500        ; 0.000          ; High Pulse Width ; clk4  ; Rise       ; hDiv[6]|clk       ;
; 0.500  ; 0.500        ; 0.000          ; Low Pulse Width  ; clk4  ; Rise       ; hDiv[6]|clk       ;
; 0.500  ; 0.500        ; 0.000          ; High Pulse Width ; clk4  ; Rise       ; hDiv[7]|clk       ;
; 0.500  ; 0.500        ; 0.000          ; Low Pulse Width  ; clk4  ; Rise       ; hDiv[7]|clk       ;
; 0.500  ; 0.500        ; 0.000          ; High Pulse Width ; clk4  ; Rise       ; loaddlytim[0]|clk ;
; 0.500  ; 0.500        ; 0.000          ; Low Pulse Width  ; clk4  ; Rise       ; loaddlytim[0]|clk ;
; 0.500  ; 0.500        ; 0.000          ; High Pulse Width ; clk4  ; Rise       ; loaddlytim[1]|clk ;
; 0.500  ; 0.500        ; 0.000          ; Low Pulse Width  ; clk4  ; Rise       ; loaddlytim[1]|clk ;
; 0.500  ; 0.500        ; 0.000          ; High Pulse Width ; clk4  ; Rise       ; loaddlytim[2]|clk ;
; 0.500  ; 0.500        ; 0.000          ; Low Pulse Width  ; clk4  ; Rise       ; loaddlytim[2]|clk ;
; 0.500  ; 0.500        ; 0.000          ; High Pulse Width ; clk4  ; Rise       ; loaddlytim[3]|clk ;
; 0.500  ; 0.500        ; 0.000          ; Low Pulse Width  ; clk4  ; Rise       ; loaddlytim[3]|clk ;
; 0.500  ; 0.500        ; 0.000          ; High Pulse Width ; clk4  ; Rise       ; loaddlytim[4]|clk ;
; 0.500  ; 0.500        ; 0.000          ; Low Pulse Width  ; clk4  ; Rise       ; loaddlytim[4]|clk ;
; 0.500  ; 0.500        ; 0.000          ; High Pulse Width ; clk4  ; Rise       ; loaddlytim[5]|clk ;
; 0.500  ; 0.500        ; 0.000          ; Low Pulse Width  ; clk4  ; Rise       ; loaddlytim[5]|clk ;
; 0.500  ; 0.500        ; 0.000          ; High Pulse Width ; clk4  ; Rise       ; loaddlytim[6]|clk ;
; 0.500  ; 0.500        ; 0.000          ; Low Pulse Width  ; clk4  ; Rise       ; loaddlytim[6]|clk ;
; 0.500  ; 0.500        ; 0.000          ; High Pulse Width ; clk4  ; Rise       ; vCntEn|clk        ;
; 0.500  ; 0.500        ; 0.000          ; Low Pulse Width  ; clk4  ; Rise       ; vCntEn|clk        ;
; 0.500  ; 0.500        ; 0.000          ; High Pulse Width ; clk4  ; Rise       ; vDiv[0]|clk       ;
; 0.500  ; 0.500        ; 0.000          ; Low Pulse Width  ; clk4  ; Rise       ; vDiv[0]|clk       ;
; 0.500  ; 0.500        ; 0.000          ; High Pulse Width ; clk4  ; Rise       ; vDiv[10]|clk      ;
; 0.500  ; 0.500        ; 0.000          ; Low Pulse Width  ; clk4  ; Rise       ; vDiv[10]|clk      ;
; 0.500  ; 0.500        ; 0.000          ; High Pulse Width ; clk4  ; Rise       ; vDiv[1]|clk       ;
+--------+--------------+----------------+------------------+-------+------------+-------------------+


+-------------------------------------------------------------------------------------------------------------+
; Minimum Pulse Width: 'hDiv[0]'                                                                              ;
+-------+--------------+----------------+------------------+---------+------------+---------------------------+
; Slack ; Actual Width ; Required Width ; Type             ; Clock   ; Clock Edge ; Target                    ;
+-------+--------------+----------------+------------------+---------+------------+---------------------------+
; 0.234 ; 0.500        ; 0.266          ; High Pulse Width ; hDiv[0] ; Fall       ; CD4014:SR|dff1:FF0|Q~reg0 ;
; 0.234 ; 0.500        ; 0.266          ; Low Pulse Width  ; hDiv[0] ; Fall       ; CD4014:SR|dff1:FF0|Q~reg0 ;
; 0.234 ; 0.500        ; 0.266          ; High Pulse Width ; hDiv[0] ; Fall       ; CD4014:SR|dff1:FF1|Q~reg0 ;
; 0.234 ; 0.500        ; 0.266          ; Low Pulse Width  ; hDiv[0] ; Fall       ; CD4014:SR|dff1:FF1|Q~reg0 ;
; 0.234 ; 0.500        ; 0.266          ; High Pulse Width ; hDiv[0] ; Fall       ; CD4014:SR|dff1:FF2|Q~reg0 ;
; 0.234 ; 0.500        ; 0.266          ; Low Pulse Width  ; hDiv[0] ; Fall       ; CD4014:SR|dff1:FF2|Q~reg0 ;
; 0.234 ; 0.500        ; 0.266          ; High Pulse Width ; hDiv[0] ; Fall       ; CD4014:SR|dff1:FF3|Q~reg0 ;
; 0.234 ; 0.500        ; 0.266          ; Low Pulse Width  ; hDiv[0] ; Fall       ; CD4014:SR|dff1:FF3|Q~reg0 ;
; 0.234 ; 0.500        ; 0.266          ; High Pulse Width ; hDiv[0] ; Fall       ; CD4014:SR|dff1:FF4|Q~reg0 ;
; 0.234 ; 0.500        ; 0.266          ; Low Pulse Width  ; hDiv[0] ; Fall       ; CD4014:SR|dff1:FF4|Q~reg0 ;
; 0.234 ; 0.500        ; 0.266          ; High Pulse Width ; hDiv[0] ; Fall       ; CD4014:SR|dff1:FF5|Q~reg0 ;
; 0.234 ; 0.500        ; 0.266          ; Low Pulse Width  ; hDiv[0] ; Fall       ; CD4014:SR|dff1:FF5|Q~reg0 ;
; 0.234 ; 0.500        ; 0.266          ; High Pulse Width ; hDiv[0] ; Fall       ; CD4014:SR|dff1:FF6|Q~reg0 ;
; 0.234 ; 0.500        ; 0.266          ; Low Pulse Width  ; hDiv[0] ; Fall       ; CD4014:SR|dff1:FF6|Q~reg0 ;
; 0.234 ; 0.500        ; 0.266          ; High Pulse Width ; hDiv[0] ; Fall       ; CD4014:SR|dff1:FF7|Q~reg0 ;
; 0.234 ; 0.500        ; 0.266          ; Low Pulse Width  ; hDiv[0] ; Fall       ; CD4014:SR|dff1:FF7|Q~reg0 ;
; 0.500 ; 0.500        ; 0.000          ; High Pulse Width ; hDiv[0] ; Rise       ; SR|FF0|Q~reg0|clk         ;
; 0.500 ; 0.500        ; 0.000          ; Low Pulse Width  ; hDiv[0] ; Rise       ; SR|FF0|Q~reg0|clk         ;
; 0.500 ; 0.500        ; 0.000          ; High Pulse Width ; hDiv[0] ; Rise       ; SR|FF1|Q~reg0|clk         ;
; 0.500 ; 0.500        ; 0.000          ; Low Pulse Width  ; hDiv[0] ; Rise       ; SR|FF1|Q~reg0|clk         ;
; 0.500 ; 0.500        ; 0.000          ; High Pulse Width ; hDiv[0] ; Rise       ; SR|FF2|Q~reg0|clk         ;
; 0.500 ; 0.500        ; 0.000          ; Low Pulse Width  ; hDiv[0] ; Rise       ; SR|FF2|Q~reg0|clk         ;
; 0.500 ; 0.500        ; 0.000          ; High Pulse Width ; hDiv[0] ; Rise       ; SR|FF3|Q~reg0|clk         ;
; 0.500 ; 0.500        ; 0.000          ; Low Pulse Width  ; hDiv[0] ; Rise       ; SR|FF3|Q~reg0|clk         ;
; 0.500 ; 0.500        ; 0.000          ; High Pulse Width ; hDiv[0] ; Rise       ; SR|FF4|Q~reg0|clk         ;
; 0.500 ; 0.500        ; 0.000          ; Low Pulse Width  ; hDiv[0] ; Rise       ; SR|FF4|Q~reg0|clk         ;
; 0.500 ; 0.500        ; 0.000          ; High Pulse Width ; hDiv[0] ; Rise       ; SR|FF5|Q~reg0|clk         ;
; 0.500 ; 0.500        ; 0.000          ; Low Pulse Width  ; hDiv[0] ; Rise       ; SR|FF5|Q~reg0|clk         ;
; 0.500 ; 0.500        ; 0.000          ; High Pulse Width ; hDiv[0] ; Rise       ; SR|FF6|Q~reg0|clk         ;
; 0.500 ; 0.500        ; 0.000          ; Low Pulse Width  ; hDiv[0] ; Rise       ; SR|FF6|Q~reg0|clk         ;
; 0.500 ; 0.500        ; 0.000          ; High Pulse Width ; hDiv[0] ; Rise       ; SR|FF7|Q~reg0|clk         ;
; 0.500 ; 0.500        ; 0.000          ; Low Pulse Width  ; hDiv[0] ; Rise       ; SR|FF7|Q~reg0|clk         ;
; 0.500 ; 0.500        ; 0.000          ; High Pulse Width ; hDiv[0] ; Rise       ; hDiv[0]|regout            ;
; 0.500 ; 0.500        ; 0.000          ; Low Pulse Width  ; hDiv[0] ; Rise       ; hDiv[0]|regout            ;
+-------+--------------+----------------+------------------+---------+------------+---------------------------+


+-----------------------------------------------------------------------+
; Setup Times                                                           ;
+-----------+------------+-------+-------+------------+-----------------+
; Data Port ; Clock Port ; Rise  ; Fall  ; Clock Edge ; Clock Reference ;
+-----------+------------+-------+-------+------------+-----------------+
; D_in[*]   ; hDiv[0]    ; 2.028 ; 2.028 ; Fall       ; hDiv[0]         ;
;  D_in[0]  ; hDiv[0]    ; 1.669 ; 1.669 ; Fall       ; hDiv[0]         ;
;  D_in[1]  ; hDiv[0]    ; 2.028 ; 2.028 ; Fall       ; hDiv[0]         ;
;  D_in[2]  ; hDiv[0]    ; 1.707 ; 1.707 ; Fall       ; hDiv[0]         ;
;  D_in[3]  ; hDiv[0]    ; 1.988 ; 1.988 ; Fall       ; hDiv[0]         ;
;  D_in[4]  ; hDiv[0]    ; 1.876 ; 1.876 ; Fall       ; hDiv[0]         ;
;  D_in[5]  ; hDiv[0]    ; 1.912 ; 1.912 ; Fall       ; hDiv[0]         ;
;  D_in[6]  ; hDiv[0]    ; 1.691 ; 1.691 ; Fall       ; hDiv[0]         ;
;  D_in[7]  ; hDiv[0]    ; 2.004 ; 2.004 ; Fall       ; hDiv[0]         ;
+-----------+------------+-------+-------+------------+-----------------+


+-------------------------------------------------------------------------+
; Hold Times                                                              ;
+-----------+------------+--------+--------+------------+-----------------+
; Data Port ; Clock Port ; Rise   ; Fall   ; Clock Edge ; Clock Reference ;
+-----------+------------+--------+--------+------------+-----------------+
; D_in[*]   ; hDiv[0]    ; -1.115 ; -1.115 ; Fall       ; hDiv[0]         ;
;  D_in[0]  ; hDiv[0]    ; -1.115 ; -1.115 ; Fall       ; hDiv[0]         ;
;  D_in[1]  ; hDiv[0]    ; -1.474 ; -1.474 ; Fall       ; hDiv[0]         ;
;  D_in[2]  ; hDiv[0]    ; -1.153 ; -1.153 ; Fall       ; hDiv[0]         ;
;  D_in[3]  ; hDiv[0]    ; -1.434 ; -1.434 ; Fall       ; hDiv[0]         ;
;  D_in[4]  ; hDiv[0]    ; -1.322 ; -1.322 ; Fall       ; hDiv[0]         ;
;  D_in[5]  ; hDiv[0]    ; -1.358 ; -1.358 ; Fall       ; hDiv[0]         ;
;  D_in[6]  ; hDiv[0]    ; -1.137 ; -1.137 ; Fall       ; hDiv[0]         ;
;  D_in[7]  ; hDiv[0]    ; -1.450 ; -1.450 ; Fall       ; hDiv[0]         ;
+-----------+------------+--------+--------+------------+-----------------+


+-------------------------------------------------------------------------+
; Clock to Output Times                                                   ;
+-----------+------------+--------+--------+------------+-----------------+
; Data Port ; Clock Port ; Rise   ; Fall   ; Clock Edge ; Clock Reference ;
+-----------+------------+--------+--------+------------+-----------------+
; A[*]      ; clk4       ; 8.700  ; 8.700  ; Rise       ; clk4            ;
;  A[3]     ; clk4       ; 8.010  ; 8.010  ; Rise       ; clk4            ;
;  A[4]     ; clk4       ; 8.614  ; 8.614  ; Rise       ; clk4            ;
;  A[5]     ; clk4       ; 8.700  ; 8.700  ; Rise       ; clk4            ;
;  A[6]     ; clk4       ; 8.008  ; 8.008  ; Rise       ; clk4            ;
;  A[7]     ; clk4       ; 8.000  ; 8.000  ; Rise       ; clk4            ;
; nHALT     ; clk4       ; 10.523 ; 10.523 ; Rise       ; clk4            ;
; pin_1     ; clk4       ; 10.658 ; 10.658 ; Rise       ; clk4            ;
; pin_2     ; clk4       ; 8.688  ; 8.688  ; Rise       ; clk4            ;
; pin_5     ; clk4       ; 12.484 ; 12.484 ; Rise       ; clk4            ;
; pin_6     ; clk4       ; 8.119  ; 8.119  ; Rise       ; clk4            ;
; pin_7     ; clk4       ; 8.065  ; 8.065  ; Rise       ; clk4            ;
; A[*]      ; clk4       ; 8.728  ; 8.728  ; Fall       ; clk4            ;
;  A[0]     ; clk4       ; 8.604  ; 8.604  ; Fall       ; clk4            ;
;  A[1]     ; clk4       ; 8.708  ; 8.708  ; Fall       ; clk4            ;
;  A[2]     ; clk4       ; 8.728  ; 8.728  ; Fall       ; clk4            ;
; pin_3     ; clk4       ; 9.303  ; 9.303  ; Fall       ; clk4            ;
; pin_4     ; clk4       ; 10.699 ; 10.699 ; Fall       ; clk4            ;
; pin_5     ; clk4       ; 11.421 ; 11.421 ; Fall       ; clk4            ;
; pin_8     ; clk4       ; 8.728  ; 8.728  ; Fall       ; clk4            ;
; pin_53    ; clk4       ; 8.746  ; 8.746  ; Fall       ; clk4            ;
; pin_5     ; hDiv[0]    ; 11.966 ; 11.966 ; Fall       ; hDiv[0]         ;
+-----------+------------+--------+--------+------------+-----------------+


+-------------------------------------------------------------------------+
; Minimum Clock to Output Times                                           ;
+-----------+------------+--------+--------+------------+-----------------+
; Data Port ; Clock Port ; Rise   ; Fall   ; Clock Edge ; Clock Reference ;
+-----------+------------+--------+--------+------------+-----------------+
; A[*]      ; clk4       ; 8.000  ; 8.000  ; Rise       ; clk4            ;
;  A[3]     ; clk4       ; 8.010  ; 8.010  ; Rise       ; clk4            ;
;  A[4]     ; clk4       ; 8.614  ; 8.614  ; Rise       ; clk4            ;
;  A[5]     ; clk4       ; 8.700  ; 8.700  ; Rise       ; clk4            ;
;  A[6]     ; clk4       ; 8.008  ; 8.008  ; Rise       ; clk4            ;
;  A[7]     ; clk4       ; 8.000  ; 8.000  ; Rise       ; clk4            ;
; nHALT     ; clk4       ; 10.338 ; 10.338 ; Rise       ; clk4            ;
; pin_1     ; clk4       ; 10.473 ; 10.473 ; Rise       ; clk4            ;
; pin_2     ; clk4       ; 8.688  ; 8.688  ; Rise       ; clk4            ;
; pin_5     ; clk4       ; 12.299 ; 12.299 ; Rise       ; clk4            ;
; pin_6     ; clk4       ; 8.119  ; 8.119  ; Rise       ; clk4            ;
; pin_7     ; clk4       ; 8.065  ; 8.065  ; Rise       ; clk4            ;
; A[*]      ; clk4       ; 8.604  ; 8.604  ; Fall       ; clk4            ;
;  A[0]     ; clk4       ; 8.604  ; 8.604  ; Fall       ; clk4            ;
;  A[1]     ; clk4       ; 8.708  ; 8.708  ; Fall       ; clk4            ;
;  A[2]     ; clk4       ; 8.728  ; 8.728  ; Fall       ; clk4            ;
; pin_3     ; clk4       ; 9.303  ; 9.303  ; Fall       ; clk4            ;
; pin_4     ; clk4       ; 10.375 ; 10.375 ; Fall       ; clk4            ;
; pin_5     ; clk4       ; 11.421 ; 11.421 ; Fall       ; clk4            ;
; pin_8     ; clk4       ; 8.728  ; 8.728  ; Fall       ; clk4            ;
; pin_53    ; clk4       ; 8.746  ; 8.746  ; Fall       ; clk4            ;
; pin_5     ; hDiv[0]    ; 11.966 ; 11.966 ; Fall       ; hDiv[0]         ;
+-----------+------------+--------+--------+------------+-----------------+


+------------------------------------------------------+
; Propagation Delay                                    ;
+------------+-------------+--------+----+----+--------+
; Input Port ; Output Port ; RR     ; RF ; FR ; FF     ;
+------------+-------------+--------+----+----+--------+
; BA         ; A[0]        ; 7.443  ;    ;    ; 7.443  ;
; BA         ; A[1]        ; 7.443  ;    ;    ; 7.443  ;
; BA         ; A[2]        ; 7.443  ;    ;    ; 7.443  ;
; BA         ; A[3]        ; 7.443  ;    ;    ; 7.443  ;
; BA         ; A[4]        ; 7.455  ;    ;    ; 7.455  ;
; BA         ; A[5]        ; 7.443  ;    ;    ; 7.443  ;
; BA         ; A[6]        ; 7.455  ;    ;    ; 7.455  ;
; BA         ; A[7]        ; 7.455  ;    ;    ; 7.455  ;
; BA         ; A[8]        ; 7.455  ;    ;    ; 7.455  ;
; BA         ; A[9]        ; 8.601  ;    ;    ; 8.601  ;
; BA         ; A[10]       ; 8.601  ;    ;    ; 8.601  ;
; BA         ; A[11]       ; 8.601  ;    ;    ; 8.601  ;
; BA         ; A[12]       ; 8.596  ;    ;    ; 8.596  ;
; BA         ; A[13]       ; 8.596  ;    ;    ; 8.596  ;
; BA         ; A[14]       ; 8.596  ;    ;    ; 8.596  ;
; BA         ; A[15]       ; 8.596  ;    ;    ; 8.596  ;
; DMAEN      ; nHALT       ; 10.738 ;    ;    ; 10.738 ;
; DMAEN      ; pin_1       ; 10.873 ;    ;    ; 10.873 ;
; DMAEN      ; pin_5       ; 12.699 ;    ;    ; 12.699 ;
+------------+-------------+--------+----+----+--------+


+------------------------------------------------------+
; Minimum Propagation Delay                            ;
+------------+-------------+--------+----+----+--------+
; Input Port ; Output Port ; RR     ; RF ; FR ; FF     ;
+------------+-------------+--------+----+----+--------+
; BA         ; A[0]        ; 7.443  ;    ;    ; 7.443  ;
; BA         ; A[1]        ; 7.443  ;    ;    ; 7.443  ;
; BA         ; A[2]        ; 7.443  ;    ;    ; 7.443  ;
; BA         ; A[3]        ; 7.443  ;    ;    ; 7.443  ;
; BA         ; A[4]        ; 7.455  ;    ;    ; 7.455  ;
; BA         ; A[5]        ; 7.443  ;    ;    ; 7.443  ;
; BA         ; A[6]        ; 7.455  ;    ;    ; 7.455  ;
; BA         ; A[7]        ; 7.455  ;    ;    ; 7.455  ;
; BA         ; A[8]        ; 7.455  ;    ;    ; 7.455  ;
; BA         ; A[9]        ; 8.601  ;    ;    ; 8.601  ;
; BA         ; A[10]       ; 8.601  ;    ;    ; 8.601  ;
; BA         ; A[11]       ; 8.601  ;    ;    ; 8.601  ;
; BA         ; A[12]       ; 8.596  ;    ;    ; 8.596  ;
; BA         ; A[13]       ; 8.596  ;    ;    ; 8.596  ;
; BA         ; A[14]       ; 8.596  ;    ;    ; 8.596  ;
; BA         ; A[15]       ; 8.596  ;    ;    ; 8.596  ;
; DMAEN      ; nHALT       ; 10.738 ;    ;    ; 10.738 ;
; DMAEN      ; pin_1       ; 10.873 ;    ;    ; 10.873 ;
; DMAEN      ; pin_5       ; 12.699 ;    ;    ; 12.699 ;
+------------+-------------+--------+----+----+--------+


+-------------------------------------------------------------------+
; Setup Transfers                                                   ;
+------------+----------+----------+----------+----------+----------+
; From Clock ; To Clock ; RR Paths ; FR Paths ; RF Paths ; FF Paths ;
+------------+----------+----------+----------+----------+----------+
; clk4       ; clk4     ; 269      ; 52       ; 0        ; 108      ;
; hDiv[0]    ; clk4     ; 0        ; 0        ; 14       ; 14       ;
; clk4       ; hDiv[0]  ; 0        ; 0        ; 0        ; 8        ;
; hDiv[0]    ; hDiv[0]  ; 0        ; 0        ; 0        ; 7        ;
+------------+----------+----------+----------+----------+----------+
Entries labeled "false path" only account for clock-to-clock false paths and not path-based false paths. As a result, actual path counts may be lower than reported.


+-------------------------------------------------------------------+
; Hold Transfers                                                    ;
+------------+----------+----------+----------+----------+----------+
; From Clock ; To Clock ; RR Paths ; FR Paths ; RF Paths ; FF Paths ;
+------------+----------+----------+----------+----------+----------+
; clk4       ; clk4     ; 269      ; 52       ; 0        ; 108      ;
; hDiv[0]    ; clk4     ; 0        ; 0        ; 14       ; 14       ;
; clk4       ; hDiv[0]  ; 0        ; 0        ; 0        ; 8        ;
; hDiv[0]    ; hDiv[0]  ; 0        ; 0        ; 0        ; 7        ;
+------------+----------+----------+----------+----------+----------+
Entries labeled "false path" only account for clock-to-clock false paths and not path-based false paths. As a result, actual path counts may be lower than reported.


---------------
; Report TCCS ;
---------------
No dedicated SERDES Transmitter circuitry present in device or used in design


---------------
; Report RSKM ;
---------------
No dedicated SERDES Receiver circuitry present in device or used in design


+------------------------------------------------+
; Unconstrained Paths                            ;
+---------------------------------+-------+------+
; Property                        ; Setup ; Hold ;
+---------------------------------+-------+------+
; Illegal Clocks                  ; 0     ; 0    ;
; Unconstrained Clocks            ; 0     ; 0    ;
; Unconstrained Input Ports       ; 10    ; 10   ;
; Unconstrained Input Port Paths  ; 27    ; 27   ;
; Unconstrained Output Ports      ; 26    ; 26   ;
; Unconstrained Output Port Paths ; 45    ; 45   ;
+---------------------------------+-------+------+


+------------------------------------+
; TimeQuest Timing Analyzer Messages ;
+------------------------------------+
Info: *******************************************************************
Info: Running Quartus II 64-Bit TimeQuest Timing Analyzer
    Info: Version 13.0.1 Build 232 06/12/2013 Service Pack 1 SJ Web Edition
    Info: Copyright (C) 1991-2013 Altera Corporation. All rights reserved.
    Info: Your use of Altera Corporation's design tools, logic functions 
    Info: and other software and tools, and its AMPP partner logic 
    Info: functions, and any output files from any of the foregoing 
    Info: (including device programming or simulation files), and any 
    Info: associated documentation or information are expressly subject 
    Info: to the terms and conditions of the Altera Program License 
    Info: Subscription Agreement, Altera MegaCore Function License 
    Info: Agreement, or other applicable license agreement, including, 
    Info: without limitation, that your use is for the sole purpose of 
    Info: programming logic devices manufactured by Altera and sold by 
    Info: Altera or its authorized distributors.  Please refer to the 
    Info: applicable agreement for further details.
    Info: Processing started: Sun Aug 27 13:40:30 2023
Info: Command: quartus_sta dream6800_max2
Info: qsta_default_script.tcl version: #1
Warning (20028): Parallel compilation is not licensed and has been disabled
Info (21077): Low junction temperature is 0 degrees C
Info (21077): High junction temperature is 85 degrees C
Info (306004): Started post-fitting delay annotation
Info (306005): Delay annotation completed successfully
Critical Warning (332012): Synopsys Design Constraints File file not found: 'dream6800_max2.sdc'. A Synopsys Design Constraints File is required by the TimeQuest Timing Analyzer to get proper timing constraints. Without it, the Compiler will not properly optimize the design.
Info (332142): No user constrained base clocks found in the design. Calling "derive_clocks -period 1.0"
Info (332105): Deriving Clocks
    Info (332105): create_clock -period 1.000 -name clk4 clk4
    Info (332105): create_clock -period 1.000 -name hDiv[0] hDiv[0]
Info: Found TIMEQUEST_REPORT_SCRIPT_INCLUDE_DEFAULT_ANALYSIS = ON
Critical Warning (332148): Timing requirements not met
Info (332146): Worst-case setup slack is -6.519
    Info (332119):     Slack End Point TNS Clock 
    Info (332119): ========= ============= =====================
    Info (332119):    -6.519      -136.633 clk4 
    Info (332119):    -1.678       -10.701 hDiv[0] 
Info (332146): Worst-case hold slack is -1.658
    Info (332119):     Slack End Point TNS Clock 
    Info (332119): ========= ============= =====================
    Info (332119):    -1.658        -5.502 clk4 
    Info (332119):     0.280         0.000 hDiv[0] 
Info (332140): No Recovery paths to report
Info (332140): No Removal paths to report
Info (332146): Worst-case minimum pulse width slack is -2.289
    Info (332119):     Slack End Point TNS Clock 
    Info (332119): ========= ============= =====================
    Info (332119):    -2.289        -2.289 clk4 
    Info (332119):     0.234         0.000 hDiv[0] 
Info (332001): The selected device family is not supported by the report_metastability command.
Info (332102): Design is not fully constrained for setup requirements
Info (332102): Design is not fully constrained for hold requirements
Info: Quartus II 64-Bit TimeQuest Timing Analyzer was successful. 0 errors, 3 warnings
    Info: Peak virtual memory: 477 megabytes
    Info: Processing ended: Sun Aug 27 13:40:30 2023
    Info: Elapsed time: 00:00:00
    Info: Total CPU time (on all processors): 00:00:01


